Archive member included to satisfy reference by file (symbol)

/home/shihao/.platformio/packages/toolchain-riscv/bin/../lib/gcc/riscv64-unknown-elf/8.3.0/../../../../riscv64-unknown-elf/lib/rv32imac/ilp32/libstdc++.a(del_op.o)
                              .pio/build/hi5-startup/src/riscv-startup/main.o (operator delete(void*))
/home/shihao/.platformio/packages/toolchain-riscv/bin/../lib/gcc/riscv64-unknown-elf/8.3.0/../../../../riscv64-unknown-elf/lib/rv32imac/ilp32/libc_nano.a(lib_a-clock.o)
                              .pio/build/hi5-startup/src/riscv-startup/main.o (clock)
/home/shihao/.platformio/packages/toolchain-riscv/bin/../lib/gcc/riscv64-unknown-elf/8.3.0/../../../../riscv64-unknown-elf/lib/rv32imac/ilp32/libc_nano.a(lib_a-impure.o)
                              /home/shihao/.platformio/packages/toolchain-riscv/bin/../lib/gcc/riscv64-unknown-elf/8.3.0/../../../../riscv64-unknown-elf/lib/rv32imac/ilp32/libc_nano.a(lib_a-clock.o) (_impure_ptr)
/home/shihao/.platformio/packages/toolchain-riscv/bin/../lib/gcc/riscv64-unknown-elf/8.3.0/../../../../riscv64-unknown-elf/lib/rv32imac/ilp32/libc_nano.a(lib_a-malloc.o)
                              /home/shihao/.platformio/packages/toolchain-riscv/bin/../lib/gcc/riscv64-unknown-elf/8.3.0/../../../../riscv64-unknown-elf/lib/rv32imac/ilp32/libstdc++.a(del_op.o) (free)
/home/shihao/.platformio/packages/toolchain-riscv/bin/../lib/gcc/riscv64-unknown-elf/8.3.0/../../../../riscv64-unknown-elf/lib/rv32imac/ilp32/libc_nano.a(lib_a-memcpy.o)
                              .pio/build/hi5-startup/src/riscv-startup/startup.o (memcpy)
/home/shihao/.platformio/packages/toolchain-riscv/bin/../lib/gcc/riscv64-unknown-elf/8.3.0/../../../../riscv64-unknown-elf/lib/rv32imac/ilp32/libc_nano.a(lib_a-nano-freer.o)
                              /home/shihao/.platformio/packages/toolchain-riscv/bin/../lib/gcc/riscv64-unknown-elf/8.3.0/../../../../riscv64-unknown-elf/lib/rv32imac/ilp32/libc_nano.a(lib_a-malloc.o) (_free_r)
/home/shihao/.platformio/packages/toolchain-riscv/bin/../lib/gcc/riscv64-unknown-elf/8.3.0/../../../../riscv64-unknown-elf/lib/rv32imac/ilp32/libc_nano.a(lib_a-nano-mallocr.o)
                              /home/shihao/.platformio/packages/toolchain-riscv/bin/../lib/gcc/riscv64-unknown-elf/8.3.0/../../../../riscv64-unknown-elf/lib/rv32imac/ilp32/libc_nano.a(lib_a-malloc.o) (_malloc_r)
/home/shihao/.platformio/packages/toolchain-riscv/bin/../lib/gcc/riscv64-unknown-elf/8.3.0/../../../../riscv64-unknown-elf/lib/rv32imac/ilp32/libc_nano.a(lib_a-printf.o)
                              .pio/build/hi5-startup/src/riscv-startup/main.o (printf)
/home/shihao/.platformio/packages/toolchain-riscv/bin/../lib/gcc/riscv64-unknown-elf/8.3.0/../../../../riscv64-unknown-elf/lib/rv32imac/ilp32/libc_nano.a(lib_a-puts.o)
                              .pio/build/hi5-startup/src/riscv-startup/main.o (puts)
/home/shihao/.platformio/packages/toolchain-riscv/bin/../lib/gcc/riscv64-unknown-elf/8.3.0/../../../../riscv64-unknown-elf/lib/rv32imac/ilp32/libc_nano.a(lib_a-sbrkr.o)
                              /home/shihao/.platformio/packages/toolchain-riscv/bin/../lib/gcc/riscv64-unknown-elf/8.3.0/../../../../riscv64-unknown-elf/lib/rv32imac/ilp32/libc_nano.a(lib_a-nano-mallocr.o) (_sbrk_r)
/home/shihao/.platformio/packages/toolchain-riscv/bin/../lib/gcc/riscv64-unknown-elf/8.3.0/../../../../riscv64-unknown-elf/lib/rv32imac/ilp32/libc_nano.a(lib_a-timesr.o)
                              /home/shihao/.platformio/packages/toolchain-riscv/bin/../lib/gcc/riscv64-unknown-elf/8.3.0/../../../../riscv64-unknown-elf/lib/rv32imac/ilp32/libc_nano.a(lib_a-clock.o) (_times_r)
/home/shihao/.platformio/packages/toolchain-riscv/bin/../lib/gcc/riscv64-unknown-elf/8.3.0/../../../../riscv64-unknown-elf/lib/rv32imac/ilp32/libc_nano.a(lib_a-wbuf.o)
                              /home/shihao/.platformio/packages/toolchain-riscv/bin/../lib/gcc/riscv64-unknown-elf/8.3.0/../../../../riscv64-unknown-elf/lib/rv32imac/ilp32/libc_nano.a(lib_a-puts.o) (__swbuf_r)
/home/shihao/.platformio/packages/toolchain-riscv/bin/../lib/gcc/riscv64-unknown-elf/8.3.0/../../../../riscv64-unknown-elf/lib/rv32imac/ilp32/libc_nano.a(lib_a-wsetup.o)
                              /home/shihao/.platformio/packages/toolchain-riscv/bin/../lib/gcc/riscv64-unknown-elf/8.3.0/../../../../riscv64-unknown-elf/lib/rv32imac/ilp32/libc_nano.a(lib_a-puts.o) (__swsetup_r)
/home/shihao/.platformio/packages/toolchain-riscv/bin/../lib/gcc/riscv64-unknown-elf/8.3.0/../../../../riscv64-unknown-elf/lib/rv32imac/ilp32/libc_nano.a(lib_a-fflush.o)
                              /home/shihao/.platformio/packages/toolchain-riscv/bin/../lib/gcc/riscv64-unknown-elf/8.3.0/../../../../riscv64-unknown-elf/lib/rv32imac/ilp32/libc_nano.a(lib_a-wbuf.o) (_fflush_r)
/home/shihao/.platformio/packages/toolchain-riscv/bin/../lib/gcc/riscv64-unknown-elf/8.3.0/../../../../riscv64-unknown-elf/lib/rv32imac/ilp32/libc_nano.a(lib_a-findfp.o)
[...]
Memory Configuration

Name             Origin             Length             Attributes
itim             0x0000000008000000 0x0000000000002000 axrwl
ram              0x0000000080000000 0x0000000000004000 arw !xl
rom              0x0000000020010000 0x000000000006a120 xrl !aw
*default*        0x0000000000000000 0xffffffffffffffff

Linker script and memory map

LOAD .pio/build/hi5-startup/src/riscv-startup/main.o
LOAD .pio/build/hi5-startup/src/riscv-startup/startup.o
START GROUP
LOAD .pio/build/hi5-startup/libmetal.a
LOAD .pio/build/hi5-startup/libmetal-gloss.a
LOAD /home/shihao/.platformio/packages/toolchain-riscv/bin/../lib/gcc/riscv64-unknown-elf/8.3.0/../../../../riscv64-unknown-elf/lib/rv32imac/ilp32/libstdc++.a
LOAD /home/shihao/.platformio/packages/toolchain-riscv/bin/../lib/gcc/riscv64-unknown-elf/8.3.0/../../../../riscv64-unknown-elf/lib/rv32imac/ilp32/libc_nano.a
LOAD /home/shihao/.platformio/packages/toolchain-riscv/bin/../lib/gcc/riscv64-unknown-elf/8.3.0/rv32imac/ilp32/libgcc.a
LOAD /home/shihao/.platformio/packages/toolchain-riscv/bin/../lib/gcc/riscv64-unknown-elf/8.3.0/../../../../riscv64-unknown-elf/lib/rv32imac/ilp32/libm.a
END GROUP
                0x0000000000000400                __stack_size = DEFINED (__stack_size)?__stack_size:0x400
                [!provide]                        PROVIDE (__stack_size = __stack_size)
                0x0000000000000800                __heap_size = DEFINED (__heap_size)?__heap_size:0x800
                [!provide]                        PROVIDE (__metal_boot_hart = 0x0)
                [!provide]                        PROVIDE (__metal_chicken_bit = 0x1)
                [!provide]                        PROVIDE (__metal_eccscrub_bit = 0x0)
                [!provide]                        PROVIDE (metal_dtim_0_memory_start = 0x80000000)
                [!provide]                        PROVIDE (metal_dtim_0_memory_end = 0x80004000)
                [!provide]                        PROVIDE (metal_itim_0_memory_start = 0x8000000)
                [!provide]                        PROVIDE (metal_itim_0_memory_end = 0x8002000)

.init           0x0000000020010000       0x1e
 *(.text.metal.init.enter)
 .text.metal.init.enter
                0x0000000020010000       0x10 .pio/build/hi5-startup/src/riscv-startup/startup.o
                0x0000000020010000                _enter
 *(.text.metal.init.*)
 .text.metal.init.trapvec
                0x0000000020010010        0xe .pio/build/hi5-startup/libmetal.a(trap.o)
                0x0000000020010010                early_trap_vector
 *(SORT_NONE(.init))
 *(.text.libgloss.start)

.fini
 *(SORT_NONE(.fini))

.preinit_array  0x0000000020010020        0x0
                [!provide]                        PROVIDE (__preinit_array_start = .)
 *(.preinit_array)
                [!provide]                        PROVIDE (__preinit_array_end = .)

.init_array     0x0000000020010020        0xc
                0x0000000020010020                PROVIDE (__init_array_start = .)
 *(SORT_BY_INIT_PRIORITY(.init_array.*) SORT_BY_INIT_PRIORITY(.ctors.*))
 *(.init_array EXCLUDE_FILE(*crtend?.o *crtend.o *crtbegin?.o *crtbegin.o) .ctors)
                0x0000000020010020                PROVIDE (__init_array_end = .)
                [!provide]                        PROVIDE (metal_constructors_start = .)
 *(SORT_BY_INIT_PRIORITY(.metal.init_array.*))
 .metal.init_array.5000
                0x0000000020010020        0x8 .pio/build/hi5-startup/libmetal.a(sifive_fe310-g000_pll.o)
                0x0000000020010020                _use_hfxosc_ptr
                0x0000000020010024                _metal_sifive_fe310_g000_pll_init_ptr
 .metal.init_array.5000
                0x0000000020010028        0x4 .pio/build/hi5-startup/libmetal.a(tty.o)
                0x0000000020010028                _metal_tty_init_ptr
 *(.metal.init_array)
                [!provide]                        PROVIDE (metal_constructors_end = .)

.fini_array     0x0000000020010030        0x0
                [!provide]                        PROVIDE (__fini_array_start = .)
 *(SORT_BY_INIT_PRIORITY(.fini_array.*) SORT_BY_INIT_PRIORITY(.dtors.*))
 *(.fini_array EXCLUDE_FILE(*crtend?.o *crtend.o *crtbegin?.o *crtbegin.o) .dtors)
                [!provide]                        PROVIDE (__fini_array_end = .)
                [!provide]                        PROVIDE (metal_destructors_start = .)
 *(SORT_BY_INIT_PRIORITY(.metal.fini_array.*))
 *(.metal.fini_array)
                [!provide]                        PROVIDE (metal_destructors_end = .)

.ctors          0x000000002001002c       0x32
 *crtbegin.o(.ctors)
 *crtbegin?.o(.ctors)
 *(EXCLUDE_FILE(*crtend?.o *crtend.o) .ctors)
 *(SORT_BY_NAME(.ctors.*))
 *(.ctors)
 *(.metal.ctors .metal.ctors.*)
 .metal.ctors   0x000000002001002c       0x20 .pio/build/hi5-startup/libmetal.a(sifive_fe310-g000_pll.o)
                0x000000002001002c                metal_sifive_fe310_g000_pll_init
                0x0000000020010038                use_hfxosc
 .metal.ctors   0x000000002001004c       0x12 .pio/build/hi5-startup/libmetal.a(tty.o)
                0x000000002001004c                metal_tty_init

.dtors
 *crtbegin.o(.dtors)
 *crtbegin?.o(.dtors)
 *(EXCLUDE_FILE(*crtend?.o *crtend.o) .dtors)
 *(SORT_BY_NAME(.dtors.*))
 *(.dtors)
 *(.metal.dtors .metal.dtors.*)

.rodata         0x0000000020010060      0xc70
 *(.rdata)
 *(.rodata .rodata.*)
 .rodata.main.str1.4
                0x0000000020010060       0x20 .pio/build/hi5-startup/src/riscv-startup/main.o
 .rodata.__sf_fake_stderr
                0x0000000020010080       0x20 /home/shihao/.platformio/packages/toolchain-riscv/bin/../lib/gcc/riscv64-unknown-elf/8.3.0/../../../../riscv64-unknown-elf/lib/rv32imac/ilp32/libc_nano.a(lib_a-findfp.o)
                0x0000000020010080                __sf_fake_stderr
 .rodata.__sf_fake_stdin
                0x00000000200100a0       0x20 /home/shihao/.platformio/packages/toolchain-riscv/bin/../lib/gcc/riscv64-unknown-elf/8.3.0/../../../../riscv64-unknown-elf/lib/rv32imac/ilp32/libc_nano.a(lib_a-findfp.o)
                0x00000000200100a0                __sf_fake_stdin
 .rodata.__sf_fake_stdout
                0x00000000200100c0       0x20 /home/shihao/.platformio/packages/toolchain-riscv/bin/../lib/gcc/riscv64-unknown-elf/8.3.0/../../../../riscv64-unknown-elf/lib/rv32imac/ilp32/libc_nano.a(lib_a-findfp.o)
                0x00000000200100c0                __sf_fake_stdout
 .rodata._vfprintf_r.str1.4
                0x00000000200100e0       0x13 /home/shihao/.platformio/packages/toolchain-riscv/bin/../lib/gcc/riscv64-unknown-elf/8.3.0/../../../../riscv64-unknown-elf/lib/rv32imac/ilp32/libc_nano.a(lib_a-nano-vfprintf.o)
 *fill*         0x00000000200100f3        0x1 
 .rodata._printf_i.str1.4
                0x00000000200100f4       0x28 /home/shihao/.platformio/packages/toolchain-riscv/bin/../lib/gcc/riscv64-unknown-elf/8.3.0/../../../../riscv64-unknown-elf/lib/rv32imac/ilp32/libc_nano.a(lib_a-nano-vfprintf_i.o)
                                         0x25 (size before relaxing)
 .rodata        0x000000002001011c      0x100 /home/shihao/.platformio/packages/toolchain-riscv/bin/../lib/gcc/riscv64-unknown-elf/8.3.0/rv32imac/ilp32/libgcc.a(_clz.o)
                0x000000002001011c                __clz_tab
 .rodata.__metal_driver_vtable_riscv_clint0
                0x000000002001021c       0x64 .pio/build/hi5-startup/libmetal.a(riscv_clint0.o)
                0x000000002001021c                __metal_driver_vtable_riscv_clint0
 .rodata.__metal_driver_vtable_cpu
                0x0000000020010280       0x44 .pio/build/hi5-startup/libmetal.a(riscv_cpu.o)
                0x0000000020010280                __metal_driver_vtable_cpu
 .rodata.__metal_driver_vtable_riscv_cpu_intc
                0x00000000200102c4       0x64 .pio/build/hi5-startup/libmetal.a(riscv_cpu.o)
                0x00000000200102c4                __metal_driver_vtable_riscv_cpu_intc
 .rodata.__metal_driver_vtable_riscv_plic0
                0x0000000020010328       0x64 .pio/build/hi5-startup/libmetal.a(riscv_plic0.o)
                0x0000000020010328                __metal_driver_vtable_riscv_plic0
 .rodata.__metal_driver_vtable_sifive_fe310_g000_pll
                0x000000002001038c        0xc .pio/build/hi5-startup/libmetal.a(sifive_fe310-g000_pll.o)
                0x000000002001038c                __metal_driver_vtable_sifive_fe310_g000_pll
 .rodata.pll_configs
                0x0000000020010398      0x880 .pio/build/hi5-startup/libmetal.a(sifive_fe310-g000_pll.o)
 .rodata.__metal_driver_sifive_gpio0_config_int
                0x0000000020010c18       0x20 .pio/build/hi5-startup/libmetal.a(sifive_gpio0.o)
 .rodata.__metal_driver_sifive_gpio0_clear_int
                0x0000000020010c38       0x1c .pio/build/hi5-startup/libmetal.a(sifive_gpio0.o)
 .rodata.__metal_driver_vtable_sifive_gpio0
                0x0000000020010c54       0x3c .pio/build/hi5-startup/libmetal.a(sifive_gpio0.o)
                0x0000000020010c54                __metal_driver_vtable_sifive_gpio0
 .rodata.__metal_driver_vtable_sifive_uart0
                0x0000000020010c90       0x40 .pio/build/hi5-startup/libmetal.a(sifive_uart0.o)
                0x0000000020010c90                __metal_driver_vtable_sifive_uart0
 *(.gnu.linkonce.r.*)
                0x0000000020010cd0                . = ALIGN (0x8)
 *fill*         0x0000000020010cd0        0x0 
 *(.srodata.cst16)
 *(.srodata.cst8)
 *(.srodata.cst4)
 *(.srodata.cst2)
 *(.srodata .srodata.*)

.itim           0x0000000008000000        0x0 load address 0x0000000020010cd0
 *(.itim .itim.*)
                0x0000000020010cd0                PROVIDE (metal_segment_itim_source_start = LOADADDR (.itim))
                0x0000000008000000                PROVIDE (metal_segment_itim_target_start = ADDR (.itim))
                0x0000000008000000                PROVIDE (metal_segment_itim_target_end = (ADDR (.itim) + SIZEOF (.itim)))

.text           0x0000000020010d00     0x3f00
 *(.text.unlikely .text.unlikely.*)
 *(.text.startup .text.startup.*)
 .text.startup.main
                0x0000000020010d00       0x82 .pio/build/hi5-startup/src/riscv-startup/main.o
                0x0000000020010d00                main
 *(.text .text.*)
 .text._Z5delayi
                0x0000000020010d82       0x1e .pio/build/hi5-startup/src/riscv-startup/main.o
                0x0000000020010d82                delay(int)
 .text._start   0x0000000020010da0       0x8c .pio/build/hi5-startup/src/riscv-startup/startup.o
                0x0000000020010da0                _start
 .text._ZdlPv   0x0000000020010e2c        0x2 /home/shihao/.platformio/packages/toolchain-riscv/bin/../lib/gcc/riscv64-unknown-elf/8.3.0/../../../../riscv64-unknown-elf/lib/rv32imac/ilp32/libstdc++.a(del_op.o)
                0x0000000020010e2c                operator delete(void*)
 .text.clock    0x0000000020010e2e       0x2c /home/shihao/.platformio/packages/toolchain-riscv/bin/../lib/gcc/riscv64-unknown-elf/8.3.0/../../../../riscv64-unknown-elf/lib/rv32imac/ilp32/libc_nano.a(lib_a-clock.o)
                0x0000000020010e2e                clock
 .text.free     0x0000000020010e5a        0xe /home/shihao/.platformio/packages/toolchain-riscv/bin/../lib/gcc/riscv64-unknown-elf/8.3.0/../../../../riscv64-unknown-elf/lib/rv32imac/ilp32/libc_nano.a(lib_a-malloc.o)
                0x0000000020010e5a                free
 .text.memcpy   0x0000000020010e68       0xb6 /home/shihao/.platformio/packages/toolchain-riscv/bin/../lib/gcc/riscv64-unknown-elf/8.3.0/../../../../riscv64-unknown-elf/lib/rv32imac/ilp32/libc_nano.a(lib_a-memcpy.o)
                0x0000000020010e68                memcpy
 .text._free_r  0x0000000020010f1e       0xb0 /home/shihao/.platformio/packages/toolchain-riscv/bin/../lib/gcc/riscv64-unknown-elf/8.3.0/../../../../riscv64-unknown-elf/lib/rv32imac/ilp32/libc_nano.a(lib_a-nano-freer.o)
                0x0000000020010f1e                _free_r
 .text._malloc_r
                0x0000000020010fce       0xe4 /home/shihao/.platformio/packages/toolchain-riscv/bin/../lib/gcc/riscv64-unknown-elf/8.3.0/../../../../riscv64-unknown-elf/lib/rv32imac/ilp32/libc_nano.a(lib_a-nano-mallocr.o)
                0x0000000020010fce                _malloc_r
 .text.printf   0x00000000200110b2       0x44 /home/shihao/.platformio/packages/toolchain-riscv/bin/../lib/gcc/riscv64-unknown-elf/8.3.0/../../../../riscv64-unknown-elf/lib/rv32imac/ilp32/libc_nano.a(lib_a-printf.o)
                0x00000000200110b2                printf
                0x00000000200110b2                iprintf
 .text._puts_r  0x00000000200110f6       0xda /home/shihao/.platformio/packages/toolchain-riscv/bin/../lib/gcc/riscv64-unknown-elf/8.3.0/../../../../riscv64-unknown-elf/lib/rv32imac/ilp32/libc_nano.a(lib_a-puts.o)
                0x00000000200110f6                _puts_r
 .text.puts     0x00000000200111d0        0xe /home/shihao/.platformio/packages/toolchain-riscv/bin/../lib/gcc/riscv64-unknown-elf/8.3.0/../../../../riscv64-unknown-elf/lib/rv32imac/ilp32/libc_nano.a(lib_a-puts.o)
                0x00000000200111d0                puts
 .text._sbrk_r  0x00000000200111de       0x32 /home/shihao/.platformio/packages/toolchain-riscv/bin/../lib/gcc/riscv64-unknown-elf/8.3.0/../../../../riscv64-unknown-elf/lib/rv32imac/ilp32/libc_nano.a(lib_a-sbrkr.o)
                0x00000000200111de                _sbrk_r
 .text._times_r
                0x0000000020011210        0x6 /home/shihao/.platformio/packages/toolchain-riscv/bin/../lib/gcc/riscv64-unknown-elf/8.3.0/../../../../riscv64-unknown-elf/lib/rv32imac/ilp32/libc_nano.a(lib_a-timesr.o)
                0x0000000020011210                _times_r
 .text.__swbuf_r
                0x0000000020011216       0xc0 /home/shihao/.platformio/packages/toolchain-riscv/bin/../lib/gcc/riscv64-unknown-elf/8.3.0/../../../../riscv64-unknown-elf/lib/rv32imac/ilp32/libc_nano.a(lib_a-wbuf.o)
                0x0000000020011216                __swbuf_r
 .text.__swsetup_r
                0x00000000200112d6      0x110 /home/shihao/.platformio/packages/toolchain-riscv/bin/../lib/gcc/riscv64-unknown-elf/8.3.0/../../../../riscv64-unknown-elf/lib/rv32imac/ilp32/libc_nano.a(lib_a-wsetup.o)
                0x00000000200112d6                __swsetup_r
 .text.__sflush_r
                0x00000000200113e6      0x14a /home/shihao/.platformio/packages/toolchain-riscv/bin/../lib/gcc/riscv64-unknown-elf/8.3.0/../../../../riscv64-unknown-elf/lib/rv32imac/ilp32/libc_nano.a(lib_a-fflush.o)
                0x00000000200113e6                __sflush_r
 .text._fflush_r
                0x0000000020011530       0x64 /home/shihao/.platformio/packages/toolchain-riscv/bin/../lib/gcc/riscv64-unknown-elf/8.3.0/../../../../riscv64-unknown-elf/lib/rv32imac/ilp32/libc_nano.a(lib_a-fflush.o)
                0x0000000020011530                _fflush_r
 .text.std      0x0000000020011594       0x68 /home/shihao/.platformio/packages/toolchain-riscv/bin/../lib/gcc/riscv64-unknown-elf/8.3.0/../../../../riscv64-unknown-elf/lib/rv32imac/ilp32/libc_nano.a(lib_a-findfp.o)
 .text._cleanup_r
                0x00000000200115fc        0xa /home/shihao/.platformio/packages/toolchain-riscv/bin/../lib/gcc/riscv64-unknown-elf/8.3.0/../../../../riscv64-unknown-elf/lib/rv32imac/ilp32/libc_nano.a(lib_a-findfp.o)
                0x00000000200115fc                _cleanup_r
 .text.__sfmoreglue
                0x0000000020011606       0x44 /home/shihao/.platformio/packages/toolchain-riscv/bin/../lib/gcc/riscv64-unknown-elf/8.3.0/../../../../riscv64-unknown-elf/lib/rv32imac/ilp32/libc_nano.a(lib_a-findfp.o)
                0x0000000020011606                __sfmoreglue
 .text.__sinit  0x000000002001164a       0x6a /home/shihao/.platformio/packages/toolchain-riscv/bin/../lib/gcc/riscv64-unknown-elf/8.3.0/../../../../riscv64-unknown-elf/lib/rv32imac/ilp32/libc_nano.a(lib_a-findfp.o)
                0x000000002001164a                __sinit
 .text.__sfp    0x00000000200116b4       0x9e /home/shihao/.platformio/packages/toolchain-riscv/bin/../lib/gcc/riscv64-unknown-elf/8.3.0/../../../../riscv64-unknown-elf/lib/rv32imac/ilp32/libc_nano.a(lib_a-findfp.o)
                0x00000000200116b4                __sfp
 .text._fwalk_reent
                0x0000000020011752       0x6c /home/shihao/.platformio/packages/toolchain-riscv/bin/../lib/gcc/riscv64-unknown-elf/8.3.0/../../../../riscv64-unknown-elf/lib/rv32imac/ilp32/libc_nano.a(lib_a-fwalk.o)
                0x0000000020011752                _fwalk_reent
 .text.__swhatbuf_r
                0x00000000200117be       0x58 /home/shihao/.platformio/packages/toolchain-riscv/bin/../lib/gcc/riscv64-unknown-elf/8.3.0/../../../../riscv64-unknown-elf/lib/rv32imac/ilp32/libc_nano.a(lib_a-makebuf.o)
                0x00000000200117be                __swhatbuf_r
 .text.__smakebuf_r
                0x0000000020011816       0x9e /home/shihao/.platformio/packages/toolchain-riscv/bin/../lib/gcc/riscv64-unknown-elf/8.3.0/../../../../riscv64-unknown-elf/lib/rv32imac/ilp32/libc_nano.a(lib_a-makebuf.o)
                0x0000000020011816                __smakebuf_r
 .text          0x00000000200118b4       0xa8 /home/shihao/.platformio/packages/toolchain-riscv/bin/../lib/gcc/riscv64-unknown-elf/8.3.0/../../../../riscv64-unknown-elf/lib/rv32imac/ilp32/libc_nano.a(lib_a-memset.o)
                0x00000000200118b4                memset
 .text.__malloc_lock
                0x000000002001195c        0x2 /home/shihao/.platformio/packages/toolchain-riscv/bin/../lib/gcc/riscv64-unknown-elf/8.3.0/../../../../riscv64-unknown-elf/lib/rv32imac/ilp32/libc_nano.a(lib_a-mlock.o)
                0x000000002001195c                __malloc_lock
 .text.__malloc_unlock
                0x000000002001195e        0x2 /home/shihao/.platformio/packages/toolchain-riscv/bin/../lib/gcc/riscv64-unknown-elf/8.3.0/../../../../riscv64-unknown-elf/lib/rv32imac/ilp32/libc_nano.a(lib_a-mlock.o)
                0x000000002001195e                __malloc_unlock
 .text.__sfputc_r
                0x0000000020011960       0x2a /home/shihao/.platformio/packages/toolchain-riscv/bin/../lib/gcc/riscv64-unknown-elf/8.3.0/../../../../riscv64-unknown-elf/lib/rv32imac/ilp32/libc_nano.a(lib_a-nano-vfprintf.o)
 .text.__sfputs_r
                0x000000002001198a       0x42 /home/shihao/.platformio/packages/toolchain-riscv/bin/../lib/gcc/riscv64-unknown-elf/8.3.0/../../../../riscv64-unknown-elf/lib/rv32imac/ilp32/libc_nano.a(lib_a-nano-vfprintf.o)
                0x000000002001198a                __sfputs_r
 .text._vfprintf_r
                0x00000000200119cc      0x298 /home/shihao/.platformio/packages/toolchain-riscv/bin/../lib/gcc/riscv64-unknown-elf/8.3.0/../../../../riscv64-unknown-elf/lib/rv32imac/ilp32/libc_nano.a(lib_a-nano-vfprintf.o)
                0x00000000200119cc                _vfiprintf_r
                0x00000000200119cc                _vfprintf_r
 .text.__sread  0x0000000020011c64       0x30 /home/shihao/.platformio/packages/toolchain-riscv/bin/../lib/gcc/riscv64-unknown-elf/8.3.0/../../../../riscv64-unknown-elf/lib/rv32imac/ilp32/libc_nano.a(lib_a-stdio.o)
                0x0000000020011c64                __sread
 .text.__swrite
                0x0000000020011c94       0x4e /home/shihao/.platformio/packages/toolchain-riscv/bin/../lib/gcc/riscv64-unknown-elf/8.3.0/../../../../riscv64-unknown-elf/lib/rv32imac/ilp32/libc_nano.a(lib_a-stdio.o)
                0x0000000020011c94                __swrite
 .text.__sseek  0x0000000020011ce2       0x36 /home/shihao/.platformio/packages/toolchain-riscv/bin/../lib/gcc/riscv64-unknown-elf/8.3.0/../../../../riscv64-unknown-elf/lib/rv32imac/ilp32/libc_nano.a(lib_a-stdio.o)
                0x0000000020011ce2                __sseek
 .text.__sclose
                0x0000000020011d18        0x6 /home/shihao/.platformio/packages/toolchain-riscv/bin/../lib/gcc/riscv64-unknown-elf/8.3.0/../../../../riscv64-unknown-elf/lib/rv32imac/ilp32/libc_nano.a(lib_a-stdio.o)
                0x0000000020011d18                __sclose
 .text._write_r
                0x0000000020011d1e       0x34 /home/shihao/.platformio/packages/toolchain-riscv/bin/../lib/gcc/riscv64-unknown-elf/8.3.0/../../../../riscv64-unknown-elf/lib/rv32imac/ilp32/libc_nano.a(lib_a-writer.o)
                0x0000000020011d1e                _write_r
 .text._close_r
                0x0000000020011d52       0x30 /home/shihao/.platformio/packages/toolchain-riscv/bin/../lib/gcc/riscv64-unknown-elf/8.3.0/../../../../riscv64-unknown-elf/lib/rv32imac/ilp32/libc_nano.a(lib_a-closer.o)
                0x0000000020011d52                _close_r
 .text._fstat_r
                0x0000000020011d82       0x32 /home/shihao/.platformio/packages/toolchain-riscv/bin/../lib/gcc/riscv64-unknown-elf/8.3.0/../../../../riscv64-unknown-elf/lib/rv32imac/ilp32/libc_nano.a(lib_a-fstatr.o)
                0x0000000020011d82                _fstat_r
 .text._isatty_r
                0x0000000020011db4       0x30 /home/shihao/.platformio/packages/toolchain-riscv/bin/../lib/gcc/riscv64-unknown-elf/8.3.0/../../../../riscv64-unknown-elf/lib/rv32imac/ilp32/libc_nano.a(lib_a-isattyr.o)
                0x0000000020011db4                _isatty_r
 .text._lseek_r
                0x0000000020011de4       0x34 /home/shihao/.platformio/packages/toolchain-riscv/bin/../lib/gcc/riscv64-unknown-elf/8.3.0/../../../../riscv64-unknown-elf/lib/rv32imac/ilp32/libc_nano.a(lib_a-lseekr.o)
                0x0000000020011de4                _lseek_r
 .text.memchr   0x0000000020011e18       0x1a /home/shihao/.platformio/packages/toolchain-riscv/bin/../lib/gcc/riscv64-unknown-elf/8.3.0/../../../../riscv64-unknown-elf/lib/rv32imac/ilp32/libc_nano.a(lib_a-memchr.o)
                0x0000000020011e18                memchr
 .text._printf_common
                0x0000000020011e32      0x10c /home/shihao/.platformio/packages/toolchain-riscv/bin/../lib/gcc/riscv64-unknown-elf/8.3.0/../../../../riscv64-unknown-elf/lib/rv32imac/ilp32/libc_nano.a(lib_a-nano-vfprintf_i.o)
                0x0000000020011e32                _printf_common
 .text._printf_i
                0x0000000020011f3e      0x2a2 /home/shihao/.platformio/packages/toolchain-riscv/bin/../lib/gcc/riscv64-unknown-elf/8.3.0/../../../../riscv64-unknown-elf/lib/rv32imac/ilp32/libc_nano.a(lib_a-nano-vfprintf_i.o)
                0x0000000020011f3e                _printf_i
 .text._read_r  0x00000000200121e0       0x34 /home/shihao/.platformio/packages/toolchain-riscv/bin/../lib/gcc/riscv64-unknown-elf/8.3.0/../../../../riscv64-unknown-elf/lib/rv32imac/ilp32/libc_nano.a(lib_a-readr.o)
                0x00000000200121e0                _read_r
 .text._close   0x0000000020012214       0x14 .pio/build/hi5-startup/libmetal-gloss.a(sys_close.o)
                0x0000000020012214                _close
 .text._fstat   0x0000000020012228       0x14 .pio/build/hi5-startup/libmetal-gloss.a(sys_fstat.o)
                0x0000000020012228                _fstat
 .text._isatty  0x000000002001223c        0x8 .pio/build/hi5-startup/libmetal-gloss.a(sys_isatty.o)
                0x000000002001223c                _isatty
 .text._lseek   0x0000000020012244       0x14 .pio/build/hi5-startup/libmetal-gloss.a(sys_lseek.o)
                0x0000000020012244                _lseek
 .text._read    0x0000000020012258       0x14 .pio/build/hi5-startup/libmetal-gloss.a(sys_read.o)
                0x0000000020012258                _read
 .text._sbrk    0x000000002001226c       0x24 .pio/build/hi5-startup/libmetal-gloss.a(sys_sbrk.o)
                0x000000002001226c                _sbrk
 .text._times   0x0000000020012290       0x8a .pio/build/hi5-startup/libmetal-gloss.a(sys_times.o)
                0x0000000020012290                times
                0x0000000020012290                _times
 .text._write   0x000000002001231a       0x3c .pio/build/hi5-startup/libmetal-gloss.a(sys_write.o)
                0x000000002001231a                write
                0x000000002001231a                _write
 .text.__errno  0x0000000020012356        0xc /home/shihao/.platformio/packages/toolchain-riscv/bin/../lib/gcc/riscv64-unknown-elf/8.3.0/../../../../riscv64-unknown-elf/lib/rv32imac/ilp32/libc_nano.a(lib_a-errno.o)
                0x0000000020012356                __errno
 .text          0x0000000020012362      0x35e /home/shihao/.platformio/packages/toolchain-riscv/bin/../lib/gcc/riscv64-unknown-elf/8.3.0/rv32imac/ilp32/libgcc.a(_udivdi3.o)
                0x0000000020012362                __udivdi3
 .text          0x00000000200126c0      0x352 /home/shihao/.platformio/packages/toolchain-riscv/bin/../lib/gcc/riscv64-unknown-elf/8.3.0/rv32imac/ilp32/libgcc.a(_umoddi3.o)
                0x00000000200126c0                __umoddi3
 .text.metal_cpu_get_timer
                0x0000000020012a12        0x8 .pio/build/hi5-startup/libmetal.a(cpu.o)
                0x0000000020012a12                metal_cpu_get_timer
 .text.metal_cpu_get_timebase
                0x0000000020012a1a        0x8 .pio/build/hi5-startup/libmetal.a(cpu.o)
                0x0000000020012a1a                metal_cpu_get_timebase
 .text.metal_cpu_interrupt_controller
                0x0000000020012a22        0x8 .pio/build/hi5-startup/libmetal.a(cpu.o)
                0x0000000020012a22                metal_cpu_interrupt_controller
 .text.metal_cpu_get
                0x0000000020012a2a        0xc .pio/build/hi5-startup/libmetal.a(cpu.o)
                0x0000000020012a2a                metal_cpu_get
 .text.metal_cpu_get_current_hartid
                0x0000000020012a36        0x6 .pio/build/hi5-startup/libmetal.a(cpu.o)
                0x0000000020012a36                metal_cpu_get_current_hartid
 .text.__metal_driver_riscv_clint0_mtimecmp_set
                0x0000000020012a3c       0x28 .pio/build/hi5-startup/libmetal.a(riscv_clint0.o)
                0x0000000020012a3c                __metal_driver_riscv_clint0_mtimecmp_set
 .text.__metal_driver_riscv_clint0_vector_register
                0x0000000020012a64        0x4 .pio/build/hi5-startup/libmetal.a(riscv_clint0.o)
                0x0000000020012a64                __metal_driver_riscv_clint0_vector_register
 .text.__metal_driver_riscv_clint0_get_vector_mode
                0x0000000020012a68        0x4 .pio/build/hi5-startup/libmetal.a(riscv_clint0.o)
                0x0000000020012a68                __metal_driver_riscv_clint0_get_vector_mode
 .text._get_cpu_intc
                0x0000000020012a6c       0x10 .pio/build/hi5-startup/libmetal.a(riscv_clint0.o)
 .text.__metal_driver_riscv_clint0_set_vector_mode
                0x0000000020012a7c       0x26 .pio/build/hi5-startup/libmetal.a(riscv_clint0.o)
                0x0000000020012a7c                __metal_driver_riscv_clint0_set_vector_mode
 .text.__metal_driver_riscv_clint0_init
                0x0000000020012aa2       0x52 .pio/build/hi5-startup/libmetal.a(riscv_clint0.o)
                0x0000000020012aa2                __metal_driver_riscv_clint0_init
 .text.__metal_driver_riscv_clint0_disable
                0x0000000020012af4       0x4a .pio/build/hi5-startup/libmetal.a(riscv_clint0.o)
                0x0000000020012af4                __metal_driver_riscv_clint0_disable
 .text.__metal_driver_riscv_clint0_enable
                0x0000000020012b3e       0x4a .pio/build/hi5-startup/libmetal.a(riscv_clint0.o)
                0x0000000020012b3e                __metal_driver_riscv_clint0_enable
 .text.__metal_driver_riscv_clint0_register
                0x0000000020012b88       0x60 .pio/build/hi5-startup/libmetal.a(riscv_clint0.o)
                0x0000000020012b88                __metal_driver_riscv_clint0_register
 .text.__metal_clint0_mtime_get
                0x0000000020012be8       0x26 .pio/build/hi5-startup/libmetal.a(riscv_clint0.o)
                0x0000000020012be8                __metal_clint0_mtime_get
 .text.__metal_driver_riscv_clint0_command_request
                0x0000000020012c0e       0x84 .pio/build/hi5-startup/libmetal.a(riscv_clint0.o)
                0x0000000020012c0e                __metal_driver_riscv_clint0_command_request
 .text.__metal_driver_riscv_clint0_clear_interrupt
                0x0000000020012c92       0x1c .pio/build/hi5-startup/libmetal.a(riscv_clint0.o)
                0x0000000020012c92                __metal_driver_riscv_clint0_clear_interrupt
 .text.__metal_driver_riscv_clint0_set_interrupt
                0x0000000020012cae       0x1c .pio/build/hi5-startup/libmetal.a(riscv_clint0.o)
                0x0000000020012cae                __metal_driver_riscv_clint0_set_interrupt
 .text.__metal_default_sw_handler
                0x0000000020012cca       0x42 .pio/build/hi5-startup/libmetal.a(riscv_cpu.o)
                0x0000000020012cca                __metal_default_sw_handler
 .text.__metal_default_beu_handler
                0x0000000020012d0c        0x2 .pio/build/hi5-startup/libmetal.a(riscv_cpu.o)
                0x0000000020012d0c                __metal_default_beu_handler
 *fill*         0x0000000020012d0e       0x72 
 .text.__metal_exception_handler
                0x0000000020012d80       0xfa .pio/build/hi5-startup/libmetal.a(riscv_cpu.o)
                0x0000000020012d80                __metal_exception_handler
 .text.__metal_driver_riscv_cpu_controller_command_request
                0x0000000020012e7a        0x4 .pio/build/hi5-startup/libmetal.a(riscv_cpu.o)
                0x0000000020012e7a                __metal_driver_riscv_cpu_controller_command_request
 .text.__metal_driver_cpu_mcycle_get
                0x0000000020012e7e       0x12 .pio/build/hi5-startup/libmetal.a(riscv_cpu.o)
                0x0000000020012e7e                __metal_driver_cpu_mcycle_get
 .text.__metal_driver_cpu_timebase_get
                0x0000000020012e90       0x22 .pio/build/hi5-startup/libmetal.a(riscv_cpu.o)
                0x0000000020012e90                __metal_driver_cpu_timebase_get
 .text.__metal_driver_cpu_mtime_get
                0x0000000020012eb2       0x32 .pio/build/hi5-startup/libmetal.a(riscv_cpu.o)
                0x0000000020012eb2                __metal_driver_cpu_mtime_get
 .text.__metal_driver_cpu_timer_controller_interrupt
                0x0000000020012ee4        0x6 .pio/build/hi5-startup/libmetal.a(riscv_cpu.o)
                0x0000000020012ee4                __metal_driver_cpu_timer_controller_interrupt
 .text.__metal_driver_cpu_get_timer_interrupt_id
                0x0000000020012eea        0x4 .pio/build/hi5-startup/libmetal.a(riscv_cpu.o)
                0x0000000020012eea                __metal_driver_cpu_get_timer_interrupt_id
 .text.__metal_driver_cpu_get_sw_interrupt_id
                0x0000000020012eee        0x4 .pio/build/hi5-startup/libmetal.a(riscv_cpu.o)
                0x0000000020012eee                __metal_driver_cpu_get_sw_interrupt_id
 .text.__metal_driver_cpu_set_sw_ipi
                0x0000000020012ef2       0x30 .pio/build/hi5-startup/libmetal.a(riscv_cpu.o)
                0x0000000020012ef2                __metal_driver_cpu_set_sw_ipi
 .text.__metal_driver_cpu_clear_sw_ipi
                0x0000000020012f22       0x30 .pio/build/hi5-startup/libmetal.a(riscv_cpu.o)
                0x0000000020012f22                __metal_driver_cpu_clear_sw_ipi
 .text.__metal_driver_cpu_get_msip
                0x0000000020012f52       0x30 .pio/build/hi5-startup/libmetal.a(riscv_cpu.o)
                0x0000000020012f52                __metal_driver_cpu_get_msip
 .text.__metal_driver_cpu_controller_interrupt
                0x0000000020012f82       0x16 .pio/build/hi5-startup/libmetal.a(riscv_cpu.o)
                0x0000000020012f82                __metal_driver_cpu_controller_interrupt
 .text.__metal_driver_cpu_get_instruction_length
                0x0000000020012f98       0x12 .pio/build/hi5-startup/libmetal.a(riscv_cpu.o)
                0x0000000020012f98                __metal_driver_cpu_get_instruction_length
 .text.__metal_driver_cpu_get_exception_pc
                0x0000000020012faa        0x6 .pio/build/hi5-startup/libmetal.a(riscv_cpu.o)
                0x0000000020012faa                __metal_driver_cpu_get_exception_pc
 .text.__metal_driver_cpu_set_exception_pc
                0x0000000020012fb0        0x8 .pio/build/hi5-startup/libmetal.a(riscv_cpu.o)
                0x0000000020012fb0                __metal_driver_cpu_set_exception_pc
 .text.__metal_driver_cpu_get_buserror
                0x0000000020012fb8        0x4 .pio/build/hi5-startup/libmetal.a(riscv_cpu.o)
                0x0000000020012fb8                __metal_driver_cpu_get_buserror
 .text.__metal_default_exception_handler
                0x0000000020012fbc        0xc .pio/build/hi5-startup/libmetal.a(riscv_cpu.o)
                0x0000000020012fbc                __metal_default_exception_handler
 .text.__metal_default_interrupt_handler
                0x0000000020012fc8        0xc .pio/build/hi5-startup/libmetal.a(riscv_cpu.o)
                0x0000000020012fc8                __metal_default_interrupt_handler
 .text.__metal_driver_cpu_mtimecmp_set
                0x0000000020012fd4       0x24 .pio/build/hi5-startup/libmetal.a(riscv_cpu.o)
                0x0000000020012fd4                __metal_driver_cpu_mtimecmp_set
 .text.__metal_default_timer_handler
                0x0000000020012ff8       0x38 .pio/build/hi5-startup/libmetal.a(riscv_cpu.o)
                0x0000000020012ff8                __metal_default_timer_handler
 .text.__metal_driver_riscv_cpu_controller_interrupt_init
                0x0000000020013030       0x5e .pio/build/hi5-startup/libmetal.a(riscv_cpu.o)
                0x0000000020013030                __metal_driver_riscv_cpu_controller_interrupt_init
 .text.__metal_driver_cpu_exception_register
                0x000000002001308e       0x2c .pio/build/hi5-startup/libmetal.a(riscv_cpu.o)
                0x000000002001308e                __metal_driver_cpu_exception_register
 .text.__metal_driver_cpu_sw_controller_interrupt
                0x00000000200130ba        0x6 .pio/build/hi5-startup/libmetal.a(riscv_cpu.o)
                0x00000000200130ba                __metal_driver_cpu_sw_controller_interrupt
 .text.__metal_driver_riscv_cpu_controller_set_vector_mode
                0x00000000200130c0       0x32 .pio/build/hi5-startup/libmetal.a(riscv_cpu.o)
                0x00000000200130c0                __metal_driver_riscv_cpu_controller_set_vector_mode
 .text.__metal_myhart_id
                0x00000000200130f2        0x6 .pio/build/hi5-startup/libmetal.a(riscv_cpu.o)
                0x00000000200130f2                __metal_myhart_id
 .text.metal_interrupt_vector_handler
                0x00000000200130f8       0x2a .pio/build/hi5-startup/libmetal.a(riscv_cpu.o)
                0x00000000200130f8                metal_interrupt_vector_handler
 .text.metal_software_interrupt_vector_handler
                0x0000000020013122       0x7c .pio/build/hi5-startup/libmetal.a(riscv_cpu.o)
                0x0000000020013122                metal_software_interrupt_vector_handler
 .text.metal_timer_interrupt_vector_handler
                0x000000002001319e       0x7c .pio/build/hi5-startup/libmetal.a(riscv_cpu.o)
                0x000000002001319e                metal_timer_interrupt_vector_handler
 .text.metal_lc0_interrupt_vector_handler
                0x000000002001321a       0x7c .pio/build/hi5-startup/libmetal.a(riscv_cpu.o)
                0x000000002001321a                metal_lc0_interrupt_vector_handler
 .text.metal_lc1_interrupt_vector_handler
                0x0000000020013296       0x7c .pio/build/hi5-startup/libmetal.a(riscv_cpu.o)
                0x0000000020013296                metal_lc1_interrupt_vector_handler
 .text.metal_lc2_interrupt_vector_handler
                0x0000000020013312       0x7c .pio/build/hi5-startup/libmetal.a(riscv_cpu.o)
                0x0000000020013312                metal_lc2_interrupt_vector_handler
 .text.metal_lc3_interrupt_vector_handler
                0x000000002001338e       0x7c .pio/build/hi5-startup/libmetal.a(riscv_cpu.o)
                0x000000002001338e                metal_lc3_interrupt_vector_handler
 .text.metal_lc4_interrupt_vector_handler
                0x000000002001340a       0x7c .pio/build/hi5-startup/libmetal.a(riscv_cpu.o)
                0x000000002001340a                metal_lc4_interrupt_vector_handler
 .text.metal_lc5_interrupt_vector_handler
                0x0000000020013486       0x7c .pio/build/hi5-startup/libmetal.a(riscv_cpu.o)
                0x0000000020013486                metal_lc5_interrupt_vector_handler
 .text.metal_lc6_interrupt_vector_handler
                0x0000000020013502       0x7c .pio/build/hi5-startup/libmetal.a(riscv_cpu.o)
                0x0000000020013502                metal_lc6_interrupt_vector_handler
 .text.metal_lc7_interrupt_vector_handler
                0x000000002001357e       0x7c .pio/build/hi5-startup/libmetal.a(riscv_cpu.o)
                0x000000002001357e                metal_lc7_interrupt_vector_handler
 .text.metal_lc8_interrupt_vector_handler
                0x00000000200135fa       0x7c .pio/build/hi5-startup/libmetal.a(riscv_cpu.o)
                0x00000000200135fa                metal_lc8_interrupt_vector_handler
 .text.metal_lc9_interrupt_vector_handler
                0x0000000020013676       0x7c .pio/build/hi5-startup/libmetal.a(riscv_cpu.o)
                0x0000000020013676                metal_lc9_interrupt_vector_handler
 .text.metal_lc10_interrupt_vector_handler
                0x00000000200136f2       0x7c .pio/build/hi5-startup/libmetal.a(riscv_cpu.o)
                0x00000000200136f2                metal_lc10_interrupt_vector_handler
 .text.metal_lc11_interrupt_vector_handler
                0x000000002001376e       0x7c .pio/build/hi5-startup/libmetal.a(riscv_cpu.o)
                0x000000002001376e                metal_lc11_interrupt_vector_handler
 .text.metal_lc12_interrupt_vector_handler
                0x00000000200137ea       0x7c .pio/build/hi5-startup/libmetal.a(riscv_cpu.o)
                0x00000000200137ea                metal_lc12_interrupt_vector_handler
 .text.metal_lc13_interrupt_vector_handler
                0x0000000020013866       0x7c .pio/build/hi5-startup/libmetal.a(riscv_cpu.o)
                0x0000000020013866                metal_lc13_interrupt_vector_handler
 .text.metal_lc14_interrupt_vector_handler
                0x00000000200138e2       0x7c .pio/build/hi5-startup/libmetal.a(riscv_cpu.o)
                0x00000000200138e2                metal_lc14_interrupt_vector_handler
 .text.metal_lc15_interrupt_vector_handler
                0x000000002001395e       0x7c .pio/build/hi5-startup/libmetal.a(riscv_cpu.o)
                0x000000002001395e                metal_lc15_interrupt_vector_handler
 .text.__metal_controller_interrupt_vector_mode
                0x00000000200139da       0x1e .pio/build/hi5-startup/libmetal.a(riscv_cpu.o)
                0x00000000200139da                __metal_controller_interrupt_vector_mode
 .text.__metal_driver_riscv_cpu_controller_get_vector_mode
                0x00000000200139f8        0x2 .pio/build/hi5-startup/libmetal.a(riscv_cpu.o)
                0x00000000200139f8                __metal_driver_riscv_cpu_controller_get_vector_mode
 .text.__metal_valid_interrupt_id
                0x00000000200139fa       0x36 .pio/build/hi5-startup/libmetal.a(riscv_cpu.o)
                0x00000000200139fa                __metal_valid_interrupt_id
 .text.__metal_driver_riscv_cpu_controller_interrupt_register
                0x0000000020013a30       0xd2 .pio/build/hi5-startup/libmetal.a(riscv_cpu.o)
                0x0000000020013a30                __metal_driver_riscv_cpu_controller_interrupt_register
 .text.__metal_local_interrupt_enable
                0x0000000020013b02       0x72 .pio/build/hi5-startup/libmetal.a(riscv_cpu.o)
                0x0000000020013b02                __metal_local_interrupt_enable
 .text.__metal_driver_riscv_cpu_controller_interrupt_enable
                0x0000000020013b74        0x4 .pio/build/hi5-startup/libmetal.a(riscv_cpu.o)
                0x0000000020013b74                __metal_driver_riscv_cpu_controller_interrupt_enable
 .text.__metal_driver_riscv_cpu_controller_interrupt_disable
                0x0000000020013b78        0x4 .pio/build/hi5-startup/libmetal.a(riscv_cpu.o)
                0x0000000020013b78                __metal_driver_riscv_cpu_controller_interrupt_disable
 .text.__metal_driver_riscv_plic0_set_priority
                0x0000000020013b7c       0x26 .pio/build/hi5-startup/libmetal.a(riscv_plic0.o)
                0x0000000020013b7c                __metal_driver_riscv_plic0_set_priority
 .text.__metal_driver_riscv_plic0_get_priority
                0x0000000020013ba2       0x1c .pio/build/hi5-startup/libmetal.a(riscv_plic0.o)
                0x0000000020013ba2                __metal_driver_riscv_plic0_get_priority
 .text.__metal_plic0_default_handler
                0x0000000020013bbe        0xc .pio/build/hi5-startup/libmetal.a(riscv_plic0.o)
                0x0000000020013bbe                __metal_plic0_default_handler
 .text.__metal_driver_riscv_plic0_register
                0x0000000020013bca       0x80 .pio/build/hi5-startup/libmetal.a(riscv_plic0.o)
                0x0000000020013bca                __metal_driver_riscv_plic0_register
 .text.__metal_plic0_claim_interrupt
                0x0000000020013c4a       0x22 .pio/build/hi5-startup/libmetal.a(riscv_plic0.o)
                0x0000000020013c4a                __metal_plic0_claim_interrupt
 .text.__metal_plic0_complete_interrupt
                0x0000000020013c6c       0x22 .pio/build/hi5-startup/libmetal.a(riscv_plic0.o)
                0x0000000020013c6c                __metal_plic0_complete_interrupt
 .text.__metal_plic0_handler
                0x0000000020013c8e       0x5c .pio/build/hi5-startup/libmetal.a(riscv_plic0.o)
                0x0000000020013c8e                __metal_plic0_handler
 .text.__metal_plic0_set_threshold
                0x0000000020013cea       0x22 .pio/build/hi5-startup/libmetal.a(riscv_plic0.o)
                0x0000000020013cea                __metal_plic0_set_threshold
 .text.__metal_driver_riscv_plic0_set_threshold
                0x0000000020013d0c       0x1c .pio/build/hi5-startup/libmetal.a(riscv_plic0.o)
                0x0000000020013d0c                __metal_driver_riscv_plic0_set_threshold
 .text.__metal_driver_riscv_plic0_affinity_set_threshold
                0x0000000020013d28       0x48 .pio/build/hi5-startup/libmetal.a(riscv_plic0.o)
                0x0000000020013d28                __metal_driver_riscv_plic0_affinity_set_threshold
 .text.__metal_plic0_get_threshold
                0x0000000020013d70       0x22 .pio/build/hi5-startup/libmetal.a(riscv_plic0.o)
                0x0000000020013d70                __metal_plic0_get_threshold
 .text.__metal_driver_riscv_plic0_get_threshold
                0x0000000020013d92       0x18 .pio/build/hi5-startup/libmetal.a(riscv_plic0.o)
                0x0000000020013d92                __metal_driver_riscv_plic0_get_threshold
 .text.__metal_driver_riscv_plic0_affinity_get_threshold
                0x0000000020013daa        0xe .pio/build/hi5-startup/libmetal.a(riscv_plic0.o)
                0x0000000020013daa                __metal_driver_riscv_plic0_affinity_get_threshold
 .text.__metal_plic0_enable
                0x0000000020013db8       0x3e .pio/build/hi5-startup/libmetal.a(riscv_plic0.o)
                0x0000000020013db8                __metal_plic0_enable
 .text.__metal_driver_riscv_plic0_init
                0x0000000020013df6       0xd0 .pio/build/hi5-startup/libmetal.a(riscv_plic0.o)
                0x0000000020013df6                __metal_driver_riscv_plic0_init
 .text.__metal_driver_riscv_plic0_enable
                0x0000000020013ec6       0x40 .pio/build/hi5-startup/libmetal.a(riscv_plic0.o)
                0x0000000020013ec6                __metal_driver_riscv_plic0_enable
 .text.__metal_driver_riscv_plic0_disable
                0x0000000020013f06       0x40 .pio/build/hi5-startup/libmetal.a(riscv_plic0.o)
                0x0000000020013f06                __metal_driver_riscv_plic0_disable
 .text.__metal_driver_riscv_plic0_affinity_enable
                0x0000000020013f46       0x60 .pio/build/hi5-startup/libmetal.a(riscv_plic0.o)
                0x0000000020013f46                __metal_driver_riscv_plic0_affinity_enable
 .text.__metal_driver_riscv_plic0_affinity_disable
                0x0000000020013fa6       0x60 .pio/build/hi5-startup/libmetal.a(riscv_plic0.o)
                0x0000000020013fa6                __metal_driver_riscv_plic0_affinity_disable
 .text.__metal_driver_sifive_fe310_g000_hfrosc_get_rate_hz
                0x0000000020014006       0x40 .pio/build/hi5-startup/libmetal.a(sifive_fe310-g000_hfrosc.o)
                0x0000000020014006                __metal_driver_sifive_fe310_g000_hfrosc_get_rate_hz
 .text.__metal_driver_sifive_fe310_g000_hfrosc_set_rate_hz
                0x0000000020014046        0x2 .pio/build/hi5-startup/libmetal.a(sifive_fe310-g000_hfrosc.o)
                0x0000000020014046                __metal_driver_sifive_fe310_g000_hfrosc_set_rate_hz
 .text.__metal_driver_sifive_fe310_g000_hfxosc_get_rate_hz
                0x0000000020014048       0x34 .pio/build/hi5-startup/libmetal.a(sifive_fe310-g000_hfxosc.o)
                0x0000000020014048                __metal_driver_sifive_fe310_g000_hfxosc_get_rate_hz
 .text.__metal_driver_sifive_fe310_g000_hfxosc_set_rate_hz
                0x000000002001407c        0x2 .pio/build/hi5-startup/libmetal.a(sifive_fe310-g000_hfxosc.o)
                0x000000002001407c                __metal_driver_sifive_fe310_g000_hfxosc_set_rate_hz
 .text.__metal_driver_sifive_fe310_g000_pll_config_base
                0x000000002001407e        0x6 .pio/build/hi5-startup/libmetal.a(sifive_fe310-g000_pll.o)
 .text.__metal_driver_sifive_fe310_g000_pll_config_offset
                0x0000000020014084        0x4 .pio/build/hi5-startup/libmetal.a(sifive_fe310-g000_pll.o)
 .text.__metal_driver_sifive_fe310_g000_pll_init
                0x0000000020014088       0x50 .pio/build/hi5-startup/libmetal.a(sifive_fe310-g000_pll.o)
                0x0000000020014088                __metal_driver_sifive_fe310_g000_pll_init
 .text.__metal_driver_sifive_fe310_g000_pll_get_rate_hz
                0x00000000200140d8       0xbe .pio/build/hi5-startup/libmetal.a(sifive_fe310-g000_pll.o)
                0x00000000200140d8                __metal_driver_sifive_fe310_g000_pll_get_rate_hz
 .text.__metal_driver_sifive_fe310_g000_pll_set_rate_hz
                0x0000000020014196      0x1c4 .pio/build/hi5-startup/libmetal.a(sifive_fe310-g000_pll.o)
                0x0000000020014196                __metal_driver_sifive_fe310_g000_pll_set_rate_hz
 .text.__metal_driver_sifive_fe310_g000_prci_get_reg
                0x000000002001435a        0xa .pio/build/hi5-startup/libmetal.a(sifive_fe310-g000_prci.o)
                0x000000002001435a                __metal_driver_sifive_fe310_g000_prci_get_reg
 .text.__metal_driver_sifive_fe310_g000_prci_set_reg
                0x0000000020014364        0xc .pio/build/hi5-startup/libmetal.a(sifive_fe310-g000_prci.o)
                0x0000000020014364                __metal_driver_sifive_fe310_g000_prci_set_reg
 .text.__metal_driver_sifive_gpio0_enable_input
                0x0000000020014370       0x18 .pio/build/hi5-startup/libmetal.a(sifive_gpio0.o)
                0x0000000020014370                __metal_driver_sifive_gpio0_enable_input
 .text.__metal_driver_sifive_gpio0_disable_input
                0x0000000020014388       0x1c .pio/build/hi5-startup/libmetal.a(sifive_gpio0.o)
                0x0000000020014388                __metal_driver_sifive_gpio0_disable_input
 .text.__metal_driver_sifive_gpio0_input
                0x00000000200143a4       0x14 .pio/build/hi5-startup/libmetal.a(sifive_gpio0.o)
                0x00000000200143a4                __metal_driver_sifive_gpio0_input
 .text.__metal_driver_sifive_gpio0_output
                0x00000000200143b8       0x14 .pio/build/hi5-startup/libmetal.a(sifive_gpio0.o)
                0x00000000200143b8                __metal_driver_sifive_gpio0_output
 .text.__metal_driver_sifive_gpio0_disable_output
                0x00000000200143cc       0x1c .pio/build/hi5-startup/libmetal.a(sifive_gpio0.o)
                0x00000000200143cc                __metal_driver_sifive_gpio0_disable_output
 .text.__metal_driver_sifive_gpio0_enable_output
                0x00000000200143e8       0x18 .pio/build/hi5-startup/libmetal.a(sifive_gpio0.o)
                0x00000000200143e8                __metal_driver_sifive_gpio0_enable_output
 .text.__metal_driver_sifive_gpio0_output_set
                0x0000000020014400       0x18 .pio/build/hi5-startup/libmetal.a(sifive_gpio0.o)
                0x0000000020014400                __metal_driver_sifive_gpio0_output_set
 .text.__metal_driver_sifive_gpio0_output_clear
                0x0000000020014418       0x1c .pio/build/hi5-startup/libmetal.a(sifive_gpio0.o)
                0x0000000020014418                __metal_driver_sifive_gpio0_output_clear
 .text.__metal_driver_sifive_gpio0_output_toggle
                0x0000000020014434       0x18 .pio/build/hi5-startup/libmetal.a(sifive_gpio0.o)
                0x0000000020014434                __metal_driver_sifive_gpio0_output_toggle
 .text.__metal_driver_sifive_gpio0_enable_io
                0x000000002001444c       0x1e .pio/build/hi5-startup/libmetal.a(sifive_gpio0.o)
                0x000000002001444c                __metal_driver_sifive_gpio0_enable_io
 .text.__metal_driver_sifive_gpio0_disable_io
                0x000000002001446a       0x1c .pio/build/hi5-startup/libmetal.a(sifive_gpio0.o)
                0x000000002001446a                __metal_driver_sifive_gpio0_disable_io
 .text.__metal_driver_sifive_gpio0_config_int
                0x0000000020014486       0x7a .pio/build/hi5-startup/libmetal.a(sifive_gpio0.o)
                0x0000000020014486                __metal_driver_sifive_gpio0_config_int
 .text.__metal_driver_sifive_gpio0_clear_int
                0x0000000020014500       0x60 .pio/build/hi5-startup/libmetal.a(sifive_gpio0.o)
                0x0000000020014500                __metal_driver_sifive_gpio0_clear_int
 .text.__metal_driver_gpio_interrupt_controller
                0x0000000020014560       0x16 .pio/build/hi5-startup/libmetal.a(sifive_gpio0.o)
                0x0000000020014560                __metal_driver_gpio_interrupt_controller
 .text.__metal_driver_gpio_get_interrupt_id
                0x0000000020014576      0x118 .pio/build/hi5-startup/libmetal.a(sifive_gpio0.o)
                0x0000000020014576                __metal_driver_gpio_get_interrupt_id
 .text.__metal_driver_sifive_uart0_control_base
                0x000000002001468e       0x28 .pio/build/hi5-startup/libmetal.a(sifive_uart0.o)
 .text.__metal_driver_sifive_uart0_interrupt_controller
                0x00000000200146b6       0x26 .pio/build/hi5-startup/libmetal.a(sifive_uart0.o)
                0x00000000200146b6                __metal_driver_sifive_uart0_interrupt_controller
 .text.__metal_driver_sifive_uart0_get_interrupt_id
                0x00000000200146dc       0x24 .pio/build/hi5-startup/libmetal.a(sifive_uart0.o)
                0x00000000200146dc                __metal_driver_sifive_uart0_get_interrupt_id
 .text.__metal_driver_sifive_uart0_tx_interrupt_enable
                0x0000000020014700       0x16 .pio/build/hi5-startup/libmetal.a(sifive_uart0.o)
                0x0000000020014700                __metal_driver_sifive_uart0_tx_interrupt_enable
 .text.__metal_driver_sifive_uart0_tx_interrupt_disable
                0x0000000020014716       0x14 .pio/build/hi5-startup/libmetal.a(sifive_uart0.o)
                0x0000000020014716                __metal_driver_sifive_uart0_tx_interrupt_disable
 .text.__metal_driver_sifive_uart0_rx_interrupt_enable
                0x000000002001472a       0x16 .pio/build/hi5-startup/libmetal.a(sifive_uart0.o)
                0x000000002001472a                __metal_driver_sifive_uart0_rx_interrupt_enable
 .text.__metal_driver_sifive_uart0_rx_interrupt_disable
                0x0000000020014740       0x14 .pio/build/hi5-startup/libmetal.a(sifive_uart0.o)
                0x0000000020014740                __metal_driver_sifive_uart0_rx_interrupt_disable
 .text.__metal_driver_sifive_uart0_txready
                0x0000000020014754       0x10 .pio/build/hi5-startup/libmetal.a(sifive_uart0.o)
                0x0000000020014754                __metal_driver_sifive_uart0_txready
 .text.__metal_driver_sifive_uart0_set_tx_watermark
                0x0000000020014764       0x20 .pio/build/hi5-startup/libmetal.a(sifive_uart0.o)
                0x0000000020014764                __metal_driver_sifive_uart0_set_tx_watermark
 .text.__metal_driver_sifive_uart0_get_tx_watermark
                0x0000000020014784       0x12 .pio/build/hi5-startup/libmetal.a(sifive_uart0.o)
                0x0000000020014784                __metal_driver_sifive_uart0_get_tx_watermark
 .text.__metal_driver_sifive_uart0_set_rx_watermark
                0x0000000020014796       0x20 .pio/build/hi5-startup/libmetal.a(sifive_uart0.o)
                0x0000000020014796                __metal_driver_sifive_uart0_set_rx_watermark
 .text.__metal_driver_sifive_uart0_get_rx_watermark
                0x00000000200147b6       0x12 .pio/build/hi5-startup/libmetal.a(sifive_uart0.o)
                0x00000000200147b6                __metal_driver_sifive_uart0_get_rx_watermark
 .text.__metal_driver_sifive_uart0_putc
                0x00000000200147c8       0x26 .pio/build/hi5-startup/libmetal.a(sifive_uart0.o)
                0x00000000200147c8                __metal_driver_sifive_uart0_putc
 .text.__metal_driver_sifive_uart0_getc
                0x00000000200147ee       0x20 .pio/build/hi5-startup/libmetal.a(sifive_uart0.o)
                0x00000000200147ee                __metal_driver_sifive_uart0_getc
 .text.__metal_driver_sifive_uart0_get_baud_rate
                0x000000002001480e        0x4 .pio/build/hi5-startup/libmetal.a(sifive_uart0.o)
                0x000000002001480e                __metal_driver_sifive_uart0_get_baud_rate
 .text.pre_rate_change_callback_func
                0x0000000020014812       0x82 .pio/build/hi5-startup/libmetal.a(sifive_uart0.o)
 .text.post_rate_change_callback_func
                0x0000000020014894        0x4 .pio/build/hi5-startup/libmetal.a(sifive_uart0.o)
 .text.__metal_driver_sifive_uart0_set_baud_rate
                0x0000000020014898       0x72 .pio/build/hi5-startup/libmetal.a(sifive_uart0.o)
                0x0000000020014898                __metal_driver_sifive_uart0_set_baud_rate
 .text.__metal_driver_sifive_uart0_init
                0x000000002001490a       0xaa .pio/build/hi5-startup/libmetal.a(sifive_uart0.o)
                0x000000002001490a                __metal_driver_sifive_uart0_init
 .text.metal_shutdown
                0x00000000200149b4        0x4 .pio/build/hi5-startup/libmetal.a(shutdown.o)
                0x00000000200149b4                metal_shutdown
 .text.metal_timer_get_cyclecount
                0x00000000200149b8       0x24 .pio/build/hi5-startup/libmetal.a(timer.o)
                0x00000000200149b8                metal_timer_get_cyclecount
 .text.metal_timer_get_timebase_frequency
                0x00000000200149dc       0x24 .pio/build/hi5-startup/libmetal.a(timer.o)
                0x00000000200149dc                metal_timer_get_timebase_frequency
 .text.metal_tty_putc
                0x0000000020014a00        0xc .pio/build/hi5-startup/libmetal.a(tty.o)
                0x0000000020014a00                metal_tty_putc
 .text.metal_uart_init
                0x0000000020014a0c        0x8 .pio/build/hi5-startup/libmetal.a(uart.o)
                0x0000000020014a0c                metal_uart_init
 .text.metal_uart_putc
                0x0000000020014a14        0x8 .pio/build/hi5-startup/libmetal.a(uart.o)
                0x0000000020014a14                metal_uart_putc
 .text.metal_uart_set_baud_rate
                0x0000000020014a1c        0x8 .pio/build/hi5-startup/libmetal.a(uart.o)
                0x0000000020014a1c                metal_uart_set_baud_rate
 *fill*         0x0000000020014a24       0x5c 
 .text          0x0000000020014a80       0x80 .pio/build/hi5-startup/libmetal.a(vector.o)
                0x0000000020014a80                __metal_vector_table
 .text._metal_clock_call_all_callbacks
                0x0000000020014b00       0x1c .pio/build/hi5-startup/libmetal.a(clock.o)
                0x0000000020014b00                _metal_clock_call_all_callbacks
 .text._metal_clock_append_to_callbacks
                0x0000000020014b1c       0x18 .pio/build/hi5-startup/libmetal.a(clock.o)
                0x0000000020014b1c                _metal_clock_append_to_callbacks
 .text.metal_clock_get_rate_hz
                0x0000000020014b34        0x8 .pio/build/hi5-startup/libmetal.a(clock.o)
                0x0000000020014b34                metal_clock_get_rate_hz
 .text.metal_clock_set_rate_hz
                0x0000000020014b3c       0x2c .pio/build/hi5-startup/libmetal.a(clock.o)
                0x0000000020014b3c                metal_clock_set_rate_hz
 .text.__metal_driver_fixed_clock_get_rate_hz
                0x0000000020014b68       0x4c .pio/build/hi5-startup/libmetal.a(fixed-clock.o)
                0x0000000020014b68                __metal_driver_fixed_clock_get_rate_hz
 .text.__metal_driver_fixed_clock_set_rate_hz
                0x0000000020014bb4       0x4c .pio/build/hi5-startup/libmetal.a(fixed-clock.o)
                0x0000000020014bb4                __metal_driver_fixed_clock_set_rate_hz
 *(.gnu.linkonce.t.*)

.rela.dyn       0x0000000020014c00        0x0
 .rela.text.metal.init.enter
                0x0000000020014c00        0x0 .pio/build/hi5-startup/src/riscv-startup/main.o
 .rela.text._start
                0x0000000020014c00        0x0 .pio/build/hi5-startup/src/riscv-startup/main.o
 .rela.text._sbrk_r
                0x0000000020014c00        0x0 .pio/build/hi5-startup/src/riscv-startup/main.o
 .rela.text._vfprintf_r
                0x0000000020014c00        0x0 .pio/build/hi5-startup/src/riscv-startup/main.o
 .rela.text._write_r
                0x0000000020014c00        0x0 .pio/build/hi5-startup/src/riscv-startup/main.o
 .rela.text._close_r
                0x0000000020014c00        0x0 .pio/build/hi5-startup/src/riscv-startup/main.o
 .rela.text._fstat_r
                0x0000000020014c00        0x0 .pio/build/hi5-startup/src/riscv-startup/main.o
 .rela.text._isatty_r
                0x0000000020014c00        0x0 .pio/build/hi5-startup/src/riscv-startup/main.o
 .rela.text._lseek_r
                0x0000000020014c00        0x0 .pio/build/hi5-startup/src/riscv-startup/main.o
 .rela.text._read_r
                0x0000000020014c00        0x0 .pio/build/hi5-startup/src/riscv-startup/main.o
 .rela.text._sbrk
                0x0000000020014c00        0x0 .pio/build/hi5-startup/src/riscv-startup/main.o
 .rela.sdata.__brk
                0x0000000020014c00        0x0 .pio/build/hi5-startup/src/riscv-startup/main.o
 .rela.text     0x0000000020014c00        0x0 .pio/build/hi5-startup/src/riscv-startup/main.o

.data           0x0000000080000000      0xaf0 load address 0x0000000020014c00
 *(.data .data.*)
 .data.impure_data
                0x0000000080000000       0x60 /home/shihao/.platformio/packages/toolchain-riscv/bin/../lib/gcc/riscv64-unknown-elf/8.3.0/../../../../riscv64-unknown-elf/lib/rv32imac/ilp32/libc_nano.a(lib_a-impure.o)
 .data.__metal_dt_clock_0
                0x0000000080000060        0xc .pio/build/hi5-startup/libmetal.a(inline.o)
                0x0000000080000060                __metal_dt_clock_0
 .data.__metal_dt_clock_1
                0x000000008000006c        0xc .pio/build/hi5-startup/libmetal.a(inline.o)
                0x000000008000006c                __metal_dt_clock_1
 .data.__metal_dt_clock_2
                0x0000000080000078        0xc .pio/build/hi5-startup/libmetal.a(inline.o)
                0x0000000080000078                __metal_dt_clock_2
 .data.__metal_dt_clock_3
                0x0000000080000084        0xc .pio/build/hi5-startup/libmetal.a(inline.o)
                0x0000000080000084                __metal_dt_clock_3
 .data.__metal_dt_clock_4
                0x0000000080000090        0xc .pio/build/hi5-startup/libmetal.a(inline.o)
                0x0000000080000090                __metal_dt_clock_4
 .data.__metal_dt_clock_5
                0x000000008000009c        0xc .pio/build/hi5-startup/libmetal.a(inline.o)
                0x000000008000009c                __metal_dt_clock_5
 .data.__metal_dt_clock_6
                0x00000000800000a8        0xc .pio/build/hi5-startup/libmetal.a(inline.o)
                0x00000000800000a8                __metal_dt_clock_6
 *fill*         0x00000000800000b4        0x4 
 .data.__metal_dt_cpu_0_interrupt_controller
                0x00000000800000b8      0x3d0 .pio/build/hi5-startup/libmetal.a(inline.o)
                0x00000000800000b8                __metal_dt_cpu_0_interrupt_controller
 .data.__metal_dt_interrupt_controller_c000000
                0x0000000080000488      0x5d8 .pio/build/hi5-startup/libmetal.a(inline.o)
                0x0000000080000488                __metal_dt_interrupt_controller_c000000
 .data.__metal_dt_serial_10013000
                0x0000000080000a60       0x20 .pio/build/hi5-startup/libmetal.a(inline.o)
                0x0000000080000a60                __metal_dt_serial_10013000
 .data.__metal_dt_serial_10023000
                0x0000000080000a80       0x20 .pio/build/hi5-startup/libmetal.a(inline.o)
                0x0000000080000a80                __metal_dt_serial_10023000
 *(.gnu.linkonce.d.*)
                0x0000000080000aa0                . = ALIGN (0x8)
                0x00000000800012a0                PROVIDE (__global_pointer$ = (. + 0x800))
 *(.sdata .sdata.* .sdata2.*)
 .sdata._impure_ptr
                0x0000000080000aa0        0x4 /home/shihao/.platformio/packages/toolchain-riscv/bin/../lib/gcc/riscv64-unknown-elf/8.3.0/../../../../riscv64-unknown-elf/lib/rv32imac/ilp32/libc_nano.a(lib_a-impure.o)
                0x0000000080000aa0                _impure_ptr
 .sdata2._global_impure_ptr
                0x0000000080000aa4        0x4 /home/shihao/.platformio/packages/toolchain-riscv/bin/../lib/gcc/riscv64-unknown-elf/8.3.0/../../../../riscv64-unknown-elf/lib/rv32imac/ilp32/libc_nano.a(lib_a-impure.o)
                0x0000000080000aa4                _global_impure_ptr
 .sdata.__brk   0x0000000080000aa8        0x4 .pio/build/hi5-startup/libmetal-gloss.a(sys_sbrk.o)
 .sdata.__metal_cpu_table
                0x0000000080000aac        0x4 .pio/build/hi5-startup/libmetal.a(cpu.o)
                0x0000000080000aac                __metal_cpu_table
 .sdata.__metal_dt_clint_2000000
                0x0000000080000ab0        0x8 .pio/build/hi5-startup/libmetal.a(inline.o)
                0x0000000080000ab0                __metal_dt_clint_2000000
 .sdata.__metal_dt_cpu_0
                0x0000000080000ab8        0x8 .pio/build/hi5-startup/libmetal.a(inline.o)
                0x0000000080000ab8                __metal_dt_cpu_0
 .sdata.__metal_dt_gpio_10012000
                0x0000000080000ac0        0x4 .pio/build/hi5-startup/libmetal.a(inline.o)
                0x0000000080000ac0                __metal_dt_gpio_10012000
 .sdata.__metal_dt_prci_10008000
                0x0000000080000ac4        0x4 .pio/build/hi5-startup/libmetal.a(inline.o)
                0x0000000080000ac4                __metal_dt_prci_10008000
 .sdata.__metal_cpu_table
                0x0000000080000ac8        0x4 .pio/build/hi5-startup/libmetal.a(riscv_cpu.o)
 .sdata2.CSWTCH.18
                0x0000000080000acc        0x3 .pio/build/hi5-startup/libmetal.a(riscv_cpu.o)
 *fill*         0x0000000080000acf        0x1 
 .sdata2.__metal_driver_vtable_sifive_fe310_g000_hfrosc
                0x0000000080000ad0        0x8 .pio/build/hi5-startup/libmetal.a(sifive_fe310-g000_hfrosc.o)
                0x0000000080000ad0                __metal_driver_vtable_sifive_fe310_g000_hfrosc
 .sdata2.__metal_driver_vtable_sifive_fe310_g000_hfxosc
                0x0000000080000ad8        0x8 .pio/build/hi5-startup/libmetal.a(sifive_fe310-g000_hfxosc.o)
                0x0000000080000ad8                __metal_driver_vtable_sifive_fe310_g000_hfxosc
 .sdata2.__metal_driver_vtable_sifive_fe310_g000_prci
                0x0000000080000ae0        0x8 .pio/build/hi5-startup/libmetal.a(sifive_fe310-g000_prci.o)
                0x0000000080000ae0                __metal_driver_vtable_sifive_fe310_g000_prci
 .sdata2.__metal_driver_vtable_fixed_clock
                0x0000000080000ae8        0x8 .pio/build/hi5-startup/libmetal.a(fixed-clock.o)
                0x0000000080000ae8                __metal_driver_vtable_fixed_clock
 *(.gnu.linkonce.s.*)

.tdata          0x0000000080000af0        0x0 load address 0x00000000200156f0
                [!provide]                        PROVIDE (__tls_base = .)
 *(.tdata .tdata.* .gnu.linkonce.td.*)
                [!provide]                        PROVIDE (__tdata_source = LOADADDR (.tdata))
                [!provide]                        PROVIDE (__tdata_size = SIZEOF (.tdata))
                0x0000000020014c00                PROVIDE (metal_segment_data_source_start = LOADADDR (.data))
                0x0000000080000000                PROVIDE (metal_segment_data_target_start = ADDR (.data))
                0x0000000080000af0                PROVIDE (metal_segment_data_target_end = (ADDR (.tdata) + SIZEOF (.tdata)))

.tbss           0x0000000080000af0        0x0
 *(.tbss .tbss.* .gnu.linkonce.tb.*)
 *(.tcommon .tcommon.*)
                [!provide]                        PROVIDE (__tls_end = .)
                0x0000000000000000                PROVIDE (__tbss_size = SIZEOF (.tbss))
                [!provide]                        PROVIDE (__tls_size = (__tls_end - __tls_base))

.tbss_space     0x0000000080000af0        0x0
                0x0000000080000af0                . = (. + __tbss_size)

.bss            0x0000000080000af0        0xc
 *(.sbss*)
 .sbss.__malloc_free_list
                0x0000000080000af0        0x4 /home/shihao/.platformio/packages/toolchain-riscv/bin/../lib/gcc/riscv64-unknown-elf/8.3.0/../../../../riscv64-unknown-elf/lib/rv32imac/ilp32/libc_nano.a(lib_a-nano-mallocr.o)
                0x0000000080000af0                __malloc_free_list
 .sbss.__malloc_sbrk_start
                0x0000000080000af4        0x4 /home/shihao/.platformio/packages/toolchain-riscv/bin/../lib/gcc/riscv64-unknown-elf/8.3.0/../../../../riscv64-unknown-elf/lib/rv32imac/ilp32/libc_nano.a(lib_a-nano-mallocr.o)
                0x0000000080000af4                __malloc_sbrk_start
 *(.gnu.linkonce.sb.*)
 *(.bss .bss.*)
 *(.gnu.linkonce.b.*)
 *(COMMON)
 COMMON         0x0000000080000af8        0x4 /home/shihao/.platformio/packages/toolchain-riscv/bin/../lib/gcc/riscv64-unknown-elf/8.3.0/../../../../riscv64-unknown-elf/lib/rv32imac/ilp32/libc_nano.a(lib_a-reent.o)
                0x0000000080000af8                errno
                [!provide]                        PROVIDE (metal_segment_bss_source_start = LOADADDR (.tbss))
                0x0000000080000af0                PROVIDE (metal_segment_bss_target_start = ADDR (.tbss))
                0x0000000080000afc                PROVIDE (metal_segment_bss_target_end = (ADDR (.bss) + SIZEOF (.bss)))

.stack          0x0000000080000b00      0x400
                [!provide]                        PROVIDE (metal_segment_stack_begin = .)
                0x0000000080000f00                . = (. + __stack_size)
 *fill*         0x0000000080000b00      0x400 
                0x0000000080000f00                PROVIDE (_sp = .)
                [!provide]                        PROVIDE (metal_segment_stack_end = .)

.heap           0x0000000080000f00      0x800
                [!provide]                        PROVIDE (__end = .)
                [!provide]                        PROVIDE (__heap_start = .)
                0x0000000080000f00                PROVIDE (metal_segment_heap_target_start = .)
                0x0000000000000800                . = DEFINED (__heap_max)?MIN ((LENGTH (ram) - (. - ORIGIN (ram))), 0x10000000):__heap_size
 *fill*         0x0000000080000f00      0x800 
                0x0000000080001700                PROVIDE (metal_segment_heap_target_end = .)
                [!provide]                        PROVIDE (_heap_end = .)
                [!provide]                        PROVIDE (__heap_end = .)

/DISCARD/
 *(.eh_frame .eh_frame.*)
OUTPUT(.pio/build/hi5-startup/firmware.elf elf32-littleriscv)

.debug_info     0x0000000000000000    0x41149
 .debug_info    0x0000000000000000     0xc5cc .pio/build/hi5-startup/src/riscv-startup/main.o
 .debug_info    0x000000000000c5cc     0x5577 .pio/build/hi5-startup/src/riscv-startup/startup.o
 .debug_info    0x0000000000011b43      0x983 .pio/build/hi5-startup/libmetal-gloss.a(sys_close.o)
 .debug_info    0x00000000000124c6      0xbc3 .pio/build/hi5-startup/libmetal-gloss.a(sys_fstat.o)
 .debug_info    0x0000000000013089       0xf5 .pio/build/hi5-startup/libmetal-gloss.a(sys_isatty.o)
 .debug_info    0x000000000001317e      0x9bb .pio/build/hi5-startup/libmetal-gloss.a(sys_lseek.o)
 .debug_info    0x0000000000013b39      0x9bb .pio/build/hi5-startup/libmetal-gloss.a(sys_read.o)
 .debug_info    0x00000000000144f4      0x11a .pio/build/hi5-startup/libmetal-gloss.a(sys_sbrk.o)
 .debug_info    0x000000000001460e      0xad9 .pio/build/hi5-startup/libmetal-gloss.a(sys_times.o)
 .debug_info    0x00000000000150e7      0xaaa .pio/build/hi5-startup/libmetal-gloss.a(sys_write.o)
 .debug_info    0x0000000000015b91     0x1245 /home/shihao/.platformio/packages/toolchain-riscv/bin/../lib/gcc/riscv64-unknown-elf/8.3.0/rv32imac/ilp32/libgcc.a(_udivdi3.o)
 .debug_info    0x0000000000016dd6     0x12a3 /home/shihao/.platformio/packages/toolchain-riscv/bin/../lib/gcc/riscv64-unknown-elf/8.3.0/rv32imac/ilp32/libgcc.a(_umoddi3.o)
 .debug_info    0x0000000000018079      0xb6a /home/shihao/.platformio/packages/toolchain-riscv/bin/../lib/gcc/riscv64-unknown-elf/8.3.0/rv32imac/ilp32/libgcc.a(_clz.o)
 .debug_info    0x0000000000018be3     0x25c1 .pio/build/hi5-startup/libmetal.a(cpu.o)
 .debug_info    0x000000000001b1a4     0x20d2 .pio/build/hi5-startup/libmetal.a(inline.o)
 .debug_info    0x000000000001d276     0x29f8 .pio/build/hi5-startup/libmetal.a(riscv_clint0.o)
 .debug_info    0x000000000001fc6e     0x4465 .pio/build/hi5-startup/libmetal.a(riscv_cpu.o)
 .debug_info    0x00000000000240d3     0x2d51 .pio/build/hi5-startup/libmetal.a(riscv_plic0.o)
 .debug_info    0x0000000000026e24     0x2265 .pio/build/hi5-startup/libmetal.a(sifive_fe310-g000_hfrosc.o)
 .debug_info    0x0000000000029089     0x2265 .pio/build/hi5-startup/libmetal.a(sifive_fe310-g000_hfxosc.o)
 .debug_info    0x000000000002b2ee     0x31d1 .pio/build/hi5-startup/libmetal.a(sifive_fe310-g000_pll.o)
 .debug_info    0x000000000002e4bf     0x21a5 .pio/build/hi5-startup/libmetal.a(sifive_fe310-g000_prci.o)
 .debug_info    0x0000000000030664     0x2722 .pio/build/hi5-startup/libmetal.a(sifive_gpio0.o)
 .debug_info    0x0000000000032d86     0x2a4e .pio/build/hi5-startup/libmetal.a(sifive_uart0.o)
 .debug_info    0x00000000000357d4     0x21ac .pio/build/hi5-startup/libmetal.a(shutdown.o)
 .debug_info    0x0000000000037980     0x2bbb .pio/build/hi5-startup/libmetal.a(timer.o)
 .debug_info    0x000000000003a53b     0x221e .pio/build/hi5-startup/libmetal.a(tty.o)
 .debug_info    0x000000000003c759     0x2503 .pio/build/hi5-startup/libmetal.a(uart.o)
 .debug_info    0x000000000003ec5c      0x32a .pio/build/hi5-startup/libmetal.a(clock.o)
 .debug_info    0x000000000003ef86     0x21c3 .pio/build/hi5-startup/libmetal.a(fixed-clock.o)

.debug_abbrev   0x0000000000000000     0x5798
 .debug_abbrev  0x0000000000000000      0xa78 .pio/build/hi5-startup/src/riscv-startup/main.o
 .debug_abbrev  0x0000000000000a78      0x757 .pio/build/hi5-startup/src/riscv-startup/startup.o
 .debug_abbrev  0x00000000000011cf      0x1c9 .pio/build/hi5-startup/libmetal-gloss.a(sys_close.o)
 .debug_abbrev  0x0000000000001398      0x1da .pio/build/hi5-startup/libmetal-gloss.a(sys_fstat.o)
 .debug_abbrev  0x0000000000001572       0x73 .pio/build/hi5-startup/libmetal-gloss.a(sys_isatty.o)
 .debug_abbrev  0x00000000000015e5      0x1da .pio/build/hi5-startup/libmetal-gloss.a(sys_lseek.o)
 .debug_abbrev  0x00000000000017bf      0x1da .pio/build/hi5-startup/libmetal-gloss.a(sys_read.o)
 .debug_abbrev  0x0000000000001999       0xc9 .pio/build/hi5-startup/libmetal-gloss.a(sys_sbrk.o)
 .debug_abbrev  0x0000000000001a62      0x26f .pio/build/hi5-startup/libmetal-gloss.a(sys_times.o)
 .debug_abbrev  0x0000000000001cd1      0x245 .pio/build/hi5-startup/libmetal-gloss.a(sys_write.o)
 .debug_abbrev  0x0000000000001f16      0x2cc /home/shihao/.platformio/packages/toolchain-riscv/bin/../lib/gcc/riscv64-unknown-elf/8.3.0/rv32imac/ilp32/libgcc.a(_udivdi3.o)
 .debug_abbrev  0x00000000000021e2      0x2e8 /home/shihao/.platformio/packages/toolchain-riscv/bin/../lib/gcc/riscv64-unknown-elf/8.3.0/rv32imac/ilp32/libgcc.a(_umoddi3.o)
 .debug_abbrev  0x00000000000024ca      0x1e8 /home/shihao/.platformio/packages/toolchain-riscv/bin/../lib/gcc/riscv64-unknown-elf/8.3.0/rv32imac/ilp32/libgcc.a(_clz.o)
 .debug_abbrev  0x00000000000026b2      0x24a .pio/build/hi5-startup/libmetal.a(cpu.o)
 .debug_abbrev  0x00000000000028fc      0x176 .pio/build/hi5-startup/libmetal.a(inline.o)
 .debug_abbrev  0x0000000000002a72      0x46f .pio/build/hi5-startup/libmetal.a(riscv_clint0.o)
 .debug_abbrev  0x0000000000002ee1      0x59e .pio/build/hi5-startup/libmetal.a(riscv_cpu.o)
 .debug_abbrev  0x000000000000347f      0x43f .pio/build/hi5-startup/libmetal.a(riscv_plic0.o)
 .debug_abbrev  0x00000000000038be      0x290 .pio/build/hi5-startup/libmetal.a(sifive_fe310-g000_hfrosc.o)
 .debug_abbrev  0x0000000000003b4e      0x285 .pio/build/hi5-startup/libmetal.a(sifive_fe310-g000_hfxosc.o)
 .debug_abbrev  0x0000000000003dd3      0x546 .pio/build/hi5-startup/libmetal.a(sifive_fe310-g000_pll.o)
 .debug_abbrev  0x0000000000004319      0x1e9 .pio/build/hi5-startup/libmetal.a(sifive_fe310-g000_prci.o)
 .debug_abbrev  0x0000000000004502      0x272 .pio/build/hi5-startup/libmetal.a(sifive_gpio0.o)
 .debug_abbrev  0x0000000000004774      0x3a3 .pio/build/hi5-startup/libmetal.a(sifive_uart0.o)
 .debug_abbrev  0x0000000000004b17      0x205 .pio/build/hi5-startup/libmetal.a(shutdown.o)
 .debug_abbrev  0x0000000000004d1c      0x2c5 .pio/build/hi5-startup/libmetal.a(timer.o)
 .debug_abbrev  0x0000000000004fe1      0x22e .pio/build/hi5-startup/libmetal.a(tty.o)
 .debug_abbrev  0x000000000000520f      0x1ec .pio/build/hi5-startup/libmetal.a(uart.o)
 .debug_abbrev  0x00000000000053fb      0x171 .pio/build/hi5-startup/libmetal.a(clock.o)
 .debug_abbrev  0x000000000000556c      0x22c .pio/build/hi5-startup/libmetal.a(fixed-clock.o)

.debug_loc      0x0000000000000000     0x6e0e
 .debug_loc     0x0000000000000000      0x1ad .pio/build/hi5-startup/src/riscv-startup/main.o
 .debug_loc     0x00000000000001ad       0x9f .pio/build/hi5-startup/src/riscv-startup/startup.o
 .debug_loc     0x000000000000024c       0x21 .pio/build/hi5-startup/libmetal-gloss.a(sys_close.o)
 .debug_loc     0x000000000000026d       0x42 .pio/build/hi5-startup/libmetal-gloss.a(sys_fstat.o)
 .debug_loc     0x00000000000002af       0x2e .pio/build/hi5-startup/libmetal-gloss.a(sys_isatty.o)
 .debug_loc     0x00000000000002dd       0x63 .pio/build/hi5-startup/libmetal-gloss.a(sys_lseek.o)
 .debug_loc     0x0000000000000340       0x63 .pio/build/hi5-startup/libmetal-gloss.a(sys_read.o)
 .debug_loc     0x00000000000003a3       0x65 .pio/build/hi5-startup/libmetal-gloss.a(sys_sbrk.o)
 .debug_loc     0x0000000000000408       0x3f .pio/build/hi5-startup/libmetal-gloss.a(sys_times.o)
 .debug_loc     0x0000000000000447      0x14d .pio/build/hi5-startup/libmetal-gloss.a(sys_write.o)
 .debug_loc     0x0000000000000594      0xbd0 /home/shihao/.platformio/packages/toolchain-riscv/bin/../lib/gcc/riscv64-unknown-elf/8.3.0/rv32imac/ilp32/libgcc.a(_udivdi3.o)
 .debug_loc     0x0000000000001164      0x969 /home/shihao/.platformio/packages/toolchain-riscv/bin/../lib/gcc/riscv64-unknown-elf/8.3.0/rv32imac/ilp32/libgcc.a(_umoddi3.o)
 .debug_loc     0x0000000000001acd      0x37a .pio/build/hi5-startup/libmetal.a(cpu.o)
 .debug_loc     0x0000000000001e47      0x94f .pio/build/hi5-startup/libmetal.a(riscv_clint0.o)
 .debug_loc     0x0000000000002796     0x1cf9 .pio/build/hi5-startup/libmetal.a(riscv_cpu.o)
 .debug_loc     0x000000000000448f      0xd66 .pio/build/hi5-startup/libmetal.a(riscv_plic0.o)
 .debug_loc     0x00000000000051f5       0x76 .pio/build/hi5-startup/libmetal.a(sifive_fe310-g000_hfrosc.o)
 .debug_loc     0x000000000000526b       0x81 .pio/build/hi5-startup/libmetal.a(sifive_fe310-g000_hfxosc.o)
 .debug_loc     0x00000000000052ec      0x3eb .pio/build/hi5-startup/libmetal.a(sifive_fe310-g000_pll.o)
 .debug_loc     0x00000000000056d7       0x8a .pio/build/hi5-startup/libmetal.a(sifive_fe310-g000_prci.o)
 .debug_loc     0x0000000000005761      0x6c4 .pio/build/hi5-startup/libmetal.a(sifive_gpio0.o)
 .debug_loc     0x0000000000005e25      0x846 .pio/build/hi5-startup/libmetal.a(sifive_uart0.o)
 .debug_loc     0x000000000000666b       0x42 .pio/build/hi5-startup/libmetal.a(shutdown.o)
 .debug_loc     0x00000000000066ad      0x192 .pio/build/hi5-startup/libmetal.a(timer.o)
 .debug_loc     0x000000000000683f       0x58 .pio/build/hi5-startup/libmetal.a(tty.o)
 .debug_loc     0x0000000000006897      0x310 .pio/build/hi5-startup/libmetal.a(uart.o)
 .debug_loc     0x0000000000006ba7      0x1d3 .pio/build/hi5-startup/libmetal.a(clock.o)
 .debug_loc     0x0000000000006d7a       0x94 .pio/build/hi5-startup/libmetal.a(fixed-clock.o)

.debug_aranges  0x0000000000000000      0x9b0
 .debug_aranges
                0x0000000000000000       0x28 .pio/build/hi5-startup/src/riscv-startup/main.o
 .debug_aranges
                0x0000000000000028       0x30 .pio/build/hi5-startup/src/riscv-startup/startup.o
 .debug_aranges
                0x0000000000000058       0x20 .pio/build/hi5-startup/libmetal-gloss.a(sys_close.o)
 .debug_aranges
                0x0000000000000078       0x20 .pio/build/hi5-startup/libmetal-gloss.a(sys_fstat.o)
 .debug_aranges
                0x0000000000000098       0x20 .pio/build/hi5-startup/libmetal-gloss.a(sys_isatty.o)
 .debug_aranges
                0x00000000000000b8       0x20 .pio/build/hi5-startup/libmetal-gloss.a(sys_lseek.o)
 .debug_aranges
                0x00000000000000d8       0x20 .pio/build/hi5-startup/libmetal-gloss.a(sys_read.o)
 .debug_aranges
                0x00000000000000f8       0x28 .pio/build/hi5-startup/libmetal-gloss.a(sys_sbrk.o)
 .debug_aranges
                0x0000000000000120       0x20 .pio/build/hi5-startup/libmetal-gloss.a(sys_times.o)
 .debug_aranges
                0x0000000000000140       0x20 .pio/build/hi5-startup/libmetal-gloss.a(sys_write.o)
 .debug_aranges
                0x0000000000000160       0x20 /home/shihao/.platformio/packages/toolchain-riscv/bin/../lib/gcc/riscv64-unknown-elf/8.3.0/rv32imac/ilp32/libgcc.a(_udivdi3.o)
 .debug_aranges
                0x0000000000000180       0x20 /home/shihao/.platformio/packages/toolchain-riscv/bin/../lib/gcc/riscv64-unknown-elf/8.3.0/rv32imac/ilp32/libgcc.a(_umoddi3.o)
 .debug_aranges
                0x00000000000001a0       0x18 /home/shihao/.platformio/packages/toolchain-riscv/bin/../lib/gcc/riscv64-unknown-elf/8.3.0/rv32imac/ilp32/libgcc.a(_clz.o)
 .debug_aranges
                0x00000000000001b8       0xb8 .pio/build/hi5-startup/libmetal.a(cpu.o)
 .debug_aranges
                0x0000000000000270       0x18 .pio/build/hi5-startup/libmetal.a(inline.o)
 .debug_aranges
                0x0000000000000288       0x80 .pio/build/hi5-startup/libmetal.a(riscv_clint0.o)
 .debug_aranges
                0x0000000000000308      0x250 .pio/build/hi5-startup/libmetal.a(riscv_cpu.o)
 .debug_aranges
                0x0000000000000558       0xb0 .pio/build/hi5-startup/libmetal.a(riscv_plic0.o)
 .debug_aranges
                0x0000000000000608       0x28 .pio/build/hi5-startup/libmetal.a(sifive_fe310-g000_hfrosc.o)
 .debug_aranges
                0x0000000000000630       0x28 .pio/build/hi5-startup/libmetal.a(sifive_fe310-g000_hfxosc.o)
 .debug_aranges
                0x0000000000000658       0x50 .pio/build/hi5-startup/libmetal.a(sifive_fe310-g000_pll.o)
 .debug_aranges
                0x00000000000006a8       0x28 .pio/build/hi5-startup/libmetal.a(sifive_fe310-g000_prci.o)
 .debug_aranges
                0x00000000000006d0       0x90 .pio/build/hi5-startup/libmetal.a(sifive_gpio0.o)
 .debug_aranges
                0x0000000000000760       0xb0 .pio/build/hi5-startup/libmetal.a(sifive_uart0.o)
 .debug_aranges
                0x0000000000000810       0x28 .pio/build/hi5-startup/libmetal.a(shutdown.o)
 .debug_aranges
                0x0000000000000838       0x38 .pio/build/hi5-startup/libmetal.a(timer.o)
 .debug_aranges
                0x0000000000000870       0x30 .pio/build/hi5-startup/libmetal.a(tty.o)
 .debug_aranges
                0x00000000000008a0       0xa0 .pio/build/hi5-startup/libmetal.a(uart.o)
 .debug_aranges
                0x0000000000000940       0x48 .pio/build/hi5-startup/libmetal.a(clock.o)
 .debug_aranges
                0x0000000000000988       0x28 .pio/build/hi5-startup/libmetal.a(fixed-clock.o)

.debug_ranges   0x0000000000000000     0x14a0
 .debug_ranges  0x0000000000000000      0x130 .pio/build/hi5-startup/src/riscv-startup/main.o
 .debug_ranges  0x0000000000000130       0x68 .pio/build/hi5-startup/src/riscv-startup/startup.o
 .debug_ranges  0x0000000000000198       0x10 .pio/build/hi5-startup/libmetal-gloss.a(sys_close.o)
 .debug_ranges  0x00000000000001a8       0x10 .pio/build/hi5-startup/libmetal-gloss.a(sys_fstat.o)
 .debug_ranges  0x00000000000001b8       0x10 .pio/build/hi5-startup/libmetal-gloss.a(sys_isatty.o)
 .debug_ranges  0x00000000000001c8       0x10 .pio/build/hi5-startup/libmetal-gloss.a(sys_lseek.o)
 .debug_ranges  0x00000000000001d8       0x10 .pio/build/hi5-startup/libmetal-gloss.a(sys_read.o)
 .debug_ranges  0x00000000000001e8       0x18 .pio/build/hi5-startup/libmetal-gloss.a(sys_sbrk.o)
 .debug_ranges  0x0000000000000200       0x38 .pio/build/hi5-startup/libmetal-gloss.a(sys_times.o)
 .debug_ranges  0x0000000000000238       0x28 .pio/build/hi5-startup/libmetal-gloss.a(sys_write.o)
 .debug_ranges  0x0000000000000260      0x100 /home/shihao/.platformio/packages/toolchain-riscv/bin/../lib/gcc/riscv64-unknown-elf/8.3.0/rv32imac/ilp32/libgcc.a(_udivdi3.o)
 .debug_ranges  0x0000000000000360       0xd0 /home/shihao/.platformio/packages/toolchain-riscv/bin/../lib/gcc/riscv64-unknown-elf/8.3.0/rv32imac/ilp32/libgcc.a(_umoddi3.o)
 .debug_ranges  0x0000000000000430       0xa8 .pio/build/hi5-startup/libmetal.a(cpu.o)
 .debug_ranges  0x00000000000004d8      0x1b0 .pio/build/hi5-startup/libmetal.a(riscv_clint0.o)
 .debug_ranges  0x0000000000000688      0x7c0 .pio/build/hi5-startup/libmetal.a(riscv_cpu.o)
 .debug_ranges  0x0000000000000e48      0x1a8 .pio/build/hi5-startup/libmetal.a(riscv_plic0.o)
 .debug_ranges  0x0000000000000ff0       0x18 .pio/build/hi5-startup/libmetal.a(sifive_fe310-g000_hfrosc.o)
 .debug_ranges  0x0000000000001008       0x18 .pio/build/hi5-startup/libmetal.a(sifive_fe310-g000_hfxosc.o)
 .debug_ranges  0x0000000000001020       0x80 .pio/build/hi5-startup/libmetal.a(sifive_fe310-g000_pll.o)
 .debug_ranges  0x00000000000010a0       0x18 .pio/build/hi5-startup/libmetal.a(sifive_fe310-g000_prci.o)
 .debug_ranges  0x00000000000010b8       0xb0 .pio/build/hi5-startup/libmetal.a(sifive_gpio0.o)
 .debug_ranges  0x0000000000001168      0x1b0 .pio/build/hi5-startup/libmetal.a(sifive_uart0.o)
 .debug_ranges  0x0000000000001318       0x18 .pio/build/hi5-startup/libmetal.a(shutdown.o)
 .debug_ranges  0x0000000000001330       0x28 .pio/build/hi5-startup/libmetal.a(timer.o)
 .debug_ranges  0x0000000000001358       0x20 .pio/build/hi5-startup/libmetal.a(tty.o)
 .debug_ranges  0x0000000000001378       0x90 .pio/build/hi5-startup/libmetal.a(uart.o)
 .debug_ranges  0x0000000000001408       0x38 .pio/build/hi5-startup/libmetal.a(clock.o)
 .debug_ranges  0x0000000000001440       0x60 .pio/build/hi5-startup/libmetal.a(fixed-clock.o)

.debug_line     0x0000000000000000     0xe6f9
 .debug_line    0x0000000000000000      0x87c .pio/build/hi5-startup/src/riscv-startup/main.o
 .debug_line    0x000000000000087c      0x676 .pio/build/hi5-startup/src/riscv-startup/startup.o
 .debug_line    0x0000000000000ef2      0x1ab .pio/build/hi5-startup/libmetal-gloss.a(sys_close.o)
 .debug_line    0x000000000000109d      0x290 .pio/build/hi5-startup/libmetal-gloss.a(sys_fstat.o)
 .debug_line    0x000000000000132d      0x102 .pio/build/hi5-startup/libmetal-gloss.a(sys_isatty.o)
 .debug_line    0x000000000000142f      0x1b6 .pio/build/hi5-startup/libmetal-gloss.a(sys_lseek.o)
 .debug_line    0x00000000000015e5      0x1b5 .pio/build/hi5-startup/libmetal-gloss.a(sys_read.o)
 .debug_line    0x000000000000179a      0x1a9 .pio/build/hi5-startup/libmetal-gloss.a(sys_sbrk.o)
 .debug_line    0x0000000000001943      0x351 .pio/build/hi5-startup/libmetal-gloss.a(sys_times.o)
 .debug_line    0x0000000000001c94      0x244 .pio/build/hi5-startup/libmetal-gloss.a(sys_write.o)
 .debug_line    0x0000000000001ed8      0x9fc /home/shihao/.platformio/packages/toolchain-riscv/bin/../lib/gcc/riscv64-unknown-elf/8.3.0/rv32imac/ilp32/libgcc.a(_udivdi3.o)
 .debug_line    0x00000000000028d4      0xaac /home/shihao/.platformio/packages/toolchain-riscv/bin/../lib/gcc/riscv64-unknown-elf/8.3.0/rv32imac/ilp32/libgcc.a(_umoddi3.o)
 .debug_line    0x0000000000003380      0x338 /home/shihao/.platformio/packages/toolchain-riscv/bin/../lib/gcc/riscv64-unknown-elf/8.3.0/rv32imac/ilp32/libgcc.a(_clz.o)
 .debug_line    0x00000000000036b8      0x7e3 .pio/build/hi5-startup/libmetal.a(cpu.o)
 .debug_line    0x0000000000003e9b      0x407 .pio/build/hi5-startup/libmetal.a(inline.o)
 .debug_line    0x00000000000042a2      0xd8b .pio/build/hi5-startup/libmetal.a(riscv_clint0.o)
 .debug_line    0x000000000000502d     0x28ac .pio/build/hi5-startup/libmetal.a(riscv_cpu.o)
 .debug_line    0x00000000000078d9      0xfef .pio/build/hi5-startup/libmetal.a(riscv_plic0.o)
 .debug_line    0x00000000000088c8      0x5a5 .pio/build/hi5-startup/libmetal.a(sifive_fe310-g000_hfrosc.o)
 .debug_line    0x0000000000008e6d      0x59d .pio/build/hi5-startup/libmetal.a(sifive_fe310-g000_hfxosc.o)
 .debug_line    0x000000000000940a      0xd98 .pio/build/hi5-startup/libmetal.a(sifive_fe310-g000_pll.o)
 .debug_line    0x000000000000a1a2      0x509 .pio/build/hi5-startup/libmetal.a(sifive_fe310-g000_prci.o)
 .debug_line    0x000000000000a6ab     0x1116 .pio/build/hi5-startup/libmetal.a(sifive_gpio0.o)
 .debug_line    0x000000000000b7c1      0xf6a .pio/build/hi5-startup/libmetal.a(sifive_uart0.o)
 .debug_line    0x000000000000c72b      0x4ce .pio/build/hi5-startup/libmetal.a(shutdown.o)
 .debug_line    0x000000000000cbf9      0x6a1 .pio/build/hi5-startup/libmetal.a(timer.o)
 .debug_line    0x000000000000d29a      0x500 .pio/build/hi5-startup/libmetal.a(tty.o)
 .debug_line    0x000000000000d79a      0x763 .pio/build/hi5-startup/libmetal.a(uart.o)
 .debug_line    0x000000000000defd      0x266 .pio/build/hi5-startup/libmetal.a(clock.o)
 .debug_line    0x000000000000e163      0x596 .pio/build/hi5-startup/libmetal.a(fixed-clock.o)

.debug_str      0x0000000000000000    0x1593c
 .debug_str     0x0000000000000000    0x106ed .pio/build/hi5-startup/src/riscv-startup/main.o
                                      0x10c9b (size before relaxing)
 .debug_str     0x00000000000106ed      0x4ec .pio/build/hi5-startup/src/riscv-startup/startup.o
                                       0x742e (size before relaxing)
 .debug_str     0x0000000000010bd9      0x127 .pio/build/hi5-startup/libmetal-gloss.a(sys_close.o)
                                        0x61f (size before relaxing)
 .debug_str     0x0000000000010d00      0x16b .pio/build/hi5-startup/libmetal-gloss.a(sys_fstat.o)
                                        0x790 (size before relaxing)
 .debug_str     0x0000000000010e6b       0x89 .pio/build/hi5-startup/libmetal-gloss.a(sys_isatty.o)
                                        0x211 (size before relaxing)
 .debug_str     0x0000000000010ef4       0x61 .pio/build/hi5-startup/libmetal-gloss.a(sys_lseek.o)
                                        0x634 (size before relaxing)
 .debug_str     0x0000000000010f55       0x59 .pio/build/hi5-startup/libmetal-gloss.a(sys_read.o)
                                        0x62d (size before relaxing)
 .debug_str     0x0000000000010fae       0xad .pio/build/hi5-startup/libmetal-gloss.a(sys_sbrk.o)
                                        0x238 (size before relaxing)
 .debug_str     0x000000000001105b       0xed .pio/build/hi5-startup/libmetal-gloss.a(sys_times.o)
                                        0x6d9 (size before relaxing)
 .debug_str     0x0000000000011148       0x6e .pio/build/hi5-startup/libmetal-gloss.a(sys_write.o)
                                        0x66f (size before relaxing)
 .debug_str     0x00000000000111b6      0x3e0 /home/shihao/.platformio/packages/toolchain-riscv/bin/../lib/gcc/riscv64-unknown-elf/8.3.0/rv32imac/ilp32/libgcc.a(_udivdi3.o)
                                        0x8a1 (size before relaxing)
 .debug_str     0x0000000000011596        0xa /home/shihao/.platformio/packages/toolchain-riscv/bin/../lib/gcc/riscv64-unknown-elf/8.3.0/rv32imac/ilp32/libgcc.a(_umoddi3.o)
                                        0x8a1 (size before relaxing)
 .debug_str     0x00000000000115a0       0x94 /home/shihao/.platformio/packages/toolchain-riscv/bin/../lib/gcc/riscv64-unknown-elf/8.3.0/rv32imac/ilp32/libgcc.a(_clz.o)
                                        0x7e8 (size before relaxing)
 .debug_str     0x0000000000011634     0x1640 .pio/build/hi5-startup/libmetal.a(cpu.o)
                                       0x1bcc (size before relaxing)
 .debug_str     0x0000000000012c74       0x5d .pio/build/hi5-startup/libmetal.a(inline.o)
                                       0x199d (size before relaxing)
 .debug_str     0x0000000000012cd1      0x3ce .pio/build/hi5-startup/libmetal.a(riscv_clint0.o)
                                       0x1d9d (size before relaxing)
 .debug_str     0x000000000001309f      0xee4 .pio/build/hi5-startup/libmetal.a(riscv_cpu.o)
                                       0x292a (size before relaxing)
 .debug_str     0x0000000000013f83      0x429 .pio/build/hi5-startup/libmetal.a(riscv_plic0.o)
                                       0x1df5 (size before relaxing)
 .debug_str     0x00000000000143ac      0x1b2 .pio/build/hi5-startup/libmetal.a(sifive_fe310-g000_hfrosc.o)
                                       0x1b11 (size before relaxing)
 .debug_str     0x000000000001455e      0x16d .pio/build/hi5-startup/libmetal.a(sifive_fe310-g000_hfxosc.o)
                                       0x1b11 (size before relaxing)
 .debug_str     0x00000000000146cb      0x41f .pio/build/hi5-startup/libmetal.a(sifive_fe310-g000_pll.o)
                                       0x2311 (size before relaxing)
 .debug_str     0x0000000000014aea       0xc9 .pio/build/hi5-startup/libmetal.a(sifive_fe310-g000_prci.o)
                                       0x1a5a (size before relaxing)
 .debug_str     0x0000000000014bb3      0x348 .pio/build/hi5-startup/libmetal.a(sifive_gpio0.o)
                                       0x1ca2 (size before relaxing)
 .debug_str     0x0000000000014efb      0x540 .pio/build/hi5-startup/libmetal.a(sifive_uart0.o)
                                       0x1f03 (size before relaxing)
 .debug_str     0x000000000001543b       0x96 .pio/build/hi5-startup/libmetal.a(shutdown.o)
                                       0x19ef (size before relaxing)
 .debug_str     0x00000000000154d1       0x8e .pio/build/hi5-startup/libmetal.a(timer.o)
                                       0x1eba (size before relaxing)
 .debug_str     0x000000000001555f       0xb4 .pio/build/hi5-startup/libmetal.a(tty.o)
                                       0x1a17 (size before relaxing)
 .debug_str     0x0000000000015613      0x1f6 .pio/build/hi5-startup/libmetal.a(uart.o)
                                       0x1b85 (size before relaxing)
 .debug_str     0x0000000000015809       0x54 .pio/build/hi5-startup/libmetal.a(clock.o)
                                        0x31d (size before relaxing)
 .debug_str     0x000000000001585d       0xdf .pio/build/hi5-startup/libmetal.a(fixed-clock.o)
                                       0x1a1f (size before relaxing)

.comment        0x0000000000000000       0x28
 .comment       0x0000000000000000       0x28 .pio/build/hi5-startup/src/riscv-startup/main.o
                                         0x29 (size before relaxing)
 .comment       0x0000000000000028       0x29 .pio/build/hi5-startup/src/riscv-startup/startup.o
 .comment       0x0000000000000028       0x29 /home/shihao/.platformio/packages/toolchain-riscv/bin/../lib/gcc/riscv64-unknown-elf/8.3.0/../../../../riscv64-unknown-elf/lib/rv32imac/ilp32/libstdc++.a(del_op.o)
 .comment       0x0000000000000028       0x29 /home/shihao/.platformio/packages/toolchain-riscv/bin/../lib/gcc/riscv64-unknown-elf/8.3.0/../../../../riscv64-unknown-elf/lib/rv32imac/ilp32/libc_nano.a(lib_a-clock.o)
 .comment       0x0000000000000028       0x29 /home/shihao/.platformio/packages/toolchain-riscv/bin/../lib/gcc/riscv64-unknown-elf/8.3.0/../../../../riscv64-unknown-elf/lib/rv32imac/ilp32/libc_nano.a(lib_a-impure.o)
 .comment       0x0000000000000028       0x29 /home/shihao/.platformio/packages/toolchain-riscv/bin/../lib/gcc/riscv64-unknown-elf/8.3.0/../../../../riscv64-unknown-elf/lib/rv32imac/ilp32/libc_nano.a(lib_a-malloc.o)
 .comment       0x0000000000000028       0x29 /home/shihao/.platformio/packages/toolchain-riscv/bin/../lib/gcc/riscv64-unknown-elf/8.3.0/../../../../riscv64-unknown-elf/lib/rv32imac/ilp32/libc_nano.a(lib_a-memcpy.o)
 .comment       0x0000000000000028       0x29 /home/shihao/.platformio/packages/toolchain-riscv/bin/../lib/gcc/riscv64-unknown-elf/8.3.0/../../../../riscv64-unknown-elf/lib/rv32imac/ilp32/libc_nano.a(lib_a-nano-freer.o)
 .comment       0x0000000000000028       0x29 /home/shihao/.platformio/packages/toolchain-riscv/bin/../lib/gcc/riscv64-unknown-elf/8.3.0/../../../../riscv64-unknown-elf/lib/rv32imac/ilp32/libc_nano.a(lib_a-nano-mallocr.o)