Archive member included to satisfy reference by file (symbol)

/home/shihao/.platformio/packages/toolchain-riscv/bin/../lib/gcc/riscv64-unknown-elf/8.3.0/../../../../riscv64-unknown-elf/lib/rv32imac/ilp32/libstdc++.a(del_op.o)
                              .pio/build/hi5-startup/src/riscv-startup/main.o (operator delete(void*))
/home/shihao/.platformio/packages/toolchain-riscv/bin/../lib/gcc/riscv64-unknown-elf/8.3.0/../../../../riscv64-unknown-elf/lib/rv32imac/ilp32/libc_nano.a(lib_a-clock.o)
                              .pio/build/hi5-startup/src/riscv-startup/main.o (clock)
/home/shihao/.platformio/packages/toolchain-riscv/bin/../lib/gcc/riscv64-unknown-elf/8.3.0/../../../../riscv64-unknown-elf/lib/rv32imac/ilp32/libc_nano.a(lib_a-impure.o)
                              /home/shihao/.platformio/packages/toolchain-riscv/bin/../lib/gcc/riscv64-unknown-elf/8.3.0/../../../../riscv64-unknown-elf/lib/rv32imac/ilp32/libc_nano.a(lib_a-clock.o) (_impure_ptr)
/home/shihao/.platformio/packages/toolchain-riscv/bin/../lib/gcc/riscv64-unknown-elf/8.3.0/../../../../riscv64-unknown-elf/lib/rv32imac/ilp32/libc_nano.a(lib_a-malloc.o)
                              /home/shihao/.platformio/packages/toolchain-riscv/bin/../lib/gcc/riscv64-unknown-elf/8.3.0/../../../../riscv64-unknown-elf/lib/rv32imac/ilp32/libstdc++.a(del_op.o) (free)
/home/shihao/.platformio/packages/toolchain-riscv/bin/../lib/gcc/riscv64-unknown-elf/8.3.0/../../../../riscv64-unknown-elf/lib/rv32imac/ilp32/libc_nano.a(lib_a-memcpy.o)
                              .pio/build/hi5-startup/src/riscv-startup/startup.o (memcpy)
/home/shihao/.platformio/packages/toolchain-riscv/bin/../lib/gcc/riscv64-unknown-elf/8.3.0/../../../../riscv64-unknown-elf/lib/rv32imac/ilp32/libc_nano.a(lib_a-nano-freer.o)
                              /home/shihao/.platformio/packages/toolchain-riscv/bin/../lib/gcc/riscv64-unknown-elf/8.3.0/../../../../riscv64-unknown-elf/lib/rv32imac/ilp32/libc_nano.a(lib_a-malloc.o) (_free_r)
/home/shihao/.platformio/packages/toolchain-riscv/bin/../lib/gcc/riscv64-unknown-elf/8.3.0/../../../../riscv64-unknown-elf/lib/rv32imac/ilp32/libc_nano.a(lib_a-nano-mallocr.o)
                              /home/shihao/.platformio/packages/toolchain-riscv/bin/../lib/gcc/riscv64-unknown-elf/8.3.0/../../../../riscv64-unknown-elf/lib/rv32imac/ilp32/libc_nano.a(lib_a-malloc.o) (_malloc_r)
/home/shihao/.platformio/packages/toolchain-riscv/bin/../lib/gcc/riscv64-unknown-elf/8.3.0/../../../../riscv64-unknown-elf/lib/rv32imac/ilp32/libc_nano.a(lib_a-printf.o)
                              .pio/build/hi5-startup/src/riscv-startup/main.o (printf)
/home/shihao/.platformio/packages/toolchain-riscv/bin/../lib/gcc/riscv64-unknown-elf/8.3.0/../../../../riscv64-unknown-elf/lib/rv32imac/ilp32/libc_nano.a(lib_a-puts.o)
                              .pio/build/hi5-startup/src/riscv-startup/main.o (puts)
/home/shihao/.platformio/packages/toolchain-riscv/bin/../lib/gcc/riscv64-unknown-elf/8.3.0/../../../../riscv64-unknown-elf/lib/rv32imac/ilp32/libc_nano.a(lib_a-sbrkr.o)
                              /home/shihao/.platformio/packages/toolchain-riscv/bin/../lib/gcc/riscv64-unknown-elf/8.3.0/../../../../riscv64-unknown-elf/lib/rv32imac/ilp32/libc_nano.a(lib_a-nano-mallocr.o) (_sbrk_r)
/home/shihao/.platformio/packages/toolchain-riscv/bin/../lib/gcc/riscv64-unknown-elf/8.3.0/../../../../riscv64-unknown-elf/lib/rv32imac/ilp32/libc_nano.a(lib_a-scanf.o)
                              .pio/build/hi5-startup/src/riscv-startup/main.o (scanf)
/home/shihao/.platformio/packages/toolchain-riscv/bin/../lib/gcc/riscv64-unknown-elf/8.3.0/../../../../riscv64-unknown-elf/lib/rv32imac/ilp32/libc_nano.a(lib_a-timesr.o)
                              /home/shihao/.platformio/packages/toolchain-riscv/bin/../lib/gcc/riscv64-unknown-elf/8.3.0/../../../../riscv64-unknown-elf/lib/rv32imac/ilp32/libc_nano.a(lib_a-clock.o) (_times_r)
/home/shihao/.platformio/packages/toolchain-riscv/bin/../lib/gcc/riscv64-unknown-elf/8.3.0/../../../../riscv64-unknown-elf/lib/rv32imac/ilp32/libc_nano.a(lib_a-wbuf.o)
                              /home/shihao/.platformio/packages/toolchain-riscv/bin/../lib/gcc/riscv64-unknown-elf/8.3.0/../../../../riscv64-unknown-elf/lib/rv32imac/ilp32/libc_nano.a(lib_a-puts.o) (__swbuf_r)
/home/shihao/.platformio/packages/toolchain-riscv/bin/../lib/gcc/riscv64-unknown-elf/8.3.0/../../../../riscv64-unknown-elf/lib/rv32imac/ilp32/libc_nano.a(lib_a-wsetup.o)
                              /home/shihao/.platformio/packages/toolchain-riscv/bin/../lib/gcc/riscv64-unknown-elf/8.3.0/../../../../riscv64-unknown-elf/lib/rv32imac/ilp32/libc_nano.a(lib_a-puts.o) (__swsetup_r)
/home/shihao/.platformio/packages/toolchain-riscv/bin/../lib/gcc/riscv64-unknown-elf/8.3.0/../../../../riscv64-unknown-elf/lib/rv32imac/ilp32/libc_nano.a(lib_a-fflush.o)
[...]
Memory Configuration

Name             Origin             Length             Attributes
itim             0x0000000008000000 0x0000000000002000 axrwl
ram              0x0000000080000000 0x0000000000004000 arw !xl
rom              0x0000000020010000 0x000000000006a120 xrl !aw
*default*        0x0000000000000000 0xffffffffffffffff

Linker script and memory map

LOAD .pio/build/hi5-startup/src/riscv-startup/main.o
LOAD .pio/build/hi5-startup/src/riscv-startup/startup.o
START GROUP
LOAD .pio/build/hi5-startup/libmetal.a
LOAD .pio/build/hi5-startup/libmetal-gloss.a
LOAD /home/shihao/.platformio/packages/toolchain-riscv/bin/../lib/gcc/riscv64-unknown-elf/8.3.0/../../../../riscv64-unknown-elf/lib/rv32imac/ilp32/libstdc++.a
LOAD /home/shihao/.platformio/packages/toolchain-riscv/bin/../lib/gcc/riscv64-unknown-elf/8.3.0/../../../../riscv64-unknown-elf/lib/rv32imac/ilp32/libc_nano.a
LOAD /home/shihao/.platformio/packages/toolchain-riscv/bin/../lib/gcc/riscv64-unknown-elf/8.3.0/rv32imac/ilp32/libgcc.a
LOAD /home/shihao/.platformio/packages/toolchain-riscv/bin/../lib/gcc/riscv64-unknown-elf/8.3.0/../../../../riscv64-unknown-elf/lib/rv32imac/ilp32/libm.a
END GROUP
                0x0000000000000400                __stack_size = DEFINED (__stack_size)?__stack_size:0x400
                [!provide]                        PROVIDE (__stack_size = __stack_size)
                0x0000000000000800                __heap_size = DEFINED (__heap_size)?__heap_size:0x800
                [!provide]                        PROVIDE (__metal_boot_hart = 0x0)
                [!provide]                        PROVIDE (__metal_chicken_bit = 0x1)
                [!provide]                        PROVIDE (__metal_eccscrub_bit = 0x0)
                [!provide]                        PROVIDE (metal_dtim_0_memory_start = 0x80000000)
                [!provide]                        PROVIDE (metal_dtim_0_memory_end = 0x80004000)
                [!provide]                        PROVIDE (metal_itim_0_memory_start = 0x8000000)
                [!provide]                        PROVIDE (metal_itim_0_memory_end = 0x8002000)

.init           0x0000000020010000       0x1e
 *(.text.metal.init.enter)
 .text.metal.init.enter
                0x0000000020010000       0x10 .pio/build/hi5-startup/src/riscv-startup/startup.o
                0x0000000020010000                _enter
 *(.text.metal.init.*)
 .text.metal.init.trapvec
                0x0000000020010010        0xe .pio/build/hi5-startup/libmetal.a(trap.o)
                0x0000000020010010                early_trap_vector
 *(SORT_NONE(.init))
 *(.text.libgloss.start)

.fini
 *(SORT_NONE(.fini))

.preinit_array  0x0000000020010020        0x0
                [!provide]                        PROVIDE (__preinit_array_start = .)
 *(.preinit_array)
                [!provide]                        PROVIDE (__preinit_array_end = .)

.init_array     0x0000000020010020        0xc
                0x0000000020010020                PROVIDE (__init_array_start = .)
 *(SORT_BY_INIT_PRIORITY(.init_array.*) SORT_BY_INIT_PRIORITY(.ctors.*))
 *(.init_array EXCLUDE_FILE(*crtend?.o *crtend.o *crtbegin?.o *crtbegin.o) .ctors)
                0x0000000020010020                PROVIDE (__init_array_end = .)
                [!provide]                        PROVIDE (metal_constructors_start = .)
 *(SORT_BY_INIT_PRIORITY(.metal.init_array.*))
 .metal.init_array.5000
                0x0000000020010020        0x8 .pio/build/hi5-startup/libmetal.a(sifive_fe310-g000_pll.o)
                0x0000000020010020                _use_hfxosc_ptr
                0x0000000020010024                _metal_sifive_fe310_g000_pll_init_ptr
 .metal.init_array.5000
                0x0000000020010028        0x4 .pio/build/hi5-startup/libmetal.a(tty.o)
                0x0000000020010028                _metal_tty_init_ptr
 *(.metal.init_array)
                [!provide]                        PROVIDE (metal_constructors_end = .)

.fini_array     0x0000000020010030        0x0
                [!provide]                        PROVIDE (__fini_array_start = .)
 *(SORT_BY_INIT_PRIORITY(.fini_array.*) SORT_BY_INIT_PRIORITY(.dtors.*))
 *(.fini_array EXCLUDE_FILE(*crtend?.o *crtend.o *crtbegin?.o *crtbegin.o) .dtors)
                [!provide]                        PROVIDE (__fini_array_end = .)
                [!provide]                        PROVIDE (metal_destructors_start = .)
 *(SORT_BY_INIT_PRIORITY(.metal.fini_array.*))
 *(.metal.fini_array)
                [!provide]                        PROVIDE (metal_destructors_end = .)

.ctors          0x000000002001002c       0x32
 *crtbegin.o(.ctors)
 *crtbegin?.o(.ctors)
 *(EXCLUDE_FILE(*crtend?.o *crtend.o) .ctors)
 *(SORT_BY_NAME(.ctors.*))
 *(.ctors)
 *(.metal.ctors .metal.ctors.*)
 .metal.ctors   0x000000002001002c       0x20 .pio/build/hi5-startup/libmetal.a(sifive_fe310-g000_pll.o)
                0x000000002001002c                metal_sifive_fe310_g000_pll_init
                0x0000000020010038                use_hfxosc
 .metal.ctors   0x000000002001004c       0x12 .pio/build/hi5-startup/libmetal.a(tty.o)
                0x000000002001004c                metal_tty_init

.dtors
 *crtbegin.o(.dtors)
 *crtbegin?.o(.dtors)
 *(EXCLUDE_FILE(*crtend?.o *crtend.o) .dtors)
 *(SORT_BY_NAME(.dtors.*))
 *(.dtors)
 *(.metal.dtors .metal.dtors.*)

.rodata         0x0000000020010060      0xda0
 *(.rdata)
 *(.rodata .rodata.*)
 .rodata.main.str1.4
                0x0000000020010060       0x28 .pio/build/hi5-startup/src/riscv-startup/main.o
 .rodata.__sf_fake_stderr
                0x0000000020010088       0x20 /home/shihao/.platformio/packages/toolchain-riscv/bin/../lib/gcc/riscv64-unknown-elf/8.3.0/../../../../riscv64-unknown-elf/lib/rv32imac/ilp32/libc_nano.a(lib_a-findfp.o)
                0x0000000020010088                __sf_fake_stderr
 .rodata.__sf_fake_stdin
                0x00000000200100a8       0x20 /home/shihao/.platformio/packages/toolchain-riscv/bin/../lib/gcc/riscv64-unknown-elf/8.3.0/../../../../riscv64-unknown-elf/lib/rv32imac/ilp32/libc_nano.a(lib_a-findfp.o)
                0x00000000200100a8                __sf_fake_stdin
 .rodata.__sf_fake_stdout
                0x00000000200100c8       0x20 /home/shihao/.platformio/packages/toolchain-riscv/bin/../lib/gcc/riscv64-unknown-elf/8.3.0/../../../../riscv64-unknown-elf/lib/rv32imac/ilp32/libc_nano.a(lib_a-findfp.o)
                0x00000000200100c8                __sf_fake_stdout
 .rodata._vfprintf_r.str1.4
                0x00000000200100e8       0x13 /home/shihao/.platformio/packages/toolchain-riscv/bin/../lib/gcc/riscv64-unknown-elf/8.3.0/../../../../riscv64-unknown-elf/lib/rv32imac/ilp32/libc_nano.a(lib_a-nano-vfprintf.o)
 .rodata.__svfscanf_r.str1.4
                0x00000000200100fb        0x4 /home/shihao/.platformio/packages/toolchain-riscv/bin/../lib/gcc/riscv64-unknown-elf/8.3.0/../../../../riscv64-unknown-elf/lib/rv32imac/ilp32/libc_nano.a(lib_a-nano-vfscanf.o)
 *fill*         0x00000000200100fb        0x1 
 .rodata._ctype_
                0x00000000200100fc      0x101 /home/shihao/.platformio/packages/toolchain-riscv/bin/../lib/gcc/riscv64-unknown-elf/8.3.0/../../../../riscv64-unknown-elf/lib/rv32imac/ilp32/libc_nano.a(lib_a-ctype_.o)
                0x00000000200100fc                _ctype_
 *fill*         0x00000000200101fd        0x3 
 .rodata._printf_i.str1.4
                0x0000000020010200       0x25 /home/shihao/.platformio/packages/toolchain-riscv/bin/../lib/gcc/riscv64-unknown-elf/8.3.0/../../../../riscv64-unknown-elf/lib/rv32imac/ilp32/libc_nano.a(lib_a-nano-vfprintf_i.o)
 *fill*         0x0000000020010225        0x3 
 .rodata._scanf_i.str1.4
                0x0000000020010228       0x12 /home/shihao/.platformio/packages/toolchain-riscv/bin/../lib/gcc/riscv64-unknown-elf/8.3.0/../../../../riscv64-unknown-elf/lib/rv32imac/ilp32/libc_nano.a(lib_a-nano-vfscanf_i.o)
 *fill*         0x000000002001023a        0x2 
 .rodata.str1.4
                0x000000002001023c        0xc /home/shihao/.platformio/packages/toolchain-riscv/bin/../lib/gcc/riscv64-unknown-elf/8.3.0/../../../../riscv64-unknown-elf/lib/rv32imac/ilp32/libc_nano.a(lib_a-nano-vfscanf_i.o)
                                          0xb (size before relaxing)
 .rodata        0x0000000020010248      0x100 /home/shihao/.platformio/packages/toolchain-riscv/bin/../lib/gcc/riscv64-unknown-elf/8.3.0/rv32imac/ilp32/libgcc.a(_clz.o)
                0x0000000020010248                __clz_tab
 .rodata.__metal_driver_vtable_riscv_clint0
                0x0000000020010348       0x64 .pio/build/hi5-startup/libmetal.a(riscv_clint0.o)
                0x0000000020010348                __metal_driver_vtable_riscv_clint0
 .rodata.__metal_driver_vtable_cpu
                0x00000000200103ac       0x44 .pio/build/hi5-startup/libmetal.a(riscv_cpu.o)
                0x00000000200103ac                __metal_driver_vtable_cpu
 .rodata.__metal_driver_vtable_riscv_cpu_intc
                0x00000000200103f0       0x64 .pio/build/hi5-startup/libmetal.a(riscv_cpu.o)
                0x00000000200103f0                __metal_driver_vtable_riscv_cpu_intc
 .rodata.__metal_driver_vtable_riscv_plic0
                0x0000000020010454       0x64 .pio/build/hi5-startup/libmetal.a(riscv_plic0.o)
                0x0000000020010454                __metal_driver_vtable_riscv_plic0
 .rodata.__metal_driver_vtable_sifive_fe310_g000_pll
                0x00000000200104b8        0xc .pio/build/hi5-startup/libmetal.a(sifive_fe310-g000_pll.o)
                0x00000000200104b8                __metal_driver_vtable_sifive_fe310_g000_pll
 .rodata.pll_configs
                0x00000000200104c4      0x880 .pio/build/hi5-startup/libmetal.a(sifive_fe310-g000_pll.o)
 .rodata.__metal_driver_sifive_gpio0_config_int
                0x0000000020010d44       0x20 .pio/build/hi5-startup/libmetal.a(sifive_gpio0.o)
 .rodata.__metal_driver_sifive_gpio0_clear_int
                0x0000000020010d64       0x1c .pio/build/hi5-startup/libmetal.a(sifive_gpio0.o)
 .rodata.__metal_driver_vtable_sifive_gpio0
                0x0000000020010d80       0x3c .pio/build/hi5-startup/libmetal.a(sifive_gpio0.o)
                0x0000000020010d80                __metal_driver_vtable_sifive_gpio0
 .rodata.__metal_driver_vtable_sifive_uart0
                0x0000000020010dbc       0x40 .pio/build/hi5-startup/libmetal.a(sifive_uart0.o)
                0x0000000020010dbc                __metal_driver_vtable_sifive_uart0
 *(.gnu.linkonce.r.*)
                0x0000000020010e00                . = ALIGN (0x8)
 *fill*         0x0000000020010dfc        0x4 
 *(.srodata.cst16)
 *(.srodata.cst8)
 *(.srodata.cst4)
 *(.srodata.cst2)
 *(.srodata .srodata.*)

.itim           0x0000000008000000        0x0 load address 0x0000000020010e00
 *(.itim .itim.*)
                0x0000000020010e00                PROVIDE (metal_segment_itim_source_start = LOADADDR (.itim))
                0x0000000008000000                PROVIDE (metal_segment_itim_target_start = ADDR (.itim))
                0x0000000008000000                PROVIDE (metal_segment_itim_target_end = (ADDR (.itim) + SIZEOF (.itim)))

.text           0x0000000020010e00     0x4d80
 *(.text.unlikely .text.unlikely.*)
 *(.text.startup .text.startup.*)
 .text.startup.main
                0x0000000020010e00       0x80 .pio/build/hi5-startup/src/riscv-startup/main.o
                0x0000000020010e00                main
 *(.text .text.*)
 .text._Z5delayi
                0x0000000020010e80       0x1e .pio/build/hi5-startup/src/riscv-startup/main.o
                0x0000000020010e80                delay(int)
 .text._start   0x0000000020010e9e       0x8c .pio/build/hi5-startup/src/riscv-startup/startup.o
                0x0000000020010e9e                _start
 .text._ZdlPv   0x0000000020010f2a        0x2 /home/shihao/.platformio/packages/toolchain-riscv/bin/../lib/gcc/riscv64-unknown-elf/8.3.0/../../../../riscv64-unknown-elf/lib/rv32imac/ilp32/libstdc++.a(del_op.o)
                0x0000000020010f2a                operator delete(void*)
 .text.clock    0x0000000020010f2c       0x2c /home/shihao/.platformio/packages/toolchain-riscv/bin/../lib/gcc/riscv64-unknown-elf/8.3.0/../../../../riscv64-unknown-elf/lib/rv32imac/ilp32/libc_nano.a(lib_a-clock.o)
                0x0000000020010f2c                clock
 .text.free     0x0000000020010f58        0xe /home/shihao/.platformio/packages/toolchain-riscv/bin/../lib/gcc/riscv64-unknown-elf/8.3.0/../../../../riscv64-unknown-elf/lib/rv32imac/ilp32/libc_nano.a(lib_a-malloc.o)
                0x0000000020010f58                free
 .text.memcpy   0x0000000020010f66       0xb6 /home/shihao/.platformio/packages/toolchain-riscv/bin/../lib/gcc/riscv64-unknown-elf/8.3.0/../../../../riscv64-unknown-elf/lib/rv32imac/ilp32/libc_nano.a(lib_a-memcpy.o)
                0x0000000020010f66                memcpy
 .text._free_r  0x000000002001101c       0xb0 /home/shihao/.platformio/packages/toolchain-riscv/bin/../lib/gcc/riscv64-unknown-elf/8.3.0/../../../../riscv64-unknown-elf/lib/rv32imac/ilp32/libc_nano.a(lib_a-nano-freer.o)
                0x000000002001101c                _free_r
 .text._malloc_r
                0x00000000200110cc       0xe4 /home/shihao/.platformio/packages/toolchain-riscv/bin/../lib/gcc/riscv64-unknown-elf/8.3.0/../../../../riscv64-unknown-elf/lib/rv32imac/ilp32/libc_nano.a(lib_a-nano-mallocr.o)
                0x00000000200110cc                _malloc_r
 .text.printf   0x00000000200111b0       0x44 /home/shihao/.platformio/packages/toolchain-riscv/bin/../lib/gcc/riscv64-unknown-elf/8.3.0/../../../../riscv64-unknown-elf/lib/rv32imac/ilp32/libc_nano.a(lib_a-printf.o)
                0x00000000200111b0                printf
                0x00000000200111b0                iprintf
 .text._puts_r  0x00000000200111f4       0xda /home/shihao/.platformio/packages/toolchain-riscv/bin/../lib/gcc/riscv64-unknown-elf/8.3.0/../../../../riscv64-unknown-elf/lib/rv32imac/ilp32/libc_nano.a(lib_a-puts.o)
                0x00000000200111f4                _puts_r
 .text.puts     0x00000000200112ce        0xe /home/shihao/.platformio/packages/toolchain-riscv/bin/../lib/gcc/riscv64-unknown-elf/8.3.0/../../../../riscv64-unknown-elf/lib/rv32imac/ilp32/libc_nano.a(lib_a-puts.o)
                0x00000000200112ce                puts
 .text._sbrk_r  0x00000000200112dc       0x32 /home/shihao/.platformio/packages/toolchain-riscv/bin/../lib/gcc/riscv64-unknown-elf/8.3.0/../../../../riscv64-unknown-elf/lib/rv32imac/ilp32/libc_nano.a(lib_a-sbrkr.o)
                0x00000000200112dc                _sbrk_r
 .text.scanf    0x000000002001130e       0x44 /home/shihao/.platformio/packages/toolchain-riscv/bin/../lib/gcc/riscv64-unknown-elf/8.3.0/../../../../riscv64-unknown-elf/lib/rv32imac/ilp32/libc_nano.a(lib_a-scanf.o)
                0x000000002001130e                iscanf
                0x000000002001130e                scanf
 .text._times_r
                0x0000000020011352        0x6 /home/shihao/.platformio/packages/toolchain-riscv/bin/../lib/gcc/riscv64-unknown-elf/8.3.0/../../../../riscv64-unknown-elf/lib/rv32imac/ilp32/libc_nano.a(lib_a-timesr.o)
                0x0000000020011352                _times_r
 .text.__swbuf_r
                0x0000000020011358       0xc0 /home/shihao/.platformio/packages/toolchain-riscv/bin/../lib/gcc/riscv64-unknown-elf/8.3.0/../../../../riscv64-unknown-elf/lib/rv32imac/ilp32/libc_nano.a(lib_a-wbuf.o)
                0x0000000020011358                __swbuf_r
 .text.__swsetup_r
                0x0000000020011418      0x110 /home/shihao/.platformio/packages/toolchain-riscv/bin/../lib/gcc/riscv64-unknown-elf/8.3.0/../../../../riscv64-unknown-elf/lib/rv32imac/ilp32/libc_nano.a(lib_a-wsetup.o)
                0x0000000020011418                __swsetup_r
 .text.__sflush_r
                0x0000000020011528      0x14a /home/shihao/.platformio/packages/toolchain-riscv/bin/../lib/gcc/riscv64-unknown-elf/8.3.0/../../../../riscv64-unknown-elf/lib/rv32imac/ilp32/libc_nano.a(lib_a-fflush.o)
                0x0000000020011528                __sflush_r
 .text._fflush_r
                0x0000000020011672       0x64 /home/shihao/.platformio/packages/toolchain-riscv/bin/../lib/gcc/riscv64-unknown-elf/8.3.0/../../../../riscv64-unknown-elf/lib/rv32imac/ilp32/libc_nano.a(lib_a-fflush.o)
                0x0000000020011672                _fflush_r
 .text.fflush   0x00000000200116d6       0x24 /home/shihao/.platformio/packages/toolchain-riscv/bin/../lib/gcc/riscv64-unknown-elf/8.3.0/../../../../riscv64-unknown-elf/lib/rv32imac/ilp32/libc_nano.a(lib_a-fflush.o)
                0x00000000200116d6                fflush
 .text.std      0x00000000200116fa       0x68 /home/shihao/.platformio/packages/toolchain-riscv/bin/../lib/gcc/riscv64-unknown-elf/8.3.0/../../../../riscv64-unknown-elf/lib/rv32imac/ilp32/libc_nano.a(lib_a-findfp.o)
 .text._cleanup_r
                0x0000000020011762        0xa /home/shihao/.platformio/packages/toolchain-riscv/bin/../lib/gcc/riscv64-unknown-elf/8.3.0/../../../../riscv64-unknown-elf/lib/rv32imac/ilp32/libc_nano.a(lib_a-findfp.o)
                0x0000000020011762                _cleanup_r
 .text.__sfmoreglue
                0x000000002001176c       0x44 /home/shihao/.platformio/packages/toolchain-riscv/bin/../lib/gcc/riscv64-unknown-elf/8.3.0/../../../../riscv64-unknown-elf/lib/rv32imac/ilp32/libc_nano.a(lib_a-findfp.o)
                0x000000002001176c                __sfmoreglue
 .text.__sinit  0x00000000200117b0       0x6a /home/shihao/.platformio/packages/toolchain-riscv/bin/../lib/gcc/riscv64-unknown-elf/8.3.0/../../../../riscv64-unknown-elf/lib/rv32imac/ilp32/libc_nano.a(lib_a-findfp.o)
                0x00000000200117b0                __sinit
 .text.__sfp    0x000000002001181a       0x9e /home/shihao/.platformio/packages/toolchain-riscv/bin/../lib/gcc/riscv64-unknown-elf/8.3.0/../../../../riscv64-unknown-elf/lib/rv32imac/ilp32/libc_nano.a(lib_a-findfp.o)
                0x000000002001181a                __sfp
 .text._fwalk   0x00000000200118b8       0x62 /home/shihao/.platformio/packages/toolchain-riscv/bin/../lib/gcc/riscv64-unknown-elf/8.3.0/../../../../riscv64-unknown-elf/lib/rv32imac/ilp32/libc_nano.a(lib_a-fwalk.o)
                0x00000000200118b8                _fwalk
 .text._fwalk_reent
                0x000000002001191a       0x6c /home/shihao/.platformio/packages/toolchain-riscv/bin/../lib/gcc/riscv64-unknown-elf/8.3.0/../../../../riscv64-unknown-elf/lib/rv32imac/ilp32/libc_nano.a(lib_a-fwalk.o)
                0x000000002001191a                _fwalk_reent
 .text.__swhatbuf_r
                0x0000000020011986       0x5a /home/shihao/.platformio/packages/toolchain-riscv/bin/../lib/gcc/riscv64-unknown-elf/8.3.0/../../../../riscv64-unknown-elf/lib/rv32imac/ilp32/libc_nano.a(lib_a-makebuf.o)
                0x0000000020011986                __swhatbuf_r
 .text.__smakebuf_r
                0x00000000200119e0       0xa0 /home/shihao/.platformio/packages/toolchain-riscv/bin/../lib/gcc/riscv64-unknown-elf/8.3.0/../../../../riscv64-unknown-elf/lib/rv32imac/ilp32/libc_nano.a(lib_a-makebuf.o)
                0x00000000200119e0                __smakebuf_r
 .text          0x0000000020011a80       0xa8 /home/shihao/.platformio/packages/toolchain-riscv/bin/../lib/gcc/riscv64-unknown-elf/8.3.0/../../../../riscv64-unknown-elf/lib/rv32imac/ilp32/libc_nano.a(lib_a-memset.o)
                0x0000000020011a80                memset
 .text.__malloc_lock
                0x0000000020011b28        0x2 /home/shihao/.platformio/packages/toolchain-riscv/bin/../lib/gcc/riscv64-unknown-elf/8.3.0/../../../../riscv64-unknown-elf/lib/rv32imac/ilp32/libc_nano.a(lib_a-mlock.o)
                0x0000000020011b28                __malloc_lock
 .text.__malloc_unlock
                0x0000000020011b2a        0x2 /home/shihao/.platformio/packages/toolchain-riscv/bin/../lib/gcc/riscv64-unknown-elf/8.3.0/../../../../riscv64-unknown-elf/lib/rv32imac/ilp32/libc_nano.a(lib_a-mlock.o)
                0x0000000020011b2a                __malloc_unlock
 .text.__sfputc_r
                0x0000000020011b2c       0x2a /home/shihao/.platformio/packages/toolchain-riscv/bin/../lib/gcc/riscv64-unknown-elf/8.3.0/../../../../riscv64-unknown-elf/lib/rv32imac/ilp32/libc_nano.a(lib_a-nano-vfprintf.o)
 .text.__sfputs_r
                0x0000000020011b56       0x42 /home/shihao/.platformio/packages/toolchain-riscv/bin/../lib/gcc/riscv64-unknown-elf/8.3.0/../../../../riscv64-unknown-elf/lib/rv32imac/ilp32/libc_nano.a(lib_a-nano-vfprintf.o)
                0x0000000020011b56                __sfputs_r
 .text._vfprintf_r
                0x0000000020011b98      0x2a0 /home/shihao/.platformio/packages/toolchain-riscv/bin/../lib/gcc/riscv64-unknown-elf/8.3.0/../../../../riscv64-unknown-elf/lib/rv32imac/ilp32/libc_nano.a(lib_a-nano-vfprintf.o)
                0x0000000020011b98                _vfiprintf_r
                0x0000000020011b98                _vfprintf_r
 .text.__svfscanf_r
                0x0000000020011e38      0x3b0 /home/shihao/.platformio/packages/toolchain-riscv/bin/../lib/gcc/riscv64-unknown-elf/8.3.0/../../../../riscv64-unknown-elf/lib/rv32imac/ilp32/libc_nano.a(lib_a-nano-vfscanf.o)
                0x0000000020011e38                __svfiscanf_r
                0x0000000020011e38                __svfscanf_r
 .text._vfscanf_r
                0x00000000200121e8       0x56 /home/shihao/.platformio/packages/toolchain-riscv/bin/../lib/gcc/riscv64-unknown-elf/8.3.0/../../../../riscv64-unknown-elf/lib/rv32imac/ilp32/libc_nano.a(lib_a-nano-vfscanf.o)
                0x00000000200121e8                _vfiscanf_r
                0x00000000200121e8                _vfscanf_r
 .text.lflush   0x000000002001223e       0x14 /home/shihao/.platformio/packages/toolchain-riscv/bin/../lib/gcc/riscv64-unknown-elf/8.3.0/../../../../riscv64-unknown-elf/lib/rv32imac/ilp32/libc_nano.a(lib_a-refill.o)
 .text.__srefill_r
                0x0000000020012252      0x158 /home/shihao/.platformio/packages/toolchain-riscv/bin/../lib/gcc/riscv64-unknown-elf/8.3.0/../../../../riscv64-unknown-elf/lib/rv32imac/ilp32/libc_nano.a(lib_a-refill.o)
                0x0000000020012252                __srefill_r
 .text.__sccl   0x00000000200123aa       0x8e /home/shihao/.platformio/packages/toolchain-riscv/bin/../lib/gcc/riscv64-unknown-elf/8.3.0/../../../../riscv64-unknown-elf/lib/rv32imac/ilp32/libc_nano.a(lib_a-sccl.o)
                0x00000000200123aa                __sccl
 .text.__sread  0x0000000020012438       0x32 /home/shihao/.platformio/packages/toolchain-riscv/bin/../lib/gcc/riscv64-unknown-elf/8.3.0/../../../../riscv64-unknown-elf/lib/rv32imac/ilp32/libc_nano.a(lib_a-stdio.o)
                0x0000000020012438                __sread
 .text.__swrite
                0x000000002001246a       0x4e /home/shihao/.platformio/packages/toolchain-riscv/bin/../lib/gcc/riscv64-unknown-elf/8.3.0/../../../../riscv64-unknown-elf/lib/rv32imac/ilp32/libc_nano.a(lib_a-stdio.o)
                0x000000002001246a                __swrite
 .text.__sseek  0x00000000200124b8       0x36 /home/shihao/.platformio/packages/toolchain-riscv/bin/../lib/gcc/riscv64-unknown-elf/8.3.0/../../../../riscv64-unknown-elf/lib/rv32imac/ilp32/libc_nano.a(lib_a-stdio.o)
                0x00000000200124b8                __sseek
 .text.__sclose
                0x00000000200124ee        0x6 /home/shihao/.platformio/packages/toolchain-riscv/bin/../lib/gcc/riscv64-unknown-elf/8.3.0/../../../../riscv64-unknown-elf/lib/rv32imac/ilp32/libc_nano.a(lib_a-stdio.o)
                0x00000000200124ee                __sclose
 .text.__submore
                0x00000000200124f4       0x8a /home/shihao/.platformio/packages/toolchain-riscv/bin/../lib/gcc/riscv64-unknown-elf/8.3.0/../../../../riscv64-unknown-elf/lib/rv32imac/ilp32/libc_nano.a(lib_a-ungetc.o)
                0x00000000200124f4                __submore
 .text._ungetc_r
                0x000000002001257e      0x11a /home/shihao/.platformio/packages/toolchain-riscv/bin/../lib/gcc/riscv64-unknown-elf/8.3.0/../../../../riscv64-unknown-elf/lib/rv32imac/ilp32/libc_nano.a(lib_a-ungetc.o)
                0x000000002001257e                _ungetc_r
 .text._write_r
                0x0000000020012698       0x36 /home/shihao/.platformio/packages/toolchain-riscv/bin/../lib/gcc/riscv64-unknown-elf/8.3.0/../../../../riscv64-unknown-elf/lib/rv32imac/ilp32/libc_nano.a(lib_a-writer.o)
                0x0000000020012698                _write_r
 .text._close_r
                0x00000000200126ce       0x32 /home/shihao/.platformio/packages/toolchain-riscv/bin/../lib/gcc/riscv64-unknown-elf/8.3.0/../../../../riscv64-unknown-elf/lib/rv32imac/ilp32/libc_nano.a(lib_a-closer.o)
                0x00000000200126ce                _close_r
 .text._fstat_r
                0x0000000020012700       0x34 /home/shihao/.platformio/packages/toolchain-riscv/bin/../lib/gcc/riscv64-unknown-elf/8.3.0/../../../../riscv64-unknown-elf/lib/rv32imac/ilp32/libc_nano.a(lib_a-fstatr.o)
                0x0000000020012700                _fstat_r
 .text._isatty_r
                0x0000000020012734       0x32 /home/shihao/.platformio/packages/toolchain-riscv/bin/../lib/gcc/riscv64-unknown-elf/8.3.0/../../../../riscv64-unknown-elf/lib/rv32imac/ilp32/libc_nano.a(lib_a-isattyr.o)
                0x0000000020012734                _isatty_r
 .text._lseek_r
                0x0000000020012766       0x36 /home/shihao/.platformio/packages/toolchain-riscv/bin/../lib/gcc/riscv64-unknown-elf/8.3.0/../../../../riscv64-unknown-elf/lib/rv32imac/ilp32/libc_nano.a(lib_a-lseekr.o)
                0x0000000020012766                _lseek_r
 .text.memchr   0x000000002001279c       0x1a /home/shihao/.platformio/packages/toolchain-riscv/bin/../lib/gcc/riscv64-unknown-elf/8.3.0/../../../../riscv64-unknown-elf/lib/rv32imac/ilp32/libc_nano.a(lib_a-memchr.o)
                0x000000002001279c                memchr
 .text._realloc_r
                0x00000000200127b6       0x5a /home/shihao/.platformio/packages/toolchain-riscv/bin/../lib/gcc/riscv64-unknown-elf/8.3.0/../../../../riscv64-unknown-elf/lib/rv32imac/ilp32/libc_nano.a(lib_a-nano-reallocr.o)
                0x00000000200127b6                _realloc_r
 .text._printf_common
                0x0000000020012810      0x10c /home/shihao/.platformio/packages/toolchain-riscv/bin/../lib/gcc/riscv64-unknown-elf/8.3.0/../../../../riscv64-unknown-elf/lib/rv32imac/ilp32/libc_nano.a(lib_a-nano-vfprintf_i.o)
                0x0000000020012810                _printf_common
 .text._printf_i
                0x000000002001291c      0x2a2 /home/shihao/.platformio/packages/toolchain-riscv/bin/../lib/gcc/riscv64-unknown-elf/8.3.0/../../../../riscv64-unknown-elf/lib/rv32imac/ilp32/libc_nano.a(lib_a-nano-vfprintf_i.o)
                0x000000002001291c                _printf_i
 .text._scanf_chars
                0x0000000020012bbe       0xe0 /home/shihao/.platformio/packages/toolchain-riscv/bin/../lib/gcc/riscv64-unknown-elf/8.3.0/../../../../riscv64-unknown-elf/lib/rv32imac/ilp32/libc_nano.a(lib_a-nano-vfscanf_i.o)
                0x0000000020012bbe                _scanf_chars
 .text._scanf_i
                0x0000000020012c9e      0x262 /home/shihao/.platformio/packages/toolchain-riscv/bin/../lib/gcc/riscv64-unknown-elf/8.3.0/../../../../riscv64-unknown-elf/lib/rv32imac/ilp32/libc_nano.a(lib_a-nano-vfscanf_i.o)
                0x0000000020012c9e                _scanf_i
 .text._read_r  0x0000000020012f00       0x34 /home/shihao/.platformio/packages/toolchain-riscv/bin/../lib/gcc/riscv64-unknown-elf/8.3.0/../../../../riscv64-unknown-elf/lib/rv32imac/ilp32/libc_nano.a(lib_a-readr.o)
                0x0000000020012f00                _read_r
 .text._strtol_l.isra.0
                0x0000000020012f34      0x12c /home/shihao/.platformio/packages/toolchain-riscv/bin/../lib/gcc/riscv64-unknown-elf/8.3.0/../../../../riscv64-unknown-elf/lib/rv32imac/ilp32/libc_nano.a(lib_a-strtol.o)
 .text._strtol_r
                0x0000000020013060        0x2 /home/shihao/.platformio/packages/toolchain-riscv/bin/../lib/gcc/riscv64-unknown-elf/8.3.0/../../../../riscv64-unknown-elf/lib/rv32imac/ilp32/libc_nano.a(lib_a-strtol.o)
                0x0000000020013060                _strtol_r
 .text._strtoul_l.isra.0
                0x0000000020013062      0x11c /home/shihao/.platformio/packages/toolchain-riscv/bin/../lib/gcc/riscv64-unknown-elf/8.3.0/../../../../riscv64-unknown-elf/lib/rv32imac/ilp32/libc_nano.a(lib_a-strtoul.o)
 .text._strtoul_r
                0x000000002001317e        0x2 /home/shihao/.platformio/packages/toolchain-riscv/bin/../lib/gcc/riscv64-unknown-elf/8.3.0/../../../../riscv64-unknown-elf/lib/rv32imac/ilp32/libc_nano.a(lib_a-strtoul.o)
                0x000000002001317e                _strtoul_r
 .text._malloc_usable_size_r
                0x0000000020013180       0x14 /home/shihao/.platformio/packages/toolchain-riscv/bin/../lib/gcc/riscv64-unknown-elf/8.3.0/../../../../riscv64-unknown-elf/lib/rv32imac/ilp32/libc_nano.a(lib_a-nano-msizer.o)
                0x0000000020013180                _malloc_usable_size_r
 .text._close   0x0000000020013194       0x14 .pio/build/hi5-startup/libmetal-gloss.a(sys_close.o)
                0x0000000020013194                _close
 .text._fstat   0x00000000200131a8       0x14 .pio/build/hi5-startup/libmetal-gloss.a(sys_fstat.o)
                0x00000000200131a8                _fstat
 .text._isatty  0x00000000200131bc        0x8 .pio/build/hi5-startup/libmetal-gloss.a(sys_isatty.o)
                0x00000000200131bc                _isatty
 .text._lseek   0x00000000200131c4       0x14 .pio/build/hi5-startup/libmetal-gloss.a(sys_lseek.o)
                0x00000000200131c4                _lseek
 .text._read    0x00000000200131d8       0x14 .pio/build/hi5-startup/libmetal-gloss.a(sys_read.o)
                0x00000000200131d8                _read
 .text._sbrk    0x00000000200131ec       0x24 .pio/build/hi5-startup/libmetal-gloss.a(sys_sbrk.o)
                0x00000000200131ec                _sbrk
 .text._times   0x0000000020013210       0x8a .pio/build/hi5-startup/libmetal-gloss.a(sys_times.o)
                0x0000000020013210                times
                0x0000000020013210                _times
 .text._write   0x000000002001329a       0x3c .pio/build/hi5-startup/libmetal-gloss.a(sys_write.o)
                0x000000002001329a                write
                0x000000002001329a                _write
 .text.__errno  0x00000000200132d6        0xc /home/shihao/.platformio/packages/toolchain-riscv/bin/../lib/gcc/riscv64-unknown-elf/8.3.0/../../../../riscv64-unknown-elf/lib/rv32imac/ilp32/libc_nano.a(lib_a-errno.o)
                0x00000000200132d6                __errno
 .text          0x00000000200132e2      0x35e /home/shihao/.platformio/packages/toolchain-riscv/bin/../lib/gcc/riscv64-unknown-elf/8.3.0/rv32imac/ilp32/libgcc.a(_udivdi3.o)
                0x00000000200132e2                __udivdi3
 .text          0x0000000020013640      0x352 /home/shihao/.platformio/packages/toolchain-riscv/bin/../lib/gcc/riscv64-unknown-elf/8.3.0/rv32imac/ilp32/libgcc.a(_umoddi3.o)
                0x0000000020013640                __umoddi3
 .text.metal_cpu_get_timer
                0x0000000020013992        0x8 .pio/build/hi5-startup/libmetal.a(cpu.o)
                0x0000000020013992                metal_cpu_get_timer
 .text.metal_cpu_get_timebase
                0x000000002001399a        0x8 .pio/build/hi5-startup/libmetal.a(cpu.o)
                0x000000002001399a                metal_cpu_get_timebase
 .text.metal_cpu_interrupt_controller
                0x00000000200139a2        0x8 .pio/build/hi5-startup/libmetal.a(cpu.o)
                0x00000000200139a2                metal_cpu_interrupt_controller
 .text.metal_cpu_get
                0x00000000200139aa        0xc .pio/build/hi5-startup/libmetal.a(cpu.o)
                0x00000000200139aa                metal_cpu_get
 .text.metal_cpu_get_current_hartid
                0x00000000200139b6        0x6 .pio/build/hi5-startup/libmetal.a(cpu.o)
                0x00000000200139b6                metal_cpu_get_current_hartid
 .text.__metal_driver_riscv_clint0_mtimecmp_set
                0x00000000200139bc       0x28 .pio/build/hi5-startup/libmetal.a(riscv_clint0.o)
                0x00000000200139bc                __metal_driver_riscv_clint0_mtimecmp_set
 .text.__metal_driver_riscv_clint0_vector_register
                0x00000000200139e4        0x4 .pio/build/hi5-startup/libmetal.a(riscv_clint0.o)
                0x00000000200139e4                __metal_driver_riscv_clint0_vector_register
 .text.__metal_driver_riscv_clint0_get_vector_mode
                0x00000000200139e8        0x4 .pio/build/hi5-startup/libmetal.a(riscv_clint0.o)
                0x00000000200139e8                __metal_driver_riscv_clint0_get_vector_mode
 .text._get_cpu_intc
                0x00000000200139ec       0x10 .pio/build/hi5-startup/libmetal.a(riscv_clint0.o)
 .text.__metal_driver_riscv_clint0_set_vector_mode
                0x00000000200139fc       0x26 .pio/build/hi5-startup/libmetal.a(riscv_clint0.o)
                0x00000000200139fc                __metal_driver_riscv_clint0_set_vector_mode
 .text.__metal_driver_riscv_clint0_init
                0x0000000020013a22       0x52 .pio/build/hi5-startup/libmetal.a(riscv_clint0.o)
                0x0000000020013a22                __metal_driver_riscv_clint0_init
 .text.__metal_driver_riscv_clint0_disable
                0x0000000020013a74       0x4a .pio/build/hi5-startup/libmetal.a(riscv_clint0.o)
                0x0000000020013a74                __metal_driver_riscv_clint0_disable
 .text.__metal_driver_riscv_clint0_enable
                0x0000000020013abe       0x4a .pio/build/hi5-startup/libmetal.a(riscv_clint0.o)
                0x0000000020013abe                __metal_driver_riscv_clint0_enable
 .text.__metal_driver_riscv_clint0_register
                0x0000000020013b08       0x60 .pio/build/hi5-startup/libmetal.a(riscv_clint0.o)
                0x0000000020013b08                __metal_driver_riscv_clint0_register
 .text.__metal_clint0_mtime_get
                0x0000000020013b68       0x26 .pio/build/hi5-startup/libmetal.a(riscv_clint0.o)
                0x0000000020013b68                __metal_clint0_mtime_get
 .text.__metal_driver_riscv_clint0_command_request
                0x0000000020013b8e       0x84 .pio/build/hi5-startup/libmetal.a(riscv_clint0.o)
                0x0000000020013b8e                __metal_driver_riscv_clint0_command_request
 .text.__metal_driver_riscv_clint0_clear_interrupt
                0x0000000020013c12       0x1c .pio/build/hi5-startup/libmetal.a(riscv_clint0.o)
                0x0000000020013c12                __metal_driver_riscv_clint0_clear_interrupt
 .text.__metal_driver_riscv_clint0_set_interrupt
                0x0000000020013c2e       0x1c .pio/build/hi5-startup/libmetal.a(riscv_clint0.o)
                0x0000000020013c2e                __metal_driver_riscv_clint0_set_interrupt
 .text.__metal_default_sw_handler
                0x0000000020013c4a       0x42 .pio/build/hi5-startup/libmetal.a(riscv_cpu.o)
                0x0000000020013c4a                __metal_default_sw_handler
 .text.__metal_default_beu_handler
                0x0000000020013c8c        0x2 .pio/build/hi5-startup/libmetal.a(riscv_cpu.o)
                0x0000000020013c8c                __metal_default_beu_handler
 *fill*         0x0000000020013c8e       0x72 
 .text.__metal_exception_handler
                0x0000000020013d00       0xfa .pio/build/hi5-startup/libmetal.a(riscv_cpu.o)
                0x0000000020013d00                __metal_exception_handler
 .text.__metal_driver_riscv_cpu_controller_command_request
                0x0000000020013dfa        0x4 .pio/build/hi5-startup/libmetal.a(riscv_cpu.o)
                0x0000000020013dfa                __metal_driver_riscv_cpu_controller_command_request
 .text.__metal_driver_cpu_mcycle_get
                0x0000000020013dfe       0x12 .pio/build/hi5-startup/libmetal.a(riscv_cpu.o)
                0x0000000020013dfe                __metal_driver_cpu_mcycle_get
 .text.__metal_driver_cpu_timebase_get
                0x0000000020013e10       0x22 .pio/build/hi5-startup/libmetal.a(riscv_cpu.o)
                0x0000000020013e10                __metal_driver_cpu_timebase_get
 .text.__metal_driver_cpu_mtime_get
                0x0000000020013e32       0x32 .pio/build/hi5-startup/libmetal.a(riscv_cpu.o)
                0x0000000020013e32                __metal_driver_cpu_mtime_get
 .text.__metal_driver_cpu_timer_controller_interrupt
                0x0000000020013e64        0x6 .pio/build/hi5-startup/libmetal.a(riscv_cpu.o)
                0x0000000020013e64                __metal_driver_cpu_timer_controller_interrupt
 .text.__metal_driver_cpu_get_timer_interrupt_id
                0x0000000020013e6a        0x4 .pio/build/hi5-startup/libmetal.a(riscv_cpu.o)
                0x0000000020013e6a                __metal_driver_cpu_get_timer_interrupt_id
 .text.__metal_driver_cpu_get_sw_interrupt_id
                0x0000000020013e6e        0x4 .pio/build/hi5-startup/libmetal.a(riscv_cpu.o)
                0x0000000020013e6e                __metal_driver_cpu_get_sw_interrupt_id
 .text.__metal_driver_cpu_set_sw_ipi
                0x0000000020013e72       0x30 .pio/build/hi5-startup/libmetal.a(riscv_cpu.o)
                0x0000000020013e72                __metal_driver_cpu_set_sw_ipi
 .text.__metal_driver_cpu_clear_sw_ipi
                0x0000000020013ea2       0x30 .pio/build/hi5-startup/libmetal.a(riscv_cpu.o)
                0x0000000020013ea2                __metal_driver_cpu_clear_sw_ipi
 .text.__metal_driver_cpu_get_msip
                0x0000000020013ed2       0x30 .pio/build/hi5-startup/libmetal.a(riscv_cpu.o)
                0x0000000020013ed2                __metal_driver_cpu_get_msip
 .text.__metal_driver_cpu_controller_interrupt
                0x0000000020013f02       0x16 .pio/build/hi5-startup/libmetal.a(riscv_cpu.o)
                0x0000000020013f02                __metal_driver_cpu_controller_interrupt
 .text.__metal_driver_cpu_get_instruction_length
                0x0000000020013f18       0x12 .pio/build/hi5-startup/libmetal.a(riscv_cpu.o)
                0x0000000020013f18                __metal_driver_cpu_get_instruction_length
 .text.__metal_driver_cpu_get_exception_pc
                0x0000000020013f2a        0x6 .pio/build/hi5-startup/libmetal.a(riscv_cpu.o)
                0x0000000020013f2a                __metal_driver_cpu_get_exception_pc
 .text.__metal_driver_cpu_set_exception_pc
                0x0000000020013f30        0x8 .pio/build/hi5-startup/libmetal.a(riscv_cpu.o)
                0x0000000020013f30                __metal_driver_cpu_set_exception_pc
 .text.__metal_driver_cpu_get_buserror
                0x0000000020013f38        0x4 .pio/build/hi5-startup/libmetal.a(riscv_cpu.o)
                0x0000000020013f38                __metal_driver_cpu_get_buserror
 .text.__metal_default_exception_handler
                0x0000000020013f3c        0xc .pio/build/hi5-startup/libmetal.a(riscv_cpu.o)
                0x0000000020013f3c                __metal_default_exception_handler
 .text.__metal_default_interrupt_handler
                0x0000000020013f48        0xc .pio/build/hi5-startup/libmetal.a(riscv_cpu.o)
                0x0000000020013f48                __metal_default_interrupt_handler
 .text.__metal_driver_cpu_mtimecmp_set
                0x0000000020013f54       0x24 .pio/build/hi5-startup/libmetal.a(riscv_cpu.o)
                0x0000000020013f54                __metal_driver_cpu_mtimecmp_set
 .text.__metal_default_timer_handler
                0x0000000020013f78       0x38 .pio/build/hi5-startup/libmetal.a(riscv_cpu.o)
                0x0000000020013f78                __metal_default_timer_handler
 .text.__metal_driver_riscv_cpu_controller_interrupt_init
                0x0000000020013fb0       0x5e .pio/build/hi5-startup/libmetal.a(riscv_cpu.o)
                0x0000000020013fb0                __metal_driver_riscv_cpu_controller_interrupt_init
 .text.__metal_driver_cpu_exception_register
                0x000000002001400e       0x2c .pio/build/hi5-startup/libmetal.a(riscv_cpu.o)
                0x000000002001400e                __metal_driver_cpu_exception_register
 .text.__metal_driver_cpu_sw_controller_interrupt
                0x000000002001403a        0x6 .pio/build/hi5-startup/libmetal.a(riscv_cpu.o)
                0x000000002001403a                __metal_driver_cpu_sw_controller_interrupt
 .text.__metal_driver_riscv_cpu_controller_set_vector_mode
                0x0000000020014040       0x32 .pio/build/hi5-startup/libmetal.a(riscv_cpu.o)
                0x0000000020014040                __metal_driver_riscv_cpu_controller_set_vector_mode
 .text.__metal_myhart_id
                0x0000000020014072        0x6 .pio/build/hi5-startup/libmetal.a(riscv_cpu.o)
                0x0000000020014072                __metal_myhart_id
 .text.metal_interrupt_vector_handler
                0x0000000020014078       0x2a .pio/build/hi5-startup/libmetal.a(riscv_cpu.o)
                0x0000000020014078                metal_interrupt_vector_handler
 .text.metal_software_interrupt_vector_handler
                0x00000000200140a2       0x7c .pio/build/hi5-startup/libmetal.a(riscv_cpu.o)
                0x00000000200140a2                metal_software_interrupt_vector_handler
 .text.metal_timer_interrupt_vector_handler
                0x000000002001411e       0x7c .pio/build/hi5-startup/libmetal.a(riscv_cpu.o)
                0x000000002001411e                metal_timer_interrupt_vector_handler
 .text.metal_lc0_interrupt_vector_handler
                0x000000002001419a       0x7c .pio/build/hi5-startup/libmetal.a(riscv_cpu.o)
                0x000000002001419a                metal_lc0_interrupt_vector_handler
 .text.metal_lc1_interrupt_vector_handler
                0x0000000020014216       0x7c .pio/build/hi5-startup/libmetal.a(riscv_cpu.o)
                0x0000000020014216                metal_lc1_interrupt_vector_handler
 .text.metal_lc2_interrupt_vector_handler
                0x0000000020014292       0x7c .pio/build/hi5-startup/libmetal.a(riscv_cpu.o)
                0x0000000020014292                metal_lc2_interrupt_vector_handler
 .text.metal_lc3_interrupt_vector_handler
                0x000000002001430e       0x7c .pio/build/hi5-startup/libmetal.a(riscv_cpu.o)
                0x000000002001430e                metal_lc3_interrupt_vector_handler
 .text.metal_lc4_interrupt_vector_handler
                0x000000002001438a       0x7c .pio/build/hi5-startup/libmetal.a(riscv_cpu.o)
                0x000000002001438a                metal_lc4_interrupt_vector_handler
 .text.metal_lc5_interrupt_vector_handler
                0x0000000020014406       0x7c .pio/build/hi5-startup/libmetal.a(riscv_cpu.o)
                0x0000000020014406                metal_lc5_interrupt_vector_handler
 .text.metal_lc6_interrupt_vector_handler
                0x0000000020014482       0x7c .pio/build/hi5-startup/libmetal.a(riscv_cpu.o)
                0x0000000020014482                metal_lc6_interrupt_vector_handler
 .text.metal_lc7_interrupt_vector_handler
                0x00000000200144fe       0x7c .pio/build/hi5-startup/libmetal.a(riscv_cpu.o)
                0x00000000200144fe                metal_lc7_interrupt_vector_handler
 .text.metal_lc8_interrupt_vector_handler
                0x000000002001457a       0x7c .pio/build/hi5-startup/libmetal.a(riscv_cpu.o)
                0x000000002001457a                metal_lc8_interrupt_vector_handler
 .text.metal_lc9_interrupt_vector_handler
                0x00000000200145f6       0x7c .pio/build/hi5-startup/libmetal.a(riscv_cpu.o)
                0x00000000200145f6                metal_lc9_interrupt_vector_handler
 .text.metal_lc10_interrupt_vector_handler
                0x0000000020014672       0x7c .pio/build/hi5-startup/libmetal.a(riscv_cpu.o)
                0x0000000020014672                metal_lc10_interrupt_vector_handler
 .text.metal_lc11_interrupt_vector_handler
                0x00000000200146ee       0x7c .pio/build/hi5-startup/libmetal.a(riscv_cpu.o)
                0x00000000200146ee                metal_lc11_interrupt_vector_handler
 .text.metal_lc12_interrupt_vector_handler
                0x000000002001476a       0x7c .pio/build/hi5-startup/libmetal.a(riscv_cpu.o)
                0x000000002001476a                metal_lc12_interrupt_vector_handler
 .text.metal_lc13_interrupt_vector_handler
                0x00000000200147e6       0x7c .pio/build/hi5-startup/libmetal.a(riscv_cpu.o)
                0x00000000200147e6                metal_lc13_interrupt_vector_handler
 .text.metal_lc14_interrupt_vector_handler
                0x0000000020014862       0x7c .pio/build/hi5-startup/libmetal.a(riscv_cpu.o)
                0x0000000020014862                metal_lc14_interrupt_vector_handler
 .text.metal_lc15_interrupt_vector_handler
                0x00000000200148de       0x7c .pio/build/hi5-startup/libmetal.a(riscv_cpu.o)
                0x00000000200148de                metal_lc15_interrupt_vector_handler
 .text.__metal_controller_interrupt_vector_mode
                0x000000002001495a       0x1e .pio/build/hi5-startup/libmetal.a(riscv_cpu.o)
                0x000000002001495a                __metal_controller_interrupt_vector_mode
 .text.__metal_driver_riscv_cpu_controller_get_vector_mode
                0x0000000020014978        0x2 .pio/build/hi5-startup/libmetal.a(riscv_cpu.o)
                0x0000000020014978                __metal_driver_riscv_cpu_controller_get_vector_mode
 .text.__metal_valid_interrupt_id
                0x000000002001497a       0x36 .pio/build/hi5-startup/libmetal.a(riscv_cpu.o)
                0x000000002001497a                __metal_valid_interrupt_id
 .text.__metal_driver_riscv_cpu_controller_interrupt_register
                0x00000000200149b0       0xd2 .pio/build/hi5-startup/libmetal.a(riscv_cpu.o)
                0x00000000200149b0                __metal_driver_riscv_cpu_controller_interrupt_register
 .text.__metal_local_interrupt_enable
                0x0000000020014a82       0x72 .pio/build/hi5-startup/libmetal.a(riscv_cpu.o)
                0x0000000020014a82                __metal_local_interrupt_enable
 .text.__metal_driver_riscv_cpu_controller_interrupt_enable
                0x0000000020014af4        0x4 .pio/build/hi5-startup/libmetal.a(riscv_cpu.o)
                0x0000000020014af4                __metal_driver_riscv_cpu_controller_interrupt_enable
 .text.__metal_driver_riscv_cpu_controller_interrupt_disable
                0x0000000020014af8        0x4 .pio/build/hi5-startup/libmetal.a(riscv_cpu.o)
                0x0000000020014af8                __metal_driver_riscv_cpu_controller_interrupt_disable
 .text.__metal_driver_riscv_plic0_set_priority
                0x0000000020014afc       0x26 .pio/build/hi5-startup/libmetal.a(riscv_plic0.o)
                0x0000000020014afc                __metal_driver_riscv_plic0_set_priority
 .text.__metal_driver_riscv_plic0_get_priority
                0x0000000020014b22       0x1c .pio/build/hi5-startup/libmetal.a(riscv_plic0.o)
                0x0000000020014b22                __metal_driver_riscv_plic0_get_priority
 .text.__metal_plic0_default_handler
                0x0000000020014b3e        0xc .pio/build/hi5-startup/libmetal.a(riscv_plic0.o)
                0x0000000020014b3e                __metal_plic0_default_handler
 .text.__metal_driver_riscv_plic0_register
                0x0000000020014b4a       0x80 .pio/build/hi5-startup/libmetal.a(riscv_plic0.o)
                0x0000000020014b4a                __metal_driver_riscv_plic0_register
 .text.__metal_plic0_claim_interrupt
                0x0000000020014bca       0x22 .pio/build/hi5-startup/libmetal.a(riscv_plic0.o)
                0x0000000020014bca                __metal_plic0_claim_interrupt
 .text.__metal_plic0_complete_interrupt
                0x0000000020014bec       0x22 .pio/build/hi5-startup/libmetal.a(riscv_plic0.o)
                0x0000000020014bec                __metal_plic0_complete_interrupt
 .text.__metal_plic0_handler
                0x0000000020014c0e       0x5c .pio/build/hi5-startup/libmetal.a(riscv_plic0.o)
                0x0000000020014c0e                __metal_plic0_handler
 .text.__metal_plic0_set_threshold
                0x0000000020014c6a       0x22 .pio/build/hi5-startup/libmetal.a(riscv_plic0.o)
                0x0000000020014c6a                __metal_plic0_set_threshold
 .text.__metal_driver_riscv_plic0_set_threshold
                0x0000000020014c8c       0x1c .pio/build/hi5-startup/libmetal.a(riscv_plic0.o)
                0x0000000020014c8c                __metal_driver_riscv_plic0_set_threshold
 .text.__metal_driver_riscv_plic0_affinity_set_threshold
                0x0000000020014ca8       0x48 .pio/build/hi5-startup/libmetal.a(riscv_plic0.o)
                0x0000000020014ca8                __metal_driver_riscv_plic0_affinity_set_threshold
 .text.__metal_plic0_get_threshold
                0x0000000020014cf0       0x22 .pio/build/hi5-startup/libmetal.a(riscv_plic0.o)
                0x0000000020014cf0                __metal_plic0_get_threshold
 .text.__metal_driver_riscv_plic0_get_threshold
                0x0000000020014d12       0x18 .pio/build/hi5-startup/libmetal.a(riscv_plic0.o)
                0x0000000020014d12                __metal_driver_riscv_plic0_get_threshold
 .text.__metal_driver_riscv_plic0_affinity_get_threshold
                0x0000000020014d2a        0xe .pio/build/hi5-startup/libmetal.a(riscv_plic0.o)
                0x0000000020014d2a                __metal_driver_riscv_plic0_affinity_get_threshold
 .text.__metal_plic0_enable
                0x0000000020014d38       0x3e .pio/build/hi5-startup/libmetal.a(riscv_plic0.o)
                0x0000000020014d38                __metal_plic0_enable
 .text.__metal_driver_riscv_plic0_init
                0x0000000020014d76       0xd0 .pio/build/hi5-startup/libmetal.a(riscv_plic0.o)
                0x0000000020014d76                __metal_driver_riscv_plic0_init
 .text.__metal_driver_riscv_plic0_enable
                0x0000000020014e46       0x40 .pio/build/hi5-startup/libmetal.a(riscv_plic0.o)
                0x0000000020014e46                __metal_driver_riscv_plic0_enable
 .text.__metal_driver_riscv_plic0_disable
                0x0000000020014e86       0x40 .pio/build/hi5-startup/libmetal.a(riscv_plic0.o)
                0x0000000020014e86                __metal_driver_riscv_plic0_disable
 .text.__metal_driver_riscv_plic0_affinity_enable
                0x0000000020014ec6       0x60 .pio/build/hi5-startup/libmetal.a(riscv_plic0.o)
                0x0000000020014ec6                __metal_driver_riscv_plic0_affinity_enable
 .text.__metal_driver_riscv_plic0_affinity_disable
                0x0000000020014f26       0x60 .pio/build/hi5-startup/libmetal.a(riscv_plic0.o)
                0x0000000020014f26                __metal_driver_riscv_plic0_affinity_disable
 .text.__metal_driver_sifive_fe310_g000_hfrosc_get_rate_hz
                0x0000000020014f86       0x40 .pio/build/hi5-startup/libmetal.a(sifive_fe310-g000_hfrosc.o)
                0x0000000020014f86                __metal_driver_sifive_fe310_g000_hfrosc_get_rate_hz
 .text.__metal_driver_sifive_fe310_g000_hfrosc_set_rate_hz
                0x0000000020014fc6        0x2 .pio/build/hi5-startup/libmetal.a(sifive_fe310-g000_hfrosc.o)
                0x0000000020014fc6                __metal_driver_sifive_fe310_g000_hfrosc_set_rate_hz
 .text.__metal_driver_sifive_fe310_g000_hfxosc_get_rate_hz
                0x0000000020014fc8       0x34 .pio/build/hi5-startup/libmetal.a(sifive_fe310-g000_hfxosc.o)
                0x0000000020014fc8                __metal_driver_sifive_fe310_g000_hfxosc_get_rate_hz
 .text.__metal_driver_sifive_fe310_g000_hfxosc_set_rate_hz
                0x0000000020014ffc        0x2 .pio/build/hi5-startup/libmetal.a(sifive_fe310-g000_hfxosc.o)
                0x0000000020014ffc                __metal_driver_sifive_fe310_g000_hfxosc_set_rate_hz
 .text.__metal_driver_sifive_fe310_g000_pll_config_base
                0x0000000020014ffe        0x6 .pio/build/hi5-startup/libmetal.a(sifive_fe310-g000_pll.o)
 .text.__metal_driver_sifive_fe310_g000_pll_config_offset
                0x0000000020015004        0x4 .pio/build/hi5-startup/libmetal.a(sifive_fe310-g000_pll.o)
 .text.__metal_driver_sifive_fe310_g000_pll_init
                0x0000000020015008       0x50 .pio/build/hi5-startup/libmetal.a(sifive_fe310-g000_pll.o)
                0x0000000020015008                __metal_driver_sifive_fe310_g000_pll_init
 .text.__metal_driver_sifive_fe310_g000_pll_get_rate_hz
                0x0000000020015058       0xbe .pio/build/hi5-startup/libmetal.a(sifive_fe310-g000_pll.o)
                0x0000000020015058                __metal_driver_sifive_fe310_g000_pll_get_rate_hz
 .text.__metal_driver_sifive_fe310_g000_pll_set_rate_hz
                0x0000000020015116      0x1c4 .pio/build/hi5-startup/libmetal.a(sifive_fe310-g000_pll.o)
                0x0000000020015116                __metal_driver_sifive_fe310_g000_pll_set_rate_hz
 .text.__metal_driver_sifive_fe310_g000_prci_get_reg
                0x00000000200152da        0xa .pio/build/hi5-startup/libmetal.a(sifive_fe310-g000_prci.o)
                0x00000000200152da                __metal_driver_sifive_fe310_g000_prci_get_reg
 .text.__metal_driver_sifive_fe310_g000_prci_set_reg
                0x00000000200152e4        0xc .pio/build/hi5-startup/libmetal.a(sifive_fe310-g000_prci.o)
                0x00000000200152e4                __metal_driver_sifive_fe310_g000_prci_set_reg
 .text.__metal_driver_sifive_gpio0_enable_input
                0x00000000200152f0       0x18 .pio/build/hi5-startup/libmetal.a(sifive_gpio0.o)
                0x00000000200152f0                __metal_driver_sifive_gpio0_enable_input
 .text.__metal_driver_sifive_gpio0_disable_input
                0x0000000020015308       0x1c .pio/build/hi5-startup/libmetal.a(sifive_gpio0.o)
                0x0000000020015308                __metal_driver_sifive_gpio0_disable_input
 .text.__metal_driver_sifive_gpio0_input
                0x0000000020015324       0x14 .pio/build/hi5-startup/libmetal.a(sifive_gpio0.o)
                0x0000000020015324                __metal_driver_sifive_gpio0_input
 .text.__metal_driver_sifive_gpio0_output
                0x0000000020015338       0x14 .pio/build/hi5-startup/libmetal.a(sifive_gpio0.o)
                0x0000000020015338                __metal_driver_sifive_gpio0_output
 .text.__metal_driver_sifive_gpio0_disable_output
                0x000000002001534c       0x1c .pio/build/hi5-startup/libmetal.a(sifive_gpio0.o)
                0x000000002001534c                __metal_driver_sifive_gpio0_disable_output
 .text.__metal_driver_sifive_gpio0_enable_output
                0x0000000020015368       0x18 .pio/build/hi5-startup/libmetal.a(sifive_gpio0.o)
                0x0000000020015368                __metal_driver_sifive_gpio0_enable_output
 .text.__metal_driver_sifive_gpio0_output_set
                0x0000000020015380       0x18 .pio/build/hi5-startup/libmetal.a(sifive_gpio0.o)
                0x0000000020015380                __metal_driver_sifive_gpio0_output_set
 .text.__metal_driver_sifive_gpio0_output_clear
                0x0000000020015398       0x1c .pio/build/hi5-startup/libmetal.a(sifive_gpio0.o)
                0x0000000020015398                __metal_driver_sifive_gpio0_output_clear
 .text.__metal_driver_sifive_gpio0_output_toggle
                0x00000000200153b4       0x18 .pio/build/hi5-startup/libmetal.a(sifive_gpio0.o)
                0x00000000200153b4                __metal_driver_sifive_gpio0_output_toggle
 .text.__metal_driver_sifive_gpio0_enable_io
                0x00000000200153cc       0x1e .pio/build/hi5-startup/libmetal.a(sifive_gpio0.o)
                0x00000000200153cc                __metal_driver_sifive_gpio0_enable_io
 .text.__metal_driver_sifive_gpio0_disable_io
                0x00000000200153ea       0x1c .pio/build/hi5-startup/libmetal.a(sifive_gpio0.o)
                0x00000000200153ea                __metal_driver_sifive_gpio0_disable_io
 .text.__metal_driver_sifive_gpio0_config_int
                0x0000000020015406       0x7a .pio/build/hi5-startup/libmetal.a(sifive_gpio0.o)
                0x0000000020015406                __metal_driver_sifive_gpio0_config_int
 .text.__metal_driver_sifive_gpio0_clear_int
                0x0000000020015480       0x60 .pio/build/hi5-startup/libmetal.a(sifive_gpio0.o)
                0x0000000020015480                __metal_driver_sifive_gpio0_clear_int
 .text.__metal_driver_gpio_interrupt_controller
                0x00000000200154e0       0x16 .pio/build/hi5-startup/libmetal.a(sifive_gpio0.o)
                0x00000000200154e0                __metal_driver_gpio_interrupt_controller
 .text.__metal_driver_gpio_get_interrupt_id
                0x00000000200154f6      0x118 .pio/build/hi5-startup/libmetal.a(sifive_gpio0.o)
                0x00000000200154f6                __metal_driver_gpio_get_interrupt_id
 .text.__metal_driver_sifive_uart0_control_base
                0x000000002001560e       0x28 .pio/build/hi5-startup/libmetal.a(sifive_uart0.o)
 .text.__metal_driver_sifive_uart0_interrupt_controller
                0x0000000020015636       0x26 .pio/build/hi5-startup/libmetal.a(sifive_uart0.o)
                0x0000000020015636                __metal_driver_sifive_uart0_interrupt_controller
 .text.__metal_driver_sifive_uart0_get_interrupt_id
                0x000000002001565c       0x24 .pio/build/hi5-startup/libmetal.a(sifive_uart0.o)
                0x000000002001565c                __metal_driver_sifive_uart0_get_interrupt_id
 .text.__metal_driver_sifive_uart0_tx_interrupt_enable
                0x0000000020015680       0x16 .pio/build/hi5-startup/libmetal.a(sifive_uart0.o)
                0x0000000020015680                __metal_driver_sifive_uart0_tx_interrupt_enable
 .text.__metal_driver_sifive_uart0_tx_interrupt_disable
                0x0000000020015696       0x14 .pio/build/hi5-startup/libmetal.a(sifive_uart0.o)
                0x0000000020015696                __metal_driver_sifive_uart0_tx_interrupt_disable
 .text.__metal_driver_sifive_uart0_rx_interrupt_enable
                0x00000000200156aa       0x16 .pio/build/hi5-startup/libmetal.a(sifive_uart0.o)
                0x00000000200156aa                __metal_driver_sifive_uart0_rx_interrupt_enable
 .text.__metal_driver_sifive_uart0_rx_interrupt_disable
                0x00000000200156c0       0x14 .pio/build/hi5-startup/libmetal.a(sifive_uart0.o)
                0x00000000200156c0                __metal_driver_sifive_uart0_rx_interrupt_disable
 .text.__metal_driver_sifive_uart0_txready
                0x00000000200156d4       0x10 .pio/build/hi5-startup/libmetal.a(sifive_uart0.o)
                0x00000000200156d4                __metal_driver_sifive_uart0_txready
 .text.__metal_driver_sifive_uart0_set_tx_watermark
                0x00000000200156e4       0x20 .pio/build/hi5-startup/libmetal.a(sifive_uart0.o)
                0x00000000200156e4                __metal_driver_sifive_uart0_set_tx_watermark
 .text.__metal_driver_sifive_uart0_get_tx_watermark
                0x0000000020015704       0x12 .pio/build/hi5-startup/libmetal.a(sifive_uart0.o)
                0x0000000020015704                __metal_driver_sifive_uart0_get_tx_watermark
 .text.__metal_driver_sifive_uart0_set_rx_watermark
                0x0000000020015716       0x20 .pio/build/hi5-startup/libmetal.a(sifive_uart0.o)
                0x0000000020015716                __metal_driver_sifive_uart0_set_rx_watermark
 .text.__metal_driver_sifive_uart0_get_rx_watermark
                0x0000000020015736       0x12 .pio/build/hi5-startup/libmetal.a(sifive_uart0.o)
                0x0000000020015736                __metal_driver_sifive_uart0_get_rx_watermark
 .text.__metal_driver_sifive_uart0_putc
                0x0000000020015748       0x26 .pio/build/hi5-startup/libmetal.a(sifive_uart0.o)
                0x0000000020015748                __metal_driver_sifive_uart0_putc
 .text.__metal_driver_sifive_uart0_getc
                0x000000002001576e       0x20 .pio/build/hi5-startup/libmetal.a(sifive_uart0.o)
                0x000000002001576e                __metal_driver_sifive_uart0_getc
 .text.__metal_driver_sifive_uart0_get_baud_rate
                0x000000002001578e        0x4 .pio/build/hi5-startup/libmetal.a(sifive_uart0.o)
                0x000000002001578e                __metal_driver_sifive_uart0_get_baud_rate
 .text.pre_rate_change_callback_func
                0x0000000020015792       0x82 .pio/build/hi5-startup/libmetal.a(sifive_uart0.o)
 .text.post_rate_change_callback_func
                0x0000000020015814        0x4 .pio/build/hi5-startup/libmetal.a(sifive_uart0.o)
 .text.__metal_driver_sifive_uart0_set_baud_rate
                0x0000000020015818       0x72 .pio/build/hi5-startup/libmetal.a(sifive_uart0.o)
                0x0000000020015818                __metal_driver_sifive_uart0_set_baud_rate
 .text.__metal_driver_sifive_uart0_init
                0x000000002001588a       0xaa .pio/build/hi5-startup/libmetal.a(sifive_uart0.o)
                0x000000002001588a                __metal_driver_sifive_uart0_init
 .text.metal_shutdown
                0x0000000020015934        0x4 .pio/build/hi5-startup/libmetal.a(shutdown.o)
                0x0000000020015934                metal_shutdown
 .text.metal_timer_get_cyclecount
                0x0000000020015938       0x24 .pio/build/hi5-startup/libmetal.a(timer.o)
                0x0000000020015938                metal_timer_get_cyclecount
 .text.metal_timer_get_timebase_frequency
                0x000000002001595c       0x24 .pio/build/hi5-startup/libmetal.a(timer.o)
                0x000000002001595c                metal_timer_get_timebase_frequency
 .text.metal_tty_putc
                0x0000000020015980        0xc .pio/build/hi5-startup/libmetal.a(tty.o)
                0x0000000020015980                metal_tty_putc
 .text.metal_uart_init
                0x000000002001598c        0x8 .pio/build/hi5-startup/libmetal.a(uart.o)
                0x000000002001598c                metal_uart_init
 .text.metal_uart_putc
                0x0000000020015994        0x8 .pio/build/hi5-startup/libmetal.a(uart.o)
                0x0000000020015994                metal_uart_putc
 .text.metal_uart_set_baud_rate
                0x000000002001599c        0x8 .pio/build/hi5-startup/libmetal.a(uart.o)
                0x000000002001599c                metal_uart_set_baud_rate
 *fill*         0x00000000200159a4       0x5c 
 .text          0x0000000020015a00       0x80 .pio/build/hi5-startup/libmetal.a(vector.o)
                0x0000000020015a00                __metal_vector_table
 .text._metal_clock_call_all_callbacks
                0x0000000020015a80       0x1c .pio/build/hi5-startup/libmetal.a(clock.o)
                0x0000000020015a80                _metal_clock_call_all_callbacks
 .text._metal_clock_append_to_callbacks
                0x0000000020015a9c       0x18 .pio/build/hi5-startup/libmetal.a(clock.o)
                0x0000000020015a9c                _metal_clock_append_to_callbacks
 .text.metal_clock_get_rate_hz
                0x0000000020015ab4        0x8 .pio/build/hi5-startup/libmetal.a(clock.o)
                0x0000000020015ab4                metal_clock_get_rate_hz
 .text.metal_clock_set_rate_hz
                0x0000000020015abc       0x2c .pio/build/hi5-startup/libmetal.a(clock.o)
                0x0000000020015abc                metal_clock_set_rate_hz
 .text.__metal_driver_fixed_clock_get_rate_hz
                0x0000000020015ae8       0x4c .pio/build/hi5-startup/libmetal.a(fixed-clock.o)
                0x0000000020015ae8                __metal_driver_fixed_clock_get_rate_hz
 .text.__metal_driver_fixed_clock_set_rate_hz
                0x0000000020015b34       0x4c .pio/build/hi5-startup/libmetal.a(fixed-clock.o)
                0x0000000020015b34                __metal_driver_fixed_clock_set_rate_hz
 *(.gnu.linkonce.t.*)

.rela.dyn       0x0000000020015b80        0x0
 .rela.text.metal.init.enter
                0x0000000020015b80        0x0 .pio/build/hi5-startup/src/riscv-startup/main.o
 .rela.text._start
                0x0000000020015b80        0x0 .pio/build/hi5-startup/src/riscv-startup/main.o
 .rela.text._sbrk_r
                0x0000000020015b80        0x0 .pio/build/hi5-startup/src/riscv-startup/main.o
 .rela.text._vfprintf_r
                0x0000000020015b80        0x0 .pio/build/hi5-startup/src/riscv-startup/main.o
 .rela.text.__svfscanf_r
                0x0000000020015b80        0x0 .pio/build/hi5-startup/src/riscv-startup/main.o
 .rela.text._write_r
                0x0000000020015b80        0x0 .pio/build/hi5-startup/src/riscv-startup/main.o
 .rela.text._close_r
                0x0000000020015b80        0x0 .pio/build/hi5-startup/src/riscv-startup/main.o
 .rela.text._fstat_r
                0x0000000020015b80        0x0 .pio/build/hi5-startup/src/riscv-startup/main.o
 .rela.text._isatty_r
                0x0000000020015b80        0x0 .pio/build/hi5-startup/src/riscv-startup/main.o
 .rela.text._lseek_r
                0x0000000020015b80        0x0 .pio/build/hi5-startup/src/riscv-startup/main.o
 .rela.text._read_r
                0x0000000020015b80        0x0 .pio/build/hi5-startup/src/riscv-startup/main.o
 .rela.text._sbrk
                0x0000000020015b80        0x0 .pio/build/hi5-startup/src/riscv-startup/main.o
 .rela.sdata.__brk
                0x0000000020015b80        0x0 .pio/build/hi5-startup/src/riscv-startup/main.o
 .rela.text     0x0000000020015b80        0x0 .pio/build/hi5-startup/src/riscv-startup/main.o

.data           0x0000000080000000      0xaf0 load address 0x0000000020015b80
 *(.data .data.*)
 .data.impure_data
                0x0000000080000000       0x60 /home/shihao/.platformio/packages/toolchain-riscv/bin/../lib/gcc/riscv64-unknown-elf/8.3.0/../../../../riscv64-unknown-elf/lib/rv32imac/ilp32/libc_nano.a(lib_a-impure.o)
 .data.__metal_dt_clock_0
                0x0000000080000060        0xc .pio/build/hi5-startup/libmetal.a(inline.o)
                0x0000000080000060                __metal_dt_clock_0
 .data.__metal_dt_clock_1
                0x000000008000006c        0xc .pio/build/hi5-startup/libmetal.a(inline.o)
                0x000000008000006c                __metal_dt_clock_1
 .data.__metal_dt_clock_2
                0x0000000080000078        0xc .pio/build/hi5-startup/libmetal.a(inline.o)
                0x0000000080000078                __metal_dt_clock_2
 .data.__metal_dt_clock_3
                0x0000000080000084        0xc .pio/build/hi5-startup/libmetal.a(inline.o)
                0x0000000080000084                __metal_dt_clock_3
 .data.__metal_dt_clock_4
                0x0000000080000090        0xc .pio/build/hi5-startup/libmetal.a(inline.o)
                0x0000000080000090                __metal_dt_clock_4
 .data.__metal_dt_clock_5
                0x000000008000009c        0xc .pio/build/hi5-startup/libmetal.a(inline.o)
                0x000000008000009c                __metal_dt_clock_5
 .data.__metal_dt_clock_6
                0x00000000800000a8        0xc .pio/build/hi5-startup/libmetal.a(inline.o)
                0x00000000800000a8                __metal_dt_clock_6
 *fill*         0x00000000800000b4        0x4 
 .data.__metal_dt_cpu_0_interrupt_controller
                0x00000000800000b8      0x3d0 .pio/build/hi5-startup/libmetal.a(inline.o)
                0x00000000800000b8                __metal_dt_cpu_0_interrupt_controller
 .data.__metal_dt_interrupt_controller_c000000
                0x0000000080000488      0x5d8 .pio/build/hi5-startup/libmetal.a(inline.o)
                0x0000000080000488                __metal_dt_interrupt_controller_c000000
 .data.__metal_dt_serial_10013000
                0x0000000080000a60       0x20 .pio/build/hi5-startup/libmetal.a(inline.o)
                0x0000000080000a60                __metal_dt_serial_10013000
 .data.__metal_dt_serial_10023000
                0x0000000080000a80       0x20 .pio/build/hi5-startup/libmetal.a(inline.o)
                0x0000000080000a80                __metal_dt_serial_10023000
 *(.gnu.linkonce.d.*)
                0x0000000080000aa0                . = ALIGN (0x8)
                0x00000000800012a0                PROVIDE (__global_pointer$ = (. + 0x800))
 *(.sdata .sdata.* .sdata2.*)
 .sdata._impure_ptr
                0x0000000080000aa0        0x4 /home/shihao/.platformio/packages/toolchain-riscv/bin/../lib/gcc/riscv64-unknown-elf/8.3.0/../../../../riscv64-unknown-elf/lib/rv32imac/ilp32/libc_nano.a(lib_a-impure.o)
                0x0000000080000aa0                _impure_ptr
 .sdata2._global_impure_ptr
                0x0000000080000aa4        0x4 /home/shihao/.platformio/packages/toolchain-riscv/bin/../lib/gcc/riscv64-unknown-elf/8.3.0/../../../../riscv64-unknown-elf/lib/rv32imac/ilp32/libc_nano.a(lib_a-impure.o)
                0x0000000080000aa4                _global_impure_ptr
 .sdata.__brk   0x0000000080000aa8        0x4 .pio/build/hi5-startup/libmetal-gloss.a(sys_sbrk.o)
 .sdata.__metal_cpu_table
                0x0000000080000aac        0x4 .pio/build/hi5-startup/libmetal.a(cpu.o)
                0x0000000080000aac                __metal_cpu_table
 .sdata.__metal_dt_clint_2000000
                0x0000000080000ab0        0x8 .pio/build/hi5-startup/libmetal.a(inline.o)
                0x0000000080000ab0                __metal_dt_clint_2000000
 .sdata.__metal_dt_cpu_0
                0x0000000080000ab8        0x8 .pio/build/hi5-startup/libmetal.a(inline.o)
                0x0000000080000ab8                __metal_dt_cpu_0
 .sdata.__metal_dt_gpio_10012000
                0x0000000080000ac0        0x4 .pio/build/hi5-startup/libmetal.a(inline.o)
                0x0000000080000ac0                __metal_dt_gpio_10012000
 .sdata.__metal_dt_prci_10008000
                0x0000000080000ac4        0x4 .pio/build/hi5-startup/libmetal.a(inline.o)
                0x0000000080000ac4                __metal_dt_prci_10008000
 .sdata.__metal_cpu_table
                0x0000000080000ac8        0x4 .pio/build/hi5-startup/libmetal.a(riscv_cpu.o)
 .sdata2.CSWTCH.18
                0x0000000080000acc        0x3 .pio/build/hi5-startup/libmetal.a(riscv_cpu.o)
 *fill*         0x0000000080000acf        0x1 
 .sdata2.__metal_driver_vtable_sifive_fe310_g000_hfrosc
                0x0000000080000ad0        0x8 .pio/build/hi5-startup/libmetal.a(sifive_fe310-g000_hfrosc.o)
                0x0000000080000ad0                __metal_driver_vtable_sifive_fe310_g000_hfrosc
 .sdata2.__metal_driver_vtable_sifive_fe310_g000_hfxosc
                0x0000000080000ad8        0x8 .pio/build/hi5-startup/libmetal.a(sifive_fe310-g000_hfxosc.o)
                0x0000000080000ad8                __metal_driver_vtable_sifive_fe310_g000_hfxosc
 .sdata2.__metal_driver_vtable_sifive_fe310_g000_prci
                0x0000000080000ae0        0x8 .pio/build/hi5-startup/libmetal.a(sifive_fe310-g000_prci.o)
                0x0000000080000ae0                __metal_driver_vtable_sifive_fe310_g000_prci
 .sdata2.__metal_driver_vtable_fixed_clock
                0x0000000080000ae8        0x8 .pio/build/hi5-startup/libmetal.a(fixed-clock.o)
                0x0000000080000ae8                __metal_driver_vtable_fixed_clock
 *(.gnu.linkonce.s.*)

.tdata          0x0000000080000af0        0x0 load address 0x0000000020016670
                [!provide]                        PROVIDE (__tls_base = .)
 *(.tdata .tdata.* .gnu.linkonce.td.*)
                [!provide]                        PROVIDE (__tdata_source = LOADADDR (.tdata))
                [!provide]                        PROVIDE (__tdata_size = SIZEOF (.tdata))
                0x0000000020015b80                PROVIDE (metal_segment_data_source_start = LOADADDR (.data))
                0x0000000080000000                PROVIDE (metal_segment_data_target_start = ADDR (.data))
                0x0000000080000af0                PROVIDE (metal_segment_data_target_end = (ADDR (.tdata) + SIZEOF (.tdata)))

.tbss           0x0000000080000af0        0x0
 *(.tbss .tbss.* .gnu.linkonce.tb.*)
 *(.tcommon .tcommon.*)
                [!provide]                        PROVIDE (__tls_end = .)
                0x0000000000000000                PROVIDE (__tbss_size = SIZEOF (.tbss))
                [!provide]                        PROVIDE (__tls_size = (__tls_end - __tls_base))

.tbss_space     0x0000000080000af0        0x0
                0x0000000080000af0                . = (. + __tbss_size)

.bss            0x0000000080000af0        0xc
 *(.sbss*)
 .sbss.__malloc_free_list
                0x0000000080000af0        0x4 /home/shihao/.platformio/packages/toolchain-riscv/bin/../lib/gcc/riscv64-unknown-elf/8.3.0/../../../../riscv64-unknown-elf/lib/rv32imac/ilp32/libc_nano.a(lib_a-nano-mallocr.o)
                0x0000000080000af0                __malloc_free_list
 .sbss.__malloc_sbrk_start
                0x0000000080000af4        0x4 /home/shihao/.platformio/packages/toolchain-riscv/bin/../lib/gcc/riscv64-unknown-elf/8.3.0/../../../../riscv64-unknown-elf/lib/rv32imac/ilp32/libc_nano.a(lib_a-nano-mallocr.o)
                0x0000000080000af4                __malloc_sbrk_start
 *(.gnu.linkonce.sb.*)
 *(.bss .bss.*)
 *(.gnu.linkonce.b.*)
 *(COMMON)
 COMMON         0x0000000080000af8        0x4 /home/shihao/.platformio/packages/toolchain-riscv/bin/../lib/gcc/riscv64-unknown-elf/8.3.0/../../../../riscv64-unknown-elf/lib/rv32imac/ilp32/libc_nano.a(lib_a-reent.o)
                0x0000000080000af8                errno
                [!provide]                        PROVIDE (metal_segment_bss_source_start = LOADADDR (.tbss))
                0x0000000080000af0                PROVIDE (metal_segment_bss_target_start = ADDR (.tbss))
                0x0000000080000afc                PROVIDE (metal_segment_bss_target_end = (ADDR (.bss) + SIZEOF (.bss)))

.stack          0x0000000080000b00      0x400
                [!provide]                        PROVIDE (metal_segment_stack_begin = .)
                0x0000000080000f00                . = (. + __stack_size)
 *fill*         0x0000000080000b00      0x400 
                0x0000000080000f00                PROVIDE (_sp = .)
                [!provide]                        PROVIDE (metal_segment_stack_end = .)

.heap           0x0000000080000f00      0x800
                [!provide]                        PROVIDE (__end = .)
                [!provide]                        PROVIDE (__heap_start = .)
                0x0000000080000f00                PROVIDE (metal_segment_heap_target_start = .)
                0x0000000000000800                . = DEFINED (__heap_max)?MIN ((LENGTH (ram) - (. - ORIGIN (ram))), 0x10000000):__heap_size
 *fill*         0x0000000080000f00      0x800 
                0x0000000080001700                PROVIDE (metal_segment_heap_target_end = .)
                [!provide]                        PROVIDE (_heap_end = .)
                [!provide]                        PROVIDE (__heap_end = .)

/DISCARD/
 *(.eh_frame .eh_frame.*)
OUTPUT(.pio/build/hi5-startup/firmware.elf elf32-littleriscv)

.debug_info     0x0000000000000000    0x4114b
 .debug_info    0x0000000000000000     0xc5ce .pio/build/hi5-startup/src/riscv-startup/main.o
 .debug_info    0x000000000000c5ce     0x5577 .pio/build/hi5-startup/src/riscv-startup/startup.o
 .debug_info    0x0000000000011b45      0x983 .pio/build/hi5-startup/libmetal-gloss.a(sys_close.o)
 .debug_info    0x00000000000124c8      0xbc3 .pio/build/hi5-startup/libmetal-gloss.a(sys_fstat.o)
 .debug_info    0x000000000001308b       0xf5 .pio/build/hi5-startup/libmetal-gloss.a(sys_isatty.o)
 .debug_info    0x0000000000013180      0x9bb .pio/build/hi5-startup/libmetal-gloss.a(sys_lseek.o)
 .debug_info    0x0000000000013b3b      0x9bb .pio/build/hi5-startup/libmetal-gloss.a(sys_read.o)
 .debug_info    0x00000000000144f6      0x11a .pio/build/hi5-startup/libmetal-gloss.a(sys_sbrk.o)
 .debug_info    0x0000000000014610      0xad9 .pio/build/hi5-startup/libmetal-gloss.a(sys_times.o)
 .debug_info    0x00000000000150e9      0xaaa .pio/build/hi5-startup/libmetal-gloss.a(sys_write.o)
 .debug_info    0x0000000000015b93     0x1245 /home/shihao/.platformio/packages/toolchain-riscv/bin/../lib/gcc/riscv64-unknown-elf/8.3.0/rv32imac/ilp32/libgcc.a(_udivdi3.o)
 .debug_info    0x0000000000016dd8     0x12a3 /home/shihao/.platformio/packages/toolchain-riscv/bin/../lib/gcc/riscv64-unknown-elf/8.3.0/rv32imac/ilp32/libgcc.a(_umoddi3.o)
 .debug_info    0x000000000001807b      0xb6a /home/shihao/.platformio/packages/toolchain-riscv/bin/../lib/gcc/riscv64-unknown-elf/8.3.0/rv32imac/ilp32/libgcc.a(_clz.o)
 .debug_info    0x0000000000018be5     0x25c1 .pio/build/hi5-startup/libmetal.a(cpu.o)
 .debug_info    0x000000000001b1a6     0x20d2 .pio/build/hi5-startup/libmetal.a(inline.o)
 .debug_info    0x000000000001d278     0x29f8 .pio/build/hi5-startup/libmetal.a(riscv_clint0.o)
 .debug_info    0x000000000001fc70     0x4465 .pio/build/hi5-startup/libmetal.a(riscv_cpu.o)
 .debug_info    0x00000000000240d5     0x2d51 .pio/build/hi5-startup/libmetal.a(riscv_plic0.o)
 .debug_info    0x0000000000026e26     0x2265 .pio/build/hi5-startup/libmetal.a(sifive_fe310-g000_hfrosc.o)
 .debug_info    0x000000000002908b     0x2265 .pio/build/hi5-startup/libmetal.a(sifive_fe310-g000_hfxosc.o)
 .debug_info    0x000000000002b2f0     0x31d1 .pio/build/hi5-startup/libmetal.a(sifive_fe310-g000_pll.o)
 .debug_info    0x000000000002e4c1     0x21a5 .pio/build/hi5-startup/libmetal.a(sifive_fe310-g000_prci.o)
 .debug_info    0x0000000000030666     0x2722 .pio/build/hi5-startup/libmetal.a(sifive_gpio0.o)
 .debug_info    0x0000000000032d88     0x2a4e .pio/build/hi5-startup/libmetal.a(sifive_uart0.o)
 .debug_info    0x00000000000357d6     0x21ac .pio/build/hi5-startup/libmetal.a(shutdown.o)
 .debug_info    0x0000000000037982     0x2bbb .pio/build/hi5-startup/libmetal.a(timer.o)
 .debug_info    0x000000000003a53d     0x221e .pio/build/hi5-startup/libmetal.a(tty.o)
 .debug_info    0x000000000003c75b     0x2503 .pio/build/hi5-startup/libmetal.a(uart.o)
 .debug_info    0x000000000003ec5e      0x32a .pio/build/hi5-startup/libmetal.a(clock.o)
 .debug_info    0x000000000003ef88     0x21c3 .pio/build/hi5-startup/libmetal.a(fixed-clock.o)

.debug_abbrev   0x0000000000000000     0x577e
 .debug_abbrev  0x0000000000000000      0xa5e .pio/build/hi5-startup/src/riscv-startup/main.o
 .debug_abbrev  0x0000000000000a5e      0x757 .pio/build/hi5-startup/src/riscv-startup/startup.o
 .debug_abbrev  0x00000000000011b5      0x1c9 .pio/build/hi5-startup/libmetal-gloss.a(sys_close.o)
 .debug_abbrev  0x000000000000137e      0x1da .pio/build/hi5-startup/libmetal-gloss.a(sys_fstat.o)
 .debug_abbrev  0x0000000000001558       0x73 .pio/build/hi5-startup/libmetal-gloss.a(sys_isatty.o)
 .debug_abbrev  0x00000000000015cb      0x1da .pio/build/hi5-startup/libmetal-gloss.a(sys_lseek.o)
 .debug_abbrev  0x00000000000017a5      0x1da .pio/build/hi5-startup/libmetal-gloss.a(sys_read.o)
 .debug_abbrev  0x000000000000197f       0xc9 .pio/build/hi5-startup/libmetal-gloss.a(sys_sbrk.o)
 .debug_abbrev  0x0000000000001a48      0x26f .pio/build/hi5-startup/libmetal-gloss.a(sys_times.o)
 .debug_abbrev  0x0000000000001cb7      0x245 .pio/build/hi5-startup/libmetal-gloss.a(sys_write.o)
 .debug_abbrev  0x0000000000001efc      0x2cc /home/shihao/.platformio/packages/toolchain-riscv/bin/../lib/gcc/riscv64-unknown-elf/8.3.0/rv32imac/ilp32/libgcc.a(_udivdi3.o)
 .debug_abbrev  0x00000000000021c8      0x2e8 /home/shihao/.platformio/packages/toolchain-riscv/bin/../lib/gcc/riscv64-unknown-elf/8.3.0/rv32imac/ilp32/libgcc.a(_umoddi3.o)
 .debug_abbrev  0x00000000000024b0      0x1e8 /home/shihao/.platformio/packages/toolchain-riscv/bin/../lib/gcc/riscv64-unknown-elf/8.3.0/rv32imac/ilp32/libgcc.a(_clz.o)
 .debug_abbrev  0x0000000000002698      0x24a .pio/build/hi5-startup/libmetal.a(cpu.o)
 .debug_abbrev  0x00000000000028e2      0x176 .pio/build/hi5-startup/libmetal.a(inline.o)
 .debug_abbrev  0x0000000000002a58      0x46f .pio/build/hi5-startup/libmetal.a(riscv_clint0.o)
 .debug_abbrev  0x0000000000002ec7      0x59e .pio/build/hi5-startup/libmetal.a(riscv_cpu.o)
 .debug_abbrev  0x0000000000003465      0x43f .pio/build/hi5-startup/libmetal.a(riscv_plic0.o)
 .debug_abbrev  0x00000000000038a4      0x290 .pio/build/hi5-startup/libmetal.a(sifive_fe310-g000_hfrosc.o)
 .debug_abbrev  0x0000000000003b34      0x285 .pio/build/hi5-startup/libmetal.a(sifive_fe310-g000_hfxosc.o)
 .debug_abbrev  0x0000000000003db9      0x546 .pio/build/hi5-startup/libmetal.a(sifive_fe310-g000_pll.o)
 .debug_abbrev  0x00000000000042ff      0x1e9 .pio/build/hi5-startup/libmetal.a(sifive_fe310-g000_prci.o)
 .debug_abbrev  0x00000000000044e8      0x272 .pio/build/hi5-startup/libmetal.a(sifive_gpio0.o)
 .debug_abbrev  0x000000000000475a      0x3a3 .pio/build/hi5-startup/libmetal.a(sifive_uart0.o)
 .debug_abbrev  0x0000000000004afd      0x205 .pio/build/hi5-startup/libmetal.a(shutdown.o)
 .debug_abbrev  0x0000000000004d02      0x2c5 .pio/build/hi5-startup/libmetal.a(timer.o)
 .debug_abbrev  0x0000000000004fc7      0x22e .pio/build/hi5-startup/libmetal.a(tty.o)
 .debug_abbrev  0x00000000000051f5      0x1ec .pio/build/hi5-startup/libmetal.a(uart.o)
 .debug_abbrev  0x00000000000053e1      0x171 .pio/build/hi5-startup/libmetal.a(clock.o)
 .debug_abbrev  0x0000000000005552      0x22c .pio/build/hi5-startup/libmetal.a(fixed-clock.o)

.debug_loc      0x0000000000000000     0x6e19
 .debug_loc     0x0000000000000000      0x1b8 .pio/build/hi5-startup/src/riscv-startup/main.o
 .debug_loc     0x00000000000001b8       0x9f .pio/build/hi5-startup/src/riscv-startup/startup.o
 .debug_loc     0x0000000000000257       0x21 .pio/build/hi5-startup/libmetal-gloss.a(sys_close.o)
 .debug_loc     0x0000000000000278       0x42 .pio/build/hi5-startup/libmetal-gloss.a(sys_fstat.o)
 .debug_loc     0x00000000000002ba       0x2e .pio/build/hi5-startup/libmetal-gloss.a(sys_isatty.o)
 .debug_loc     0x00000000000002e8       0x63 .pio/build/hi5-startup/libmetal-gloss.a(sys_lseek.o)
 .debug_loc     0x000000000000034b       0x63 .pio/build/hi5-startup/libmetal-gloss.a(sys_read.o)
 .debug_loc     0x00000000000003ae       0x65 .pio/build/hi5-startup/libmetal-gloss.a(sys_sbrk.o)
 .debug_loc     0x0000000000000413       0x3f .pio/build/hi5-startup/libmetal-gloss.a(sys_times.o)
 .debug_loc     0x0000000000000452      0x14d .pio/build/hi5-startup/libmetal-gloss.a(sys_write.o)
 .debug_loc     0x000000000000059f      0xbd0 /home/shihao/.platformio/packages/toolchain-riscv/bin/../lib/gcc/riscv64-unknown-elf/8.3.0/rv32imac/ilp32/libgcc.a(_udivdi3.o)
 .debug_loc     0x000000000000116f      0x969 /home/shihao/.platformio/packages/toolchain-riscv/bin/../lib/gcc/riscv64-unknown-elf/8.3.0/rv32imac/ilp32/libgcc.a(_umoddi3.o)
 .debug_loc     0x0000000000001ad8      0x37a .pio/build/hi5-startup/libmetal.a(cpu.o)
 .debug_loc     0x0000000000001e52      0x94f .pio/build/hi5-startup/libmetal.a(riscv_clint0.o)
 .debug_loc     0x00000000000027a1     0x1cf9 .pio/build/hi5-startup/libmetal.a(riscv_cpu.o)
 .debug_loc     0x000000000000449a      0xd66 .pio/build/hi5-startup/libmetal.a(riscv_plic0.o)
 .debug_loc     0x0000000000005200       0x76 .pio/build/hi5-startup/libmetal.a(sifive_fe310-g000_hfrosc.o)
 .debug_loc     0x0000000000005276       0x81 .pio/build/hi5-startup/libmetal.a(sifive_fe310-g000_hfxosc.o)
 .debug_loc     0x00000000000052f7      0x3eb .pio/build/hi5-startup/libmetal.a(sifive_fe310-g000_pll.o)
 .debug_loc     0x00000000000056e2       0x8a .pio/build/hi5-startup/libmetal.a(sifive_fe310-g000_prci.o)
 .debug_loc     0x000000000000576c      0x6c4 .pio/build/hi5-startup/libmetal.a(sifive_gpio0.o)
 .debug_loc     0x0000000000005e30      0x846 .pio/build/hi5-startup/libmetal.a(sifive_uart0.o)
 .debug_loc     0x0000000000006676       0x42 .pio/build/hi5-startup/libmetal.a(shutdown.o)
 .debug_loc     0x00000000000066b8      0x192 .pio/build/hi5-startup/libmetal.a(timer.o)
 .debug_loc     0x000000000000684a       0x58 .pio/build/hi5-startup/libmetal.a(tty.o)
 .debug_loc     0x00000000000068a2      0x310 .pio/build/hi5-startup/libmetal.a(uart.o)
 .debug_loc     0x0000000000006bb2      0x1d3 .pio/build/hi5-startup/libmetal.a(clock.o)
 .debug_loc     0x0000000000006d85       0x94 .pio/build/hi5-startup/libmetal.a(fixed-clock.o)

.debug_aranges  0x0000000000000000      0x9b0
 .debug_aranges
                0x0000000000000000       0x28 .pio/build/hi5-startup/src/riscv-startup/main.o
 .debug_aranges
                0x0000000000000028       0x30 .pio/build/hi5-startup/src/riscv-startup/startup.o
 .debug_aranges
                0x0000000000000058       0x20 .pio/build/hi5-startup/libmetal-gloss.a(sys_close.o)
 .debug_aranges
                0x0000000000000078       0x20 .pio/build/hi5-startup/libmetal-gloss.a(sys_fstat.o)
 .debug_aranges
                0x0000000000000098       0x20 .pio/build/hi5-startup/libmetal-gloss.a(sys_isatty.o)
 .debug_aranges
                0x00000000000000b8       0x20 .pio/build/hi5-startup/libmetal-gloss.a(sys_lseek.o)
 .debug_aranges
                0x00000000000000d8       0x20 .pio/build/hi5-startup/libmetal-gloss.a(sys_read.o)
 .debug_aranges
                0x00000000000000f8       0x28 .pio/build/hi5-startup/libmetal-gloss.a(sys_sbrk.o)
 .debug_aranges
                0x0000000000000120       0x20 .pio/build/hi5-startup/libmetal-gloss.a(sys_times.o)
 .debug_aranges
                0x0000000000000140       0x20 .pio/build/hi5-startup/libmetal-gloss.a(sys_write.o)
 .debug_aranges
                0x0000000000000160       0x20 /home/shihao/.platformio/packages/toolchain-riscv/bin/../lib/gcc/riscv64-unknown-elf/8.3.0/rv32imac/ilp32/libgcc.a(_udivdi3.o)
 .debug_aranges
                0x0000000000000180       0x20 /home/shihao/.platformio/packages/toolchain-riscv/bin/../lib/gcc/riscv64-unknown-elf/8.3.0/rv32imac/ilp32/libgcc.a(_umoddi3.o)
 .debug_aranges
                0x00000000000001a0       0x18 /home/shihao/.platformio/packages/toolchain-riscv/bin/../lib/gcc/riscv64-unknown-elf/8.3.0/rv32imac/ilp32/libgcc.a(_clz.o)
 .debug_aranges
                0x00000000000001b8       0xb8 .pio/build/hi5-startup/libmetal.a(cpu.o)
 .debug_aranges
                0x0000000000000270       0x18 .pio/build/hi5-startup/libmetal.a(inline.o)
 .debug_aranges
                0x0000000000000288       0x80 .pio/build/hi5-startup/libmetal.a(riscv_clint0.o)
 .debug_aranges
                0x0000000000000308      0x250 .pio/build/hi5-startup/libmetal.a(riscv_cpu.o)
 .debug_aranges
                0x0000000000000558       0xb0 .pio/build/hi5-startup/libmetal.a(riscv_plic0.o)
 .debug_aranges
                0x0000000000000608       0x28 .pio/build/hi5-startup/libmetal.a(sifive_fe310-g000_hfrosc.o)
 .debug_aranges
                0x0000000000000630       0x28 .pio/build/hi5-startup/libmetal.a(sifive_fe310-g000_hfxosc.o)
 .debug_aranges
                0x0000000000000658       0x50 .pio/build/hi5-startup/libmetal.a(sifive_fe310-g000_pll.o)
 .debug_aranges
                0x00000000000006a8       0x28 .pio/build/hi5-startup/libmetal.a(sifive_fe310-g000_prci.o)
 .debug_aranges
                0x00000000000006d0       0x90 .pio/build/hi5-startup/libmetal.a(sifive_gpio0.o)
 .debug_aranges
                0x0000000000000760       0xb0 .pio/build/hi5-startup/libmetal.a(sifive_uart0.o)
 .debug_aranges
                0x0000000000000810       0x28 .pio/build/hi5-startup/libmetal.a(shutdown.o)
 .debug_aranges
                0x0000000000000838       0x38 .pio/build/hi5-startup/libmetal.a(timer.o)
 .debug_aranges
                0x0000000000000870       0x30 .pio/build/hi5-startup/libmetal.a(tty.o)
 .debug_aranges
                0x00000000000008a0       0xa0 .pio/build/hi5-startup/libmetal.a(uart.o)
 .debug_aranges
                0x0000000000000940       0x48 .pio/build/hi5-startup/libmetal.a(clock.o)
 .debug_aranges
                0x0000000000000988       0x28 .pio/build/hi5-startup/libmetal.a(fixed-clock.o)

.debug_ranges   0x0000000000000000     0x14a0
 .debug_ranges  0x0000000000000000      0x130 .pio/build/hi5-startup/src/riscv-startup/main.o
 .debug_ranges  0x0000000000000130       0x68 .pio/build/hi5-startup/src/riscv-startup/startup.o
 .debug_ranges  0x0000000000000198       0x10 .pio/build/hi5-startup/libmetal-gloss.a(sys_close.o)
 .debug_ranges  0x00000000000001a8       0x10 .pio/build/hi5-startup/libmetal-gloss.a(sys_fstat.o)
 .debug_ranges  0x00000000000001b8       0x10 .pio/build/hi5-startup/libmetal-gloss.a(sys_isatty.o)
 .debug_ranges  0x00000000000001c8       0x10 .pio/build/hi5-startup/libmetal-gloss.a(sys_lseek.o)
 .debug_ranges  0x00000000000001d8       0x10 .pio/build/hi5-startup/libmetal-gloss.a(sys_read.o)
 .debug_ranges  0x00000000000001e8       0x18 .pio/build/hi5-startup/libmetal-gloss.a(sys_sbrk.o)
 .debug_ranges  0x0000000000000200       0x38 .pio/build/hi5-startup/libmetal-gloss.a(sys_times.o)
 .debug_ranges  0x0000000000000238       0x28 .pio/build/hi5-startup/libmetal-gloss.a(sys_write.o)
 .debug_ranges  0x0000000000000260      0x100 /home/shihao/.platformio/packages/toolchain-riscv/bin/../lib/gcc/riscv64-unknown-elf/8.3.0/rv32imac/ilp32/libgcc.a(_udivdi3.o)
 .debug_ranges  0x0000000000000360       0xd0 /home/shihao/.platformio/packages/toolchain-riscv/bin/../lib/gcc/riscv64-unknown-elf/8.3.0/rv32imac/ilp32/libgcc.a(_umoddi3.o)
 .debug_ranges  0x0000000000000430       0xa8 .pio/build/hi5-startup/libmetal.a(cpu.o)
 .debug_ranges  0x00000000000004d8      0x1b0 .pio/build/hi5-startup/libmetal.a(riscv_clint0.o)
 .debug_ranges  0x0000000000000688      0x7c0 .pio/build/hi5-startup/libmetal.a(riscv_cpu.o)
 .debug_ranges  0x0000000000000e48      0x1a8 .pio/build/hi5-startup/libmetal.a(riscv_plic0.o)
 .debug_ranges  0x0000000000000ff0       0x18 .pio/build/hi5-startup/libmetal.a(sifive_fe310-g000_hfrosc.o)
 .debug_ranges  0x0000000000001008       0x18 .pio/build/hi5-startup/libmetal.a(sifive_fe310-g000_hfxosc.o)
 .debug_ranges  0x0000000000001020       0x80 .pio/build/hi5-startup/libmetal.a(sifive_fe310-g000_pll.o)
 .debug_ranges  0x00000000000010a0       0x18 .pio/build/hi5-startup/libmetal.a(sifive_fe310-g000_prci.o)
 .debug_ranges  0x00000000000010b8       0xb0 .pio/build/hi5-startup/libmetal.a(sifive_gpio0.o)
 .debug_ranges  0x0000000000001168      0x1b0 .pio/build/hi5-startup/libmetal.a(sifive_uart0.o)
 .debug_ranges  0x0000000000001318       0x18 .pio/build/hi5-startup/libmetal.a(shutdown.o)
 .debug_ranges  0x0000000000001330       0x28 .pio/build/hi5-startup/libmetal.a(timer.o)
 .debug_ranges  0x0000000000001358       0x20 .pio/build/hi5-startup/libmetal.a(tty.o)
 .debug_ranges  0x0000000000001378       0x90 .pio/build/hi5-startup/libmetal.a(uart.o)
 .debug_ranges  0x0000000000001408       0x38 .pio/build/hi5-startup/libmetal.a(clock.o)
 .debug_ranges  0x0000000000001440       0x60 .pio/build/hi5-startup/libmetal.a(fixed-clock.o)

.debug_line     0x0000000000000000     0xe741
 .debug_line    0x0000000000000000      0x8c4 .pio/build/hi5-startup/src/riscv-startup/main.o
 .debug_line    0x00000000000008c4      0x676 .pio/build/hi5-startup/src/riscv-startup/startup.o
 .debug_line    0x0000000000000f3a      0x1ab .pio/build/hi5-startup/libmetal-gloss.a(sys_close.o)
 .debug_line    0x00000000000010e5      0x290 .pio/build/hi5-startup/libmetal-gloss.a(sys_fstat.o)
 .debug_line    0x0000000000001375      0x102 .pio/build/hi5-startup/libmetal-gloss.a(sys_isatty.o)
 .debug_line    0x0000000000001477      0x1b6 .pio/build/hi5-startup/libmetal-gloss.a(sys_lseek.o)
 .debug_line    0x000000000000162d      0x1b5 .pio/build/hi5-startup/libmetal-gloss.a(sys_read.o)
 .debug_line    0x00000000000017e2      0x1a9 .pio/build/hi5-startup/libmetal-gloss.a(sys_sbrk.o)
 .debug_line    0x000000000000198b      0x351 .pio/build/hi5-startup/libmetal-gloss.a(sys_times.o)
 .debug_line    0x0000000000001cdc      0x244 .pio/build/hi5-startup/libmetal-gloss.a(sys_write.o)
 .debug_line    0x0000000000001f20      0x9fc /home/shihao/.platformio/packages/toolchain-riscv/bin/../lib/gcc/riscv64-unknown-elf/8.3.0/rv32imac/ilp32/libgcc.a(_udivdi3.o)
 .debug_line    0x000000000000291c      0xaac /home/shihao/.platformio/packages/toolchain-riscv/bin/../lib/gcc/riscv64-unknown-elf/8.3.0/rv32imac/ilp32/libgcc.a(_umoddi3.o)
 .debug_line    0x00000000000033c8      0x338 /home/shihao/.platformio/packages/toolchain-riscv/bin/../lib/gcc/riscv64-unknown-elf/8.3.0/rv32imac/ilp32/libgcc.a(_clz.o)
 .debug_line    0x0000000000003700      0x7e3 .pio/build/hi5-startup/libmetal.a(cpu.o)
 .debug_line    0x0000000000003ee3      0x407 .pio/build/hi5-startup/libmetal.a(inline.o)
 .debug_line    0x00000000000042ea      0xd8b .pio/build/hi5-startup/libmetal.a(riscv_clint0.o)
 .debug_line    0x0000000000005075     0x28ac .pio/build/hi5-startup/libmetal.a(riscv_cpu.o)
 .debug_line    0x0000000000007921      0xfef .pio/build/hi5-startup/libmetal.a(riscv_plic0.o)
 .debug_line    0x0000000000008910      0x5a5 .pio/build/hi5-startup/libmetal.a(sifive_fe310-g000_hfrosc.o)
 .debug_line    0x0000000000008eb5      0x59d .pio/build/hi5-startup/libmetal.a(sifive_fe310-g000_hfxosc.o)
 .debug_line    0x0000000000009452      0xd98 .pio/build/hi5-startup/libmetal.a(sifive_fe310-g000_pll.o)
 .debug_line    0x000000000000a1ea      0x509 .pio/build/hi5-startup/libmetal.a(sifive_fe310-g000_prci.o)
 .debug_line    0x000000000000a6f3     0x1116 .pio/build/hi5-startup/libmetal.a(sifive_gpio0.o)
 .debug_line    0x000000000000b809      0xf6a .pio/build/hi5-startup/libmetal.a(sifive_uart0.o)
 .debug_line    0x000000000000c773      0x4ce .pio/build/hi5-startup/libmetal.a(shutdown.o)
 .debug_line    0x000000000000cc41      0x6a1 .pio/build/hi5-startup/libmetal.a(timer.o)
 .debug_line    0x000000000000d2e2      0x500 .pio/build/hi5-startup/libmetal.a(tty.o)
 .debug_line    0x000000000000d7e2      0x763 .pio/build/hi5-startup/libmetal.a(uart.o)
 .debug_line    0x000000000000df45      0x266 .pio/build/hi5-startup/libmetal.a(clock.o)
 .debug_line    0x000000000000e1ab      0x596 .pio/build/hi5-startup/libmetal.a(fixed-clock.o)

.debug_str      0x0000000000000000    0x15935
 .debug_str     0x0000000000000000    0x106e6 .pio/build/hi5-startup/src/riscv-startup/main.o
                                      0x10c9a (size before relaxing)
 .debug_str     0x00000000000106e6      0x4ec .pio/build/hi5-startup/src/riscv-startup/startup.o
                                       0x742e (size before relaxing)
 .debug_str     0x0000000000010bd2      0x127 .pio/build/hi5-startup/libmetal-gloss.a(sys_close.o)